✔ [611/625] Built Vir.Resources.Types (502ms)
✔ [612/625] Built Vir.Resources.Types:c.o (394ms)
✔ [613/625] Built Vir.Resources.Validate (732ms)
✔ [614/625] Built Vir.Resources (256ms)
✔ [615/625] Built Vir.Resources.Pack (497ms)
✔ [617/625] Built VersoSlides.VirResourceSite (354ms)
✔ [618/625] Built Vir.Resources.Validate:c.o (1.3s)
✔ [619/625] Built Vir.Resources.Build (901ms)
✔ [621/625] Built tools.VirResourcePack (982ms)
✔ [623/625] Built vir_resource_pack:exe (658ms)
✔ [627/637] Built Vir.BinaryLiteral (276ms)
✔ [628/637] Built Vir.BinaryLiteral.ToExpr (239ms)
✔ [629/637] Built Vir.Resources.Program (576ms)
✔ [630/637] Built Vir.Resources.Embed (556ms)
✔ [631/637] Built Vir.Resources.Program:c.o (774ms)
✔ [632/637] Built tools.VirResourceProgram (1.2s)
✔ [633/637] Built tools.VirResourceProgram:c.o (521ms)
✔ [634/700] Built vir_resource_program:exe (675ms)
ℹ [693/700] Replayed VersoSlides.VirPrettyM
info: VersoSlides/VirPrettyM.lean:14:2: deferred validation of imported dependency `VersoSlides.Pretty.formatSegments` (via VersoSlides.VirPrettyM.formatSegments -> VersoSlides.Pretty.formatSegments) because its compiled IR is opaque in this module; `:vir` package generation loads and validates the owning module's compiled IR
✔ [694/700] Built tools.VirProgram (1.1s)
✔ [695/700] Built tools.VirProgram:c.o (486ms)
✔ [696/700] Built vir_program:exe (861ms)
ℹ [697/700] Built «verso-slides»/VersoSlides.VirPrettyM:virProgram (1.0s)
info: stdout:
wrote /tmp/tmp.XXekOIh3/program.irpkg-set.json
wrote /tmp/tmp.XXekOIh3/program.irpkg
wrote /tmp/tmp.XXekOIh3/report.md
package set members: 8
package format: 11
declarations: 135 (110 Lean IR, 25 native externs)
interface exports: 1
ℹ [698/713] Built «verso-slides»/VersoSlidesVirPrettyMResources:virResourcePack (57ms)
info: stdout:
97b280b7c42cbed3783f31c98f7753d6eab5b9707f49f6cfbacdde2c0350ef58
✔ [733/764] Built Vir.BinaryLiteral.ToExpr:c.o (84ms)
✔ [734/764] Built Vir.BinaryLiteral:c.o (274ms)
✔ [735/764] Built Vir.Resources.Embed:c.o (319ms)
✔ [736/764] Built VersoSlides.VirPrettyMResources (1.3s)
✔ [737/764] Built VersoSlides.VirPrettyMResources:c.o (98ms)
✔ [738/764] Built Vir.Resources.Runtime (7.8s)
✔ [739/764] Built Vir.Resources.Runtime:c.o (100ms)
✔ [740/764] Built VersoSlides.VirResources (398ms)
✔ [742/764] Built Tests.VirPublication (983ms)
✔ [743/764] Built Tests.VirPublication:c.o (943ms)
✔ [744/764] Built VersoSlides.Render (2.5s)
✔ [746/764] Built «test-vir-publication»:exe (673ms)
✔ [747/764] Built VersoSlides (615ms)
✔ [749/764] Built Tests.Render (772ms)
✔ [751/764] Built Tests.ConfigValidation (877ms)
✔ [753/764] Built «test-render»:exe (800ms)
✔ [754/764] Built TestFixtures.MinimalThemed (993ms)
✔ [756/764] Built «test-config-validation»:exe (766ms)
✔ [757/764] Built Tests.AssetInstallation (857ms)
✔ [759/764] Built «test-asset-installation»:exe (815ms)
✔ [760/764] Built Demo (12s)
✔ [762/764] Built Main (893ms)
✔ [764/764] Built «demo-slides»:exe (759ms)
Build completed successfully (764 jobs).
