✔ inclusive small input budgets and one over (2.410066ms)
✔ strict constructors, exact numeric scalars, Unicode and cyclic input (2.34242ms)
✔ admission rejects before ABI calls; finite v2 failures leave adapter usable (0.721838ms)
✔ plain text and hard lines survive HTML escaping exactly (2.527307ms)
✔ full exact tag stacks survive; nearest registered annotation owns presentation (4.427424ms)
✔ annotation classes and binding attributes cannot introduce HTML attributes (0.883242ms)
✔ goal structure shares indexed formats and escapes names/prefixes (0.975506ms)
✔ pixel-to-column conversion calls only the typed VIR facade without changing text (1.085593ms)
✔ one DOM measurer accounts for Reveal scaling and releases its probe (0.857143ms)
✔ shared signature rendering always releases measurement (success) (1.056589ms)
✔ shared signature rendering always releases measurement (failure) (0.674951ms)
✔ shared goal rendering always releases measurement (success) (0.824291ms)
✔ shared goal rendering always releases measurement (failure) (0.957783ms)
✔ formatting failure reports raw evidence and deliberate presentation (0.744612ms)
✔ loading notification import-retry preserves the observed current promise without unhandled errors (51.520628ms)
✔ loading notification creation-retry preserves the observed current promise without unhandled errors (41.490629ms)
✔ loading notification terminal preserves the observed current promise without unhandled errors (31.484243ms)
✔ loading notification persisted preserves the observed current promise without unhandled errors (30.439547ms)
✔ pending creation receives independent expectedExports/signal; pagehide aborts without a facade (3.008223ms)
✔ cancellation before import finishes skips creation and cannot publish a facade (1.04627ms)
✔ retry before module acquisition completes only starts the latest creation (1.145596ms)
✔ late success during creation is disposed once and never handed off (0.912067ms)
✔ slow initialization shows loading without publishing a facade (0.742568ms)
✔ failure keeps raw diagnostics and explicit button retry owns a fresh program (1.065436ms)
✔ overlapping attempts (old first) never install an obsolete success (0.701831ms)
✔ overlapping attempts (new first) never install an obsolete success (0.584269ms)
✔ obsolete rejection cannot replace a newer ready view with a failure (0.599669ms)
✔ ready retry and terminal pagehide contain raw disposal failure (object) (0.669501ms)
✔ ready retry and terminal pagehide contain raw disposal failure (object) (0.546599ms)
✔ ready retry and terminal pagehide contain raw disposal failure (undefined) (0.494852ms)
✔ late obsolete retry success reports raw cleanup failure (object) (0.66404ms)
✔ late obsolete retry success reports raw cleanup failure (object) (0.583448ms)
✔ late obsolete retry success reports raw cleanup failure (undefined) (0.583037ms)
✔ ignored retry rejection/ready cleanup (Error) and throwing diagnostics produce no unhandled errors (31.000072ms)
✔ ignored retry rejection/ready cleanup (null) and throwing diagnostics produce no unhandled errors (33.965354ms)
✔ ignored retry rejection/ready cleanup (undefined) and throwing diagnostics produce no unhandled errors (33.790936ms)
✔ obsolete cancellation reports own raw cleanup evidence (undefined) (1.120599ms)
✔ obsolete cancellation reports own raw cleanup evidence (object) (0.703103ms)
✔ obsolete cancellation reports own raw cleanup evidence (object) (1.386219ms)
✔ resolved lifetime preserves bfcache and disposes on terminal pagehide (0.7117ms)
✔ late disposal throwing Error retains/reports evidence without an unhandled rejection (33.802116ms)
✔ late disposal throwing null retains/reports evidence without an unhandled rejection (31.340002ms)
✔ late disposal throwing undefined retains/reports evidence without an unhandled rejection (30.466338ms)
✔ late disposal diagnostics tolerate a throwing reporting sink (33.995109ms)
✔ arbitrary creation rejection (null) reports without coercion or a secondary unhandled rejection (30.440048ms)
✔ arbitrary creation rejection (undefined) reports without coercion or a secondary unhandled rejection (34.203872ms)
✔ arbitrary creation rejection (primitive) reports without coercion or a secondary unhandled rejection (32.142021ms)
✔ arbitrary creation rejection (proxy) reports without coercion or a secondary unhandled rejection (31.315485ms)
✔ arbitrary creation rejection (sink) reports without coercion or a secondary unhandled rejection (33.559409ms)
✔ primary creation wrapper/context and untouched raw cause are logged (1.162619ms)
ℹ tests 50
ℹ suites 0
ℹ pass 50
ℹ fail 0
ℹ cancelled 0
ℹ skipped 0
ℹ todo 0
ℹ duration_ms 631.159329
