ℹ [697/700] Replayed VersoSlides.VirPrettyM
info: VersoSlides/VirPrettyM.lean:14:2: deferred validation of imported dependency `VersoSlides.Pretty.formatSegments` (via VersoSlides.VirPrettyM.formatSegments -> VersoSlides.Pretty.formatSegments) because its compiled IR is opaque in this module; `:vir` package generation loads and validates the owning module's compiled IR
ℹ [698/700] Replayed «verso-slides»/VersoSlides.VirPrettyM:virProgram
info: stdout:
wrote /tmp/tmp.XXsONSBJ/program.irpkg-set.json
wrote /tmp/tmp.XXsONSBJ/program.irpkg
wrote /tmp/tmp.XXsONSBJ/report.md
package set members: 8
package format: 11
declarations: 135 (110 Lean IR, 25 native externs)
interface exports: 1
ℹ [699/713] Replayed «verso-slides»/VersoSlidesVirPrettyMResources:virResourcePack
info: stdout:
97b280b7c42cbed3783f31c98f7753d6eab5b9707f49f6cfbacdde2c0350ef58
✔ [749/754] Built Tests.VirPublication (787ms)
✔ [750/754] Built Tests.AssetInstallation (746ms)
✔ [751/754] Built Tests.AssetInstallation:c.o (273ms)
✔ [752/754] Built Tests.VirPublication:c.o (800ms)
✔ [753/754] Built «test-asset-installation»:exe (754ms)
✔ [754/754] Built «test-vir-publication»:exe (683ms)
Build completed successfully (754 jobs).
