✔ [3/32] Built SubVerso.Compat (3.6s)
✔ [4/32] Built SubVerso.Highlighting.Messages (584ms)
✔ [5/32] Built SubVerso.Highlighting.Messages:c.o (123ms)
✔ [6/32] Built SubVerso.Compat:c.o (2.6s)
✔ [7/32] Built SubVerso.Highlighting.Highlighted (4.4s)
✔ [8/32] Built SubVerso.Highlighting.String (718ms)
✔ [9/32] Built SubVerso.Highlighting.Split (984ms)
✔ [10/32] Built SubVerso.Highlighting.String:c.o (280ms)
✔ [11/32] Built SubVerso.Highlighting.Anchors.Basic (1.3s)
✔ [12/32] Built SubVerso.Highlighting.Export (1.8s)
✔ [13/32] Built SubVerso.Highlighting.Anchors.Check (650ms)
✔ [14/32] Built SubVerso.Highlighting.Split:c.o (1.1s)
✔ [15/32] Built SubVerso.Highlighting.Anchors.Check:c.o (384ms)
✔ [16/32] Built SubVerso.Highlighting.Anchors (488ms)
✔ [17/32] Built SubVerso.Highlighting.Anchors:c.o (69ms)
✔ [18/32] Built SubVerso.Highlighting.Anchors.Basic:c.o (2.1s)
✔ [19/32] Built SubVerso.Highlighting.Export:c.o (2.4s)
✔ [20/32] Built SubVerso.Highlighting.Highlighted:c.o (6.7s)
✔ [21/32] Built SubVerso.Highlighting.Code (8.6s)
✔ [22/32] Built SubVerso.Highlighting (675ms)
✔ [23/32] Built SubVerso.Highlighting:c.o (66ms)
✔ [24/32] Built SubVerso.Module (909ms)
✔ [25/32] Built SubVerso.Examples.Env (985ms)
✔ [26/32] Built SubVerso.Module:c.o (351ms)
✔ [27/32] Built SubVerso.Examples.Env:c.o (541ms)
✔ [28/32] Built ExtractModule (1.0s)
✔ [29/32] Built ExtractModule:c.o (480ms)
✔ [30/32] Built SubVerso.Highlighting.Code:c.o (15s)
✔ [31/74] Built «subverso-extract-mod»:exe (881ms)
✔ [36/187] Built Verso.Doc.DocName (304ms)
✔ [37/187] Built Verso.Doc.DocName:c.o (138ms)
✔ [38/187] Built VersoUtil.WfRec (588ms)
✔ [39/187] Built Verso.Output.Html.Comments (759ms)
✔ [40/187] Built Verso.Output.Html.Tags (707ms)
✔ [41/187] Built Verso.BEq (547ms)
✔ [42/187] Built Verso.CLI (583ms)
✔ [44/187] Built Verso.Output.Html.AttributeName (821ms)
✔ [45/187] Built VersoSlides.ImgSrc (746ms)
✔ [46/187] Built MultiVerso.Path (585ms)
✔ [47/187] Built Verso.Doc.DocName:dynlib (118ms)
✔ [48/187] Built VersoUtil.WfRec:c.o (168ms)
✔ [49/187] Built VersoManual.Html.Basic (832ms)
✔ [50/187] Built Verso.Hover (770ms)
✔ [51/187] Built Verso.Parser.Lean (851ms)
✔ [52/188] Built Verso.Output.Html.Comments:c.o (137ms)
✔ [53/188] Built Verso.BEq:c.o (274ms)
✔ [54/188] Built Verso.CLI:c.o (221ms)
✔ [55/188] Built MultiVerso.InternalId (831ms)
✔ [56/294] Built SubVerso.Examples.Messages.NormalizeMetavars (1.1s)
✔ [57/294] Built SubVerso.Helper.Netstring (1.2s)
✔ [58/294] Built Verso.Output.Html.Entities (1.1s)
✔ [59/294] Built Verso.Output.Html.Tags:c.o (219ms)
✔ [60/294] Built VersoUtil.WfRec:dynlib (132ms)
✔ [61/294] Built Verso.Output.Html.Comments:dynlib (140ms)
✔ [62/294] Built Verso.Hover:c.o (238ms)
✔ [63/294] Built MultiVerso.Path:c.o (360ms)
✔ [64/294] Built Verso.Output.Html.Tags:dynlib (158ms)
✔ [65/294] Built VersoUtil.LzCompress (1.3s)
✔ [66/294] Built Verso.Parser.Lean:c.o (283ms)
✔ [67/294] Built Verso.Instances.Deriving (1.2s)
✔ [68/294] Built Verso.Doc.Elab.ExpanderAttribute (661ms)
✔ [69/294] Built Verso.Doc.SourceRange (640ms)
✔ [70/294] Built SubVerso.Examples.Messages.NormalizeLineNum (1.5s)
✔ [71/294] Built Verso.Output.Html.AttributeName:c.o (500ms)
✔ [72/294] Built VersoManual.Html.Basic:c.o (448ms)
✔ [73/294] Built Verso.Hover:dynlib (117ms)
✔ [74/294] Built Verso.EnvExtension (795ms)
✔ [75/294] Built MD4Lean/md4cEntityObj (152ms)
✔ [76/294] Built Verso.BEq:dynlib (149ms)
✔ [77/294] Built Verso.CLI:dynlib (140ms)
✔ [78/294] Built MultiVerso.Path:dynlib (173ms)
✔ [79/294] Built MD4Lean/md4cHtmlObj (185ms)
✔ [80/294] Built MD4Lean/wrapperObj (259ms)
✔ [81/294] Built SubVerso.Helper.Netstring:c.o (407ms)
✔ [82/294] Built Verso.Doc.Helpers (919ms)
✔ [83/294] Built MultiVerso.InternalId:c.o (752ms)
✔ [84/294] Built Verso.Doc.SourceRange:c.o (208ms)
✔ [85/294] Built Verso.Parser.Lean:dynlib (175ms)
✔ [86/294] Built Verso.Doc.Elab.ExpanderAttribute:c.o (359ms)
✔ [87/294] Built Verso.Doc.Suggestion.Basic (548ms)
✔ [88/294] Built Verso.Hint (581ms)
✔ [89/294] Built SubVerso.Examples.Messages.NormalizeMetavars:c.o (886ms)
✔ [90/294] Built Verso.Output.Html.Entities:c.o (969ms)
✔ [91/294] Built Verso.Output.Html.AttributeName:dynlib (123ms)
✔ [92/294] Built VersoManual.Html.Basic:dynlib (121ms)
✔ [93/294] Built SubVerso.Signature (2.3s)
✔ [94/294] Built MultiVerso.Method (2.0s)
✔ [95/294] Built MultiVerso.NameMap (2.0s)
✔ [96/294] Built MD4Lean/md4cCoreObj (796ms)
✔ [97/294] Built Verso.SmartSuggestions (792ms)
✔ [98/294] Built Verso.Output.Html.CssVars (632ms)
✔ [99/294] Built Verso.Output.Html.Entities:dynlib (108ms)
✔ [100/294] Built MultiVerso.InternalId:dynlib (160ms)
✔ [101/294] Built Verso.Doc.Elab.ExpanderAttribute:dynlib (146ms)
✔ [102/294] Built Verso.Doc.SourceRange:dynlib (141ms)
✔ [103/294] Built Verso.Doc.Suggestion.Basic:c.o (173ms)
✔ [104/294] Built Verso.Code.Highlighted.WebAssets (776ms)
✔ [105/294] Built Verso.Output.Html.ElasticLunr (674ms)
✔ [106/294] Built Verso.Doc.Name (1.4s)
✔ [107/294] Built MultiVerso.Manifest (2.0s)
✔ [108/294] Built Verso.Doc.Helpers:c.o (345ms)
✔ [109/294] Built Verso.Hint:c.o (224ms)
✔ [110/294] Built Verso.Log (960ms)
✔ [111/294] Built Verso.Code.Highlighted.WebAssets:c.o (179ms)
✔ [112/294] Built Verso.EnvExtension:c.o (538ms)
✔ [113/294] Built Verso.Doc.Suggestion.Basic:dynlib (158ms)
✔ [114/294] Built Verso.Output.Html.CssVars:c.o (220ms)
✔ [115/294] Built Verso.Output.Html.ElasticLunr:c.o (196ms)
✔ [116/294] Built Verso.Log:c.o (223ms)
✔ [117/294] Built Verso.SmartSuggestions:c.o (416ms)
✔ [118/294] Built Verso.Doc.Helpers:dynlib (164ms)
✔ [119/294] Built Verso.Hint:dynlib (261ms)
✔ [120/313] Built Verso.Instances.Deriving:c.o (841ms)
✔ [121/313] Built Verso.EnvExtension:dynlib (128ms)
✔ [122/313] Built Verso.Log:dynlib (133ms)
✔ [123/313] Built Verso.Code.Highlighted.WebAssets:dynlib (194ms)
✔ [124/313] Built Verso.Output.Html.CssVars:dynlib (174ms)
✔ [125/313] Built Verso.Output.Html.ElasticLunr:dynlib (121ms)
✔ [126/345] Built SubVerso.Examples.Messages.NormalizeLineNum:c.o (821ms)
✔ [127/345] Built Verso.Doc.Name:c.o (287ms)
✔ [128/345] Built Verso.SmartSuggestions:dynlib (126ms)
✔ [129/422] Built Verso.Doc.Name:dynlib (127ms)
✔ [130/422] Built Verso.Instances.Deriving:dynlib (180ms)
✔ [131/422] Built Verso.BuildLog (1.5s)
✔ [132/422] Built VersoManual.Html.CssFile (841ms)
✔ [133/422] Built Verso.Doc.Elab.InlineString (726ms)
✔ [134/422] Built MD4Lean.Basic (1.0s)
✔ [135/422] Built SubVerso.Helper (1.8s)
✔ [136/422] Built Verso.Doc.PointOfInterest (956ms)
✔ [137/423] Built SubVerso.Examples.Messages (1.1s)
✔ [138/423] Built VersoUtil.LzCompress:c.o (1.7s)
✔ [139/423] Built VersoUtil.Zip (3.4s)
✔ [140/423] Built VersoManual.Ext (669ms)
✔ [141/423] Built VersoManual.TeX (664ms)
✔ [142/423] Built VersoManual.TeX.Config (652ms)
✔ [143/423] Built VersoManual.Docstring.Config (557ms)
✔ [144/423] Built VersoManual.Html.Style (709ms)
✔ [145/423] Built VersoManual.WebAssets (518ms)
✔ [146/424] Built Verso.Doc.Suggestion (1.0s)
✔ [147/424] Built VersoManual.LicenseInfo (1.0s)
✔ [148/424] Built VersoManual.Html.CssFile:c.o (343ms)
✔ [149/424] Built Verso.Doc.Elab.InlineString:c.o (344ms)
✔ [150/424] Built Verso.Doc.PointOfInterest:c.o (293ms)
✔ [151/424] Built SubVerso.Examples.Messages:c.o (313ms)
✔ [152/424] Built VersoUtil.LzCompress:dynlib (286ms)
✔ [153/424] Built VersoManual.TeX:c.o (175ms)
✔ [154/424] Built VersoManual.Linters.Options (766ms)
✔ [155/427] Built MultiVerso.Method:c.o (1.8s)
✔ [156/427] Built MultiVerso.NameMap:c.o (1.8s)
✔ [157/427] Built Verso.BuildLog:c.o (760ms)
✔ [158/427] Built VersoManual.Html.JsFile (1.3s)
✔ [159/430] Built VersoManual.Html.CssFile:dynlib (147ms)
✔ [160/430] Built VersoManual.Ext:c.o (419ms)
✔ [161/430] Built VersoManual.Html.Style:c.o (258ms)
✔ [162/430] Built VersoManual.InlineLean.IO.Context (857ms)
✔ [163/430] Built VersoManual.InlineLean.LongLines (878ms)
✔ [164/449] Built SubVerso.Helper:c.o (744ms)
✔ [165/449] Built Verso.Doc.Elab.InlineString:dynlib (188ms)
✔ [166/449] Built Verso.Doc.PointOfInterest:dynlib (185ms)
✔ [167/449] Built VersoManual.WebAssets:c.o (286ms)
✔ [168/449] Built VersoManual.Linters.Options:c.o (151ms)
✔ [169/452] Built VersoUtil.BinFiles.Z85 (4.3s)
✔ [170/452] Built MultiVerso.Method:dynlib (170ms)
✔ [171/452] Built MultiVerso.NameMap:dynlib (175ms)
✔ [172/452] Built Verso.Doc.Suggestion:c.o (404ms)
✔ [173/452] Built Verso.BuildLog:dynlib (129ms)
✔ [174/452] Built VersoManual.Ext:dynlib (135ms)
✔ [175/452] Built VersoManual.TeX.Config:c.o (592ms)
✔ [176/452] Built VersoManual.Html.Style:dynlib (147ms)
✔ [177/452] Built VersoManual.Docstring.Config:c.o (499ms)
✔ [178/452] Built VersoManual.Linters.Options:dynlib (121ms)
✔ [181/504] Built Verso.Doc.Suggestion:dynlib (130ms)
✔ [182/504] Built VersoManual.Docstring.Config:dynlib (153ms)
✔ [183/504] Built VersoManual.InlineLean.Scopes (1.3s)
✔ [184/598] Built Verso.Instances (1.7s)
✔ [185/598] Built MultiVerso.Manifest:c.o (2.1s)
✔ [186/608] Built VersoManual.InlineLean.IO.Context:c.o (424ms)
✔ [187/608] Built VersoManual.TeX:dynlib (147ms)
✔ [188/608] Built VersoManual.TeX.Config:dynlib (166ms)
✔ [189/608] Built VersoManual.WebAssets:dynlib (146ms)
✔ [191/625] Built MultiVerso.Manifest:dynlib (154ms)
✔ [192/625] Built VersoManual.LicenseInfo:c.o (768ms)
✔ [193/625] Built VersoSearch.PorterStemmer (2.0s)
✔ [194/625] Built VersoManual.InlineLean.IO.Context:dynlib (154ms)
✔ [195/625] Built VersoManual.InlineLean.LongLines:c.o (461ms)
✔ [198/625] Built VersoManual.LicenseInfo:dynlib (142ms)
✔ [199/625] Built VersoManual.Docstring.PrettyPrint (1.8s)
✔ [200/625] Built VersoManual.InlineLean.LongLines:dynlib (121ms)
✔ [201/625] Built VersoUtil.BinFiles.Z85:c.o (656ms)
✔ [202/625] Built Illuminate.Geometry.Basic (557ms)
✔ [203/625] Built SubVerso.Signature:c.o (2.9s)
✔ [204/625] Built VersoUtil.BinFiles.Z85:dynlib (105ms)
✔ [205/625] Built Verso.FS (816ms)
✔ [206/625] Built Illuminate.Geometry.Basic:c.o (208ms)
✔ [207/625] Built VersoManual.Html.JsFile:c.o (1.1s)
✔ [208/625] Built VersoManual.InlineLean.Scopes:c.o (862ms)
✔ [209/625] Built Verso.FS:c.o (287ms)
✔ [210/625] Built VersoManual.Html.JsFile:dynlib (134ms)
✔ [211/625] Built Vir.GeneratePackage.PackageFormat (643ms)
✔ [212/625] Built Verso.FS:dynlib (112ms)
✔ [213/625] Built VersoManual.LicenseInfo.Licenses (617ms)
✔ [214/625] Built VersoManual.InlineLean.Scopes:dynlib (162ms)
✔ [215/625] Built MD4Lean.Basic:c.o (2.2s)
✔ [216/625] Built Illuminate.Animation.Types (1.1s)
✔ [217/625] Built Vir.Hash (854ms)
✔ [218/625] Built Vir.GeneratePackage.PackageFormat:c.o (242ms)
✔ [219/625] Built MD4Lean.Basic:dynlib (110ms)
✔ [220/625] Built VersoManual.LicenseInfo.Licenses:c.o (187ms)
✔ [221/625] Built Illuminate.Animation.Easing (721ms)
✔ [222/625] Built VersoManual.LicenseInfo.Licenses:dynlib (207ms)
✔ [223/625] Built Illuminate.Animation.Easing:c.o (215ms)
✔ [224/625] Built Illuminate.Geometry.Types (1.7s)
✔ [225/625] Built Vir.Resources.Types (1.3s)
✔ [226/625] Built Verso.Instances:c.o (1.6s)
✔ [227/625] Built VersoUtil.Zip:c.o (2.6s)
✔ [228/625] Built VersoSearch.PorterStemmer:c.o (1.4s)
✔ [229/625] Built VersoManual.Docstring.PrettyPrint:c.o (1.4s)
✔ [230/625] Built VersoLiterate.Config (2.2s)
✔ [231/625] Built Illuminate.Animation.Animate (604ms)
✔ [232/625] Built VersoUtil.BinFiles (1.2s)
✔ [233/625] Built VersoUtil.Zip:dynlib (127ms)
✔ [234/625] Built Verso.Instances:dynlib (130ms)
✔ [235/625] Built VersoSearch.PorterStemmer:dynlib (125ms)
✔ [236/625] Built VersoManual.Docstring.PrettyPrint:dynlib (134ms)
✔ [237/625] Built Illuminate.Animation.Types:c.o (822ms)
✔ [238/625] Built Vir.Hash:c.o (951ms)
✔ [239/625] Built MD4Lean.FFI (784ms)
✔ [240/625] Built Illuminate.Animation.Render (919ms)
✔ [241/625] Built Illuminate.Animation.Animate:c.o (324ms)
✔ [242/625] Built Verso.Output.Html (4.2s)
✔ [243/625] Built Illuminate.Geometry.Vec2 (617ms)
✔ [244/625] Built Illuminate.Geometry.Point (663ms)
✔ [245/625] Built Illuminate.Geometry.Matrix (695ms)
✔ [246/625] Built Illuminate.Style.Arrow (679ms)
✔ [247/625] Built MD4Lean.FFI:c.o (291ms)
✔ [248/625] Built VersoUtil.BinFiles:c.o (669ms)
✔ [249/625] Built MD4Lean.FFI:dynlib (96ms)
✔ [250/625] Built Illuminate.Geometry.Types:c.o (864ms)
✔ [251/625] Built Illuminate.Geometry.Vec2:c.o (309ms)
✔ [252/625] Built Illuminate.Geometry.Point:c.o (226ms)
✔ [253/625] Built Illuminate.Geometry.Matrix:c.o (194ms)
✔ [254/625] Built VersoSlides.SlideCode.CommentParsers (2.3s)
✔ [255/625] Built VersoUtil.BinFiles:dynlib (98ms)
✔ [256/625] Built Illuminate.Geometry.PathData (1.0s)
✔ [257/625] Built Illuminate.Style.Arrow:c.o (269ms)
✔ [258/625] Built Vir.Resources.Validate (1.0s)
✔ [259/625] Built Vir.Resources.Types:c.o (1.2s)
✔ [260/625] Built Illuminate.Animation.Render:c.o (787ms)
✔ [261/625] Built Vir.NativePayload (1.7s)
✔ [262/625] Built MD4Lean (526ms)
✔ [263/625] Built Vir.Resources (446ms)
✔ [264/625] Built MD4Lean:c.o (157ms)
✔ [265/625] Built Illuminate.Geometry.Envelope (854ms)
✔ [266/625] Built Vir.Resources.Pack (510ms)
✔ [267/625] Built VersoUtil (635ms)
✔ [268/625] Built Illuminate.Geometry.PathData:c.o (618ms)
✔ [269/625] Built MD4Lean:shared (111ms)
✔ [270/625] Built VersoUtil:c.o (125ms)
✔ [271/625] Built VersoSlides.VirResourceSite (386ms)
✔ [272/625] Built VersoUtil:shared (97ms)
✔ [273/625] Built Illuminate.Geometry.Envelope:c.o (537ms)
✔ [274/625] Built Illuminate.Animation.Morph.CubicSeg (1.0s)
✔ [275/625] Built Verso.Output.Html.KaTeX (544ms)
✔ [276/625] Built Illuminate.Style.Types (1.8s)
✔ [277/625] Built Vir.Resources.Build (857ms)
✔ [278/625] Built Vir.NativePayload:c.o (1.3s)
✔ [279/625] Built Vir.Resources.Pack:c.o (982ms)
✔ [280/625] Built Illuminate.Style.Stroke (408ms)
✔ [281/625] Built Illuminate.Animation.Interpolate (464ms)
✔ [282/625] Built Verso.Output.Html.KaTeX:c.o (506ms)
✔ [283/625] Built Illuminate.Style.Stroke:c.o (166ms)
✔ [284/625] Built Verso.Output.Html.KaTeX:dynlib (92ms)
✔ [285/625] Built Illuminate.Geometry.Trace (1.0s)
✔ [286/625] Built Illuminate.Animation.Interpolate:c.o (212ms)
✔ [287/625] Built Illuminate.Render.DrawCmd (748ms)
✔ [288/625] Built Illuminate.Style.Text (738ms)
✔ [289/625] Built Illuminate.Geometry (414ms)
✔ [290/625] Built Illuminate.Render.DrawCmd:c.o (279ms)
✔ [291/625] Built Vir.Resources.Build:c.o (1.0s)
✔ [292/625] Built Vir.Resources.Validate:c.o (2.5s)
✔ [293/625] Built SubVerso.Examples (5.8s)
✔ [294/625] Built Illuminate.Geometry:c.o (151ms)
✔ [295/625] Built Illuminate.Style.Text:c.o (476ms)
✔ [296/625] Built Illuminate.Animation.Morph.CubicSeg:c.o (1.7s)
✔ [297/625] Built Illuminate.Style.Color (1.5s)
✔ [298/625] Built VersoLiterate.Config:c.o (3.8s)
✔ [299/625] Built VersoSlides.SlideCode (3.1s)
✔ [300/625] Built VersoLiterate.Config:dynlib (100ms)
✔ [301/625] Built Illuminate.Style.Types:c.o (1.8s)
✔ [302/625] Built tools.VirResourcePack (1.8s)
✔ [303/625] Built SubVerso (899ms)
✔ [304/625] Built Verso.Output.Html:c.o (3.9s)
✔ [305/625] Built Illuminate.Style.ColorWidget (630ms)
✔ [306/625] Built Illuminate.Diagram.Types (1.4s)
✔ [307/625] Built SubVerso:c.o (132ms)
✔ [308/625] Built Verso.Output.Html:dynlib (100ms)
✔ [309/625] Built Illuminate.Render.Svg (1.4s)
✔ [310/625] Built Illuminate.Animation.Morph.Style (812ms)
✔ [311/625] Built tools.VirResourcePack:c.o (617ms)
✔ [312/625] Built Illuminate.Render (277ms)
✔ [313/625] Built Illuminate.Geometry.Trace:c.o (1.9s)
✔ [314/625] Built Illuminate.Render:c.o (106ms)
✔ [315/625] Built Illuminate.Backend.SVG (410ms)
✔ [316/625] Built Illuminate.Style (628ms)
✔ [317/625] Built Illuminate.Animation.Effects (664ms)
✔ [318/625] Built Illuminate.Animation.Morph.Types (719ms)
✔ [319/625] Built Illuminate.Backend.SVG:c.o (221ms)
✔ [320/625] Built Illuminate.Style:c.o (153ms)
✔ [321/625] Built Illuminate.Diagram.Basic (947ms)
✔ [322/625] Built Illuminate.Animation.Effects:c.o (207ms)
✔ [323/625] Built Illuminate.Animation.Morph.Types:c.o (261ms)
✔ [324/625] Built Illuminate.Animation.Morph.Style:c.o (806ms)
✔ [325/625] Built Illuminate.Diagram.Types:c.o (1.1s)
✔ [326/625] Built VersoSlides.SlideCode.Export (1.7s)
✔ [327/625] Built Illuminate.Animation.Morph.Evaluate (497ms)
✔ [328/625] Built Illuminate.Style.Color:c.o (1.8s)
✔ [329/625] Built Illuminate.Style.ColorWidget:c.o (1.3s)
✔ [330/625] Built vir_resource_pack:exe (1.1s)
✔ [331/625] Built Illuminate.Animation.Morph.Evaluate:c.o (337ms)
✔ [332/625] Built Illuminate.Diagram.Basic:c.o (754ms)
✔ [333/625] Built Illuminate.Shapes.Arrows (833ms)
✔ [334/625] Built Illuminate.Render.Svg:c.o (1.0s)
✔ [335/639] Built Illuminate.Shapes.Arrows:c.o (302ms)
✔ [337/639] Built Vir.LeanName (323ms)
✔ [338/639] Built Vir.BinaryLiteral (391ms)
✔ [339/639] Built Vir.GeneratePackage.PackageSet (355ms)
✔ [340/639] Built Vir.LeanName:c.o (152ms)
✔ [341/639] Built Vir.GeneratePackage.PackageSet:c.o (171ms)
✔ [342/639] Built Vir.BinaryLiteral.ToExpr (320ms)
✔ [343/639] Built Vir.Resources.Program (735ms)
✔ [344/639] Built Illuminate.Diagram.Placement (2.5s)
✔ [345/639] Built Vir.Resources.Embed (761ms)
✔ [346/639] Built SubVerso.Examples:c.o (4.7s)
✔ [347/639] Built SubVerso:shared (145ms)
✔ [348/639] Built Illuminate.Diagram.CurlyBrace (761ms)
✔ [349/639] Built Illuminate.Animation.Filmstrip (817ms)
✔ [350/639] Built Illuminate.Shapes.Flowchart (807ms)
✔ [351/639] Built Illuminate.Diagram.Paper (917ms)
✔ [352/639] Built Illuminate.Diagram.HitTest (913ms)
✔ [353/639] Built Illuminate.Shapes.Operators (1.1s)
✔ [354/639] Built Verso.ExpectString (704ms)
✔ [355/639] Built Illuminate.Diagram.CurlyBrace:c.o (319ms)
✔ [356/639] Built Illuminate.Shapes.Decorative (1.3s)
✔ [357/639] Built Illuminate.Diagram.Paper:c.o (283ms)
✔ [358/639] Built Verso.WithoutAsync (941ms)
✔ [359/639] Built Illuminate.Diagram.HitTest:c.o (480ms)
✔ [360/639] Built Illuminate.Shapes.Flowchart:c.o (509ms)
✔ [361/639] Built Verso.ExpectString:c.o (298ms)
✔ [362/639] Built Verso.ExpectString:dynlib (76ms)
✔ [363/639] Built Verso.WithoutAsync:c.o (137ms)
✔ [364/639] Built Verso.WithoutAsync:dynlib (90ms)
✔ [365/639] Built Illuminate.Animation.Morph.Prepare (1.5s)
✔ [366/639] Built Verso.Code.External.Env (1.3s)
✔ [367/639] Built Illuminate.Diagram.Arrow (1.6s)
✔ [368/639] Built Illuminate.Shapes.Bubbles (1.7s)
✔ [369/639] Built Illuminate.Animation.Filmstrip:c.o (974ms)
✔ [370/639] Built Illuminate.Shapes.Operators:c.o (648ms)
✔ [371/639] Built Vir.Resources.Program:c.o (2.0s)
✔ [372/639] Built Verso.Code.External.Env:c.o (130ms)
✔ [373/639] Built Verso.Code.External.Env:dynlib (100ms)
✔ [374/639] Built Illuminate.Shapes.Decorative:c.o (649ms)
✔ [375/639] Built tools.VirResourceProgram (2.2s)
✔ [376/639] Built Illuminate.Animation.Morph (627ms)
✔ [377/639] Built Illuminate.Shapes (449ms)
✔ [378/639] Built Illuminate.Shapes:c.o (104ms)
✔ [379/639] Built Illuminate.Animation.Morph:c.o (177ms)
✔ [380/639] Built MultiVerso.Slug (12s)
✔ [381/639] Built Illuminate.DSL.StateDiagram (917ms)
✔ [382/639] Built Illuminate.Shapes.Bubbles:c.o (871ms)
✔ [383/639] Built Illuminate.Diagram.Arrow:c.o (1.1s)
✔ [384/639] Built Illuminate.Diagram.Compile (1.1s)
✔ [385/639] Built Illuminate.DSL.CommDiag (1.2s)
✔ [386/639] Built Illuminate.DSL.StateDiagram:c.o (541ms)
✔ [387/639] Built tools.VirResourceProgram:c.o (1.3s)
✔ [388/639] Built Verso.Code.External.Code (2.9s)
✔ [389/639] Built Illuminate.DSL (435ms)
✔ [390/639] Built Illuminate.Diagram.Validate (768ms)
✔ [391/639] Built Illuminate.Diagram.Compile:c.o (761ms)
✔ [392/639] Built Illuminate.DSL:c.o (140ms)
✔ [393/639] Built Verso.Code.External.Files (1.6s)
✔ [394/639] Built Illuminate.Diagram.Placement:c.o (3.6s)
✔ [395/639] Built Verso.Doc (3.4s)
✔ [396/639] Built Illuminate.Diagram.Validate:c.o (309ms)
✔ [397/639] Built Illuminate.Animation.Morph.Prepare:c.o (2.5s)
✔ [398/639] Built Illuminate.DSL.CommDiag:c.o (1.2s)
✔ [399/639] Built Illuminate.Diagram.TreeLayout (2.6s)
✔ [400/647] Built vir_resource_program:exe (1.0s)
✔ [401/700] Built Verso.Code.External.Code:c.o (1.4s)
✔ [402/700] Built Illuminate.Diagram (370ms)
✔ [403/700] Built Illuminate.Animation.Compile (1.9s)
✔ [404/700] Built Verso.Code.External.Code:dynlib (101ms)
✔ [405/700] Built Illuminate.Diagram:c.o (149ms)
✔ [406/700] Built Vir.HostMetadata (620ms)
✔ [407/700] Built Vir.GeneratePackage.PackageIRTags (575ms)
✔ [408/700] Built Verso.Code.External.Files:c.o (1.5s)
✔ [409/700] Built Vir.GeneratePackage.PackageIRTags:c.o (133ms)
✔ [410/700] Built Verso.Code.External.Files:dynlib (99ms)
✔ [411/700] Built Vir.GeneratePackage.CachedImports (919ms)
✔ [412/700] Built Vir.HostMetadata:c.o (328ms)
✔ [413/700] Built Vir.GeneratePackage.NativeExterns (1.1s)
✔ [414/700] Built Vir.IRDependencies (589ms)
✔ [415/700] Built Vir.IRDependencies:c.o (394ms)
✔ [416/700] Built Vir.InterfaceValidation (1.6s)
✔ [417/700] Built Vir.ClientNativeExternManifest (624ms)
✔ [418/700] Built Vir.GeneratePackage.CachedImports:c.o (782ms)
✔ [419/700] Built MultiVerso.Slug:c.o (3.7s)
✔ [420/700] Built Vir.Interface.Classify.Error (1.8s)
✔ [421/700] Built MultiVerso.Slug:dynlib (87ms)
✔ [422/700] Built Illuminate.Diagram.TreeLayout:c.o (2.1s)
✔ [423/700] Built Vir.ExportValidation (790ms)
✔ [424/700] Built Vir.GeneratePackage.NativeExterns:c.o (844ms)
✔ [425/700] Built VersoSlides.Pretty (1.9s)
✔ [426/700] Built Vir.ClientNativeExternManifest:c.o (714ms)
✔ [427/700] Built MultiVerso.Link (567ms)
✔ [428/700] Built Vir.ExportValidation:c.o (644ms)
✔ [429/700] Built Illuminate.Widget (3.5s)
✔ [430/700] Built Vir.InterfaceValidation:c.o (982ms)
✔ [431/700] Built Vir.Interface.Classify.Error:c.o (1.2s)
✔ [432/700] Built MultiVerso.Link:c.o (560ms)
✔ [433/700] Built MultiVerso.Link:dynlib (59ms)
✔ [434/700] Built Illuminate.Animation.Widget (723ms)
✔ [435/700] Built Illuminate.Animation.Widget:c.o (240ms)
✔ [436/700] Built Verso.Doc:c.o (4.3s)
✔ [437/700] Built Verso.Doc:dynlib (67ms)
✔ [438/700] Built Illuminate.Animation (427ms)
✔ [439/700] Built Illuminate.Animation:c.o (102ms)
✔ [440/700] Built Illuminate.Animation.Compile:c.o (3.7s)
✔ [441/700] Built Illuminate (416ms)
✔ [442/700] Built Illuminate:c.o (101ms)
✔ [443/700] Built Verso.Doc.Elab.Basic (1.5s)
✔ [444/700] Built Vir.Interface.Model (5.3s)
✔ [445/700] Built MultiVerso (2.4s)
✔ [446/700] Built Vir.GeneratePackage.Basic (720ms)
✔ [447/700] Built Vir.GeneratePackage.Basic:c.o (263ms)
✔ [448/700] Built Vir.Interface.Classify.Basic (1.1s)
✔ [449/700] Built Vir.GeneratePackage.Json (403ms)
✔ [450/700] Built Verso.Doc.Elab.Basic:c.o (1.4s)
✔ [451/700] Built Vir.GeneratePackage.Json:c.o (173ms)
✔ [452/700] Built Verso.Doc.Elab.Basic:dynlib (69ms)
✔ [453/700] Built Vir.Interface.Model:c.o (1.3s)
✔ [454/700] Built Vir.GeneratePackage.Inputs (810ms)
✔ [455/700] Built Illuminate.Widget:c.o (4.4s)
✔ [456/700] Built Vir.GeneratePackage.Interface.Encode (596ms)
✔ [457/700] Built Illuminate:shared (90ms)
✔ [458/700] Built Vir.GeneratePackage.Closure (594ms)
✔ [459/700] Built Vir.GeneratePackage.Interface.Encode:c.o (596ms)
✔ [460/700] Built Vir.Interface.Classify.Basic:c.o (1.3s)
✔ [461/700] Built Vir.Resources.Runtime (12s)
✔ [462/700] Built Vir.Interface.Classify.Core (1.7s)
✔ [463/700] Built Vir.GeneratePackage.Closure:c.o (780ms)
✔ [464/700] Built Vir.GeneratePackage.Inputs:c.o (1.6s)
✔ [465/700] Built Vir.Interface.Classify.Signature (1.0s)
✔ [466/700] Built Vir.Interface.Classify.Core:c.o (1.6s)
✔ [467/700] Built Vir.Interface.Classify.Signature:c.o (603ms)
✔ [468/700] Built Vir.Attributes (931ms)
✔ [469/700] Built Vir.HostValidation (1.0s)
✔ [470/700] Built Vir.HostValidation:c.o (569ms)
✔ [471/700] Built MultiVerso:c.o (5.2s)
✔ [472/700] Built MultiVerso:shared (84ms)
ℹ [473/700] Built VersoSlides.VirPrettyM (909ms)
info: VersoSlides/VirPrettyM.lean:14:2: deferred validation of imported dependency `VersoSlides.Pretty.formatSegments` (via VersoSlides.VirPrettyM.formatSegments -> VersoSlides.Pretty.formatSegments) because its compiled IR is opaque in this module; `:vir` package generation loads and validates the owning module's compiled IR
✔ [474/700] Built Vir.Host (947ms)
✔ [475/700] Built Verso.Method (351ms)
✔ [476/700] Built Verso.Method:c.o (108ms)
✔ [477/700] Built Verso.Method:dynlib (64ms)
✔ [478/700] Built Vir.Host:c.o (412ms)
✔ [479/700] Built Vir.GeneratePackage.Interface.Collect (982ms)
✔ [480/700] Built Verso.Output.TeX (1.9s)
✔ [481/700] Built Vir.GeneratePackage.Manifest (967ms)
✔ [482/700] Built Vir.GeneratePackage.Interface.Collect:c.o (1.1s)
✔ [483/700] Built Vir.GeneratePackage.Manifest:c.o (449ms)
✔ [484/700] Built Verso.SyntaxUtils (2.2s)
✔ [485/700] Built Vir.GeneratePackage.Manifest.Encode (780ms)
✔ [486/700] Built Vir.GeneratePackage.Report (920ms)
✔ [487/700] Built Vir.GeneratePackage.Manifest.Encode:c.o (287ms)
✔ [488/700] Built Vir.GeneratePackage.Report:c.o (363ms)
✔ [489/700] Built Verso.Output.TeX:c.o (1.7s)
✔ [490/700] Built Verso.Output.TeX:dynlib (74ms)
✔ [491/700] Built Verso.Output (389ms)
✔ [492/700] Built Verso.Output:c.o (114ms)
✔ [493/700] Built Verso.Output:dynlib (73ms)
✔ [494/700] Built Vir.GeneratePackage.Emit (1.4s)
✔ [495/700] Built Verso.SyntaxUtils:c.o (2.4s)
✔ [496/700] Built Verso.SyntaxUtils:dynlib (82ms)
✔ [497/700] Built Vir.GeneratePackage.Run (1.1s)
✔ [498/700] Built Verso.Doc.TeX (1.9s)
✔ [499/700] Built Vir.GeneratePackage (646ms)
✔ [500/700] Built Vir.GeneratePackage.Emit:c.o (1.9s)
✔ [501/700] Built Vir.GeneratePackage:c.o (122ms)
✔ [502/700] Built Verso.Doc.TeX:c.o (1.3s)
✔ [503/700] Built Vir.GeneratePackage.Run:c.o (1.4s)
✔ [504/700] Built Verso.Doc.TeX:dynlib (79ms)
✔ [505/700] Built Verso.Code.Highlighted (3.8s)
✔ [506/700] Built tools.VirProgram (1.7s)
✔ [507/700] Built Verso.Parser (3.1s)
✔ [508/700] Built tools.VirProgram:c.o (787ms)
✔ [509/700] Built vir_program:exe (1.1s)
ℹ [510/700] Built «verso-slides»/VersoSlides.VirPrettyM:virProgram (1.4s)
info: stdout:
wrote /tmp/tmp.XXlnOaTD/program.irpkg-set.json
wrote /tmp/tmp.XXlnOaTD/program.irpkg
wrote /tmp/tmp.XXlnOaTD/report.md
package set members: 8
package format: 11
declarations: 135 (110 Lean IR, 25 native externs)
interface exports: 1
ℹ [511/706] Built «verso-slides»/VersoSlidesVirPrettyMResources:virResourcePack (84ms)
info: stdout:
97b280b7c42cbed3783f31c98f7753d6eab5b9707f49f6cfbacdde2c0350ef58
✔ [512/713] Built Verso.Code.Highlighted:c.o (4.2s)
✔ [513/713] Built Verso.Code.Highlighted:dynlib (81ms)
✔ [514/713] Built Verso.Parser:c.o (3.7s)
✔ [515/713] Built Verso.Parser:dynlib (77ms)
✔ [516/713] Built VersoSlides.ImageWidget (822ms)
✔ [517/713] Built Verso.Code.HighlightedToTex (1.1s)
✔ [518/713] Built Verso.Linters (1.1s)
✔ [519/713] Built Verso.Doc.Html (1.6s)
✔ [520/713] Built VersoSlides.VirPrettyMResources (2.2s)
✔ [521/713] Built Verso.Code.HighlightedToTex:c.o (746ms)
✔ [522/713] Built Verso.Code.HighlightedToTex:dynlib (80ms)
✔ [523/713] Built VersoSlides.VirResources (683ms)
✔ [524/713] Built Verso.Doc.Html:c.o (984ms)
✔ [525/713] Built Verso.Doc.Html:dynlib (74ms)
✔ [526/713] Built Verso.Linters:c.o (1.5s)
✔ [527/713] Built Verso.Linters:dynlib (72ms)
✔ [528/713] Built Verso.Doc.ArgParse (5.3s)
✔ [529/713] Built Verso.Doc.ArgParse:c.o (3.8s)
✔ [530/713] Built Verso.Doc.ArgParse:dynlib (70ms)
✔ [531/713] Built Verso.Code.External.Config (1.1s)
✔ [532/713] Built Verso.Code.External.Config:c.o (465ms)
✔ [533/713] Built Verso.Code.External.Config:dynlib (61ms)
✔ [534/713] Built Verso.Doc.Elab.Monad (3.7s)
✔ [535/713] Built Verso.Doc.Elab.Monad:c.o (7.6s)
✔ [536/713] Built Verso.Doc.Elab.Monad:dynlib (56ms)
✔ [537/713] Built Verso.Doc.Elab.ExtensionResolution (982ms)
✔ [538/713] Built Verso.Doc.Elab.Inline (1.0s)
✔ [539/713] Built Verso.Doc.Elab.Inline:c.o (939ms)
✔ [540/713] Built Verso.Doc.Elab.Inline:dynlib (59ms)
✔ [541/713] Built Verso.Doc.Elab.ExtensionResolution:c.o (1.9s)
✔ [542/713] Built Verso.Doc.Elab.Block (895ms)
✔ [543/713] Built Verso.Doc.Elab.ExtensionResolution:dynlib (55ms)
✔ [544/713] Built Verso.Doc.Lsp (3.5s)
✔ [545/713] Built Verso.Doc.Elab.Block:c.o (1.4s)
✔ [546/713] Built Verso.Doc.Elab.Block:dynlib (52ms)
✔ [547/713] Built Verso.Doc.Elab (2.8s)
✔ [548/713] Built Verso.Doc.Lsp:c.o (4.0s)
✔ [549/713] Built Verso.Doc.Lsp:dynlib (55ms)
✔ [550/713] Built Verso.Doc.Elab:c.o (3.6s)
✔ [551/713] Built Verso.Doc.Elab:dynlib (50ms)
✔ [552/713] Built Verso.Doc.Concrete.InlineString (1.2s)
✔ [553/713] Built Verso.Doc.Concrete.InlineString:c.o (468ms)
✔ [554/713] Built Verso.Doc.Concrete.InlineString:dynlib (60ms)
✔ [555/713] Built Verso.Doc.Concrete (2.4s)
✔ [556/713] Built Verso.Code.External (4.9s)
✔ [557/713] Built Verso.Doc.Concrete:c.o (1.9s)
✔ [558/713] Built Verso.Doc.Concrete:dynlib (59ms)
✔ [559/735] Built verso/Verso.Code.External:highlighted (6.3s)
✔ [561/771] Built Vir.Resources:c.o (133ms)
✔ [562/771] Built VersoSlides.VirResourceSite:c.o (208ms)
✔ [563/771] Built Vir.BinaryLiteral.ToExpr:c.o (184ms)
✔ [564/771] Built Vir.Resources.Runtime:c.o (169ms)
✔ [565/771] Built VersoSlides.VirPrettyMResources:c.o (201ms)
✔ [566/771] Built VersoSlides.VirResources:c.o (186ms)
✔ [567/771] Built VersoSlides.VirPrettyM:c.o (103ms)
✔ [568/771] Built VersoSlides.ImgSrc:c.o (251ms)
✔ [569/771] Built Vir.BinaryLiteral:c.o (358ms)
✔ [570/771] Built VersoSlides.ImageWidget:c.o (347ms)
✔ [571/771] Built Vir.Resources.Embed:c.o (431ms)
✔ [572/771] Built VersoSlides.SlideCode.CommentParsers:c.o (813ms)
✔ [573/771] Built Vir.Attributes:c.o (645ms)
✔ [574/771] Built VersoSlides.SlideCode.Export:c.o (1.1s)
✔ [575/771] Built Tests.Pretty (959ms)
✔ [576/771] Built VersoSlides.Pretty:c.o (1.4s)
✔ [577/771] Built Tests.Pretty:c.o (874ms)
✔ [578/771] Built «test-pretty»:exe (701ms)
✔ [579/771] Built VersoSlides.SlideCode:c.o (2.9s)
✔ [580/771] Built Verso.Code.External:c.o (11s)
✔ [581/771] Built Verso.Code.External:dynlib (71ms)
✔ [582/771] Built Verso.Code (700ms)
✔ [583/771] Built Verso.Code:c.o (79ms)
✔ [584/771] Built Verso.Code:dynlib (58ms)
✔ [585/771] Built Verso (801ms)
✔ [586/771] Built Verso:c.o (130ms)
✔ [587/771] Built Verso:shared (118ms)
✔ [588/771] Built VersoManual.Html.DataFile (488ms)
✔ [589/771] Built VersoManual.Html.SoftHyphenate (630ms)
✔ [590/771] Built VersoManual.Docstring.Basic (562ms)
✔ [591/771] Built VersoManual.Html.DataFile:c.o (234ms)
✔ [592/771] Built VersoManual.Html.DataFile:dynlib (72ms)
✔ [593/771] Built VersoManual.Docstring.Basic:c.o (222ms)
✔ [594/771] Built VersoManual.Docstring.Basic:dynlib (61ms)
✔ [595/771] Built VersoManual.Html.SoftHyphenate:c.o (337ms)
✔ [596/771] Built VersoManual.Html.SoftHyphenate:dynlib (71ms)
✔ [597/771] Built VersoManual.InlineLean.Outputs (979ms)
✔ [598/771] Built VersoSlides.SlideCode.Render (1.1s)
✔ [599/771] Built VersoSearch.DomainSearch (1.3s)
✔ [600/771] Built VersoManual.InlineLean.Outputs:c.o (216ms)
✔ [601/771] Built VersoManual.InlineLean.Outputs:dynlib (66ms)
✔ [602/771] Built VersoManual.Linters (1.6s)
✔ [603/771] Built VersoIlluminate (1.6s)
✔ [604/771] Built VersoLiterate.Basic (1.7s)
✔ [605/771] Built VersoSlides.SlideCode.Render:c.o (665ms)
✔ [606/771] Built VersoManual.Html.Features (1.3s)
✔ [607/771] Built VersoManual.Docstring.DocName (1.6s)
✔ [608/771] Built VersoManual.Linters:c.o (788ms)
✔ [609/771] Built VersoManual.Linters:dynlib (59ms)
✔ [610/771] Built VersoSearch.DomainSearch:c.o (1.3s)
✔ [611/771] Built VersoSearch.DomainSearch:dynlib (60ms)
✔ [612/771] Built VersoManual.Html.Features:c.o (1.8s)
✔ [613/771] Built VersoManual.Html.Features:dynlib (64ms)
✔ [614/771] Built VersoIlluminate:c.o (2.6s)
✔ [615/771] Built VersoLiterate.Basic:c.o (2.5s)
✔ [616/771] Built VersoIlluminate:shared (65ms)
✔ [617/771] Built VersoLiterate.Basic:dynlib (61ms)
✔ [618/771] Built VersoManual.Html.Config (466ms)
✔ [619/771] Built VersoManual.Docstring.DocName:c.o (2.4s)
✔ [620/771] Built VersoManual.Html.Config:c.o (406ms)
✔ [621/771] Built VersoManual.Html.Config:dynlib (63ms)
✔ [622/771] Built VersoManual.Docstring.DocName:dynlib (66ms)
✔ [623/771] Built VersoSearch (2.8s)
✔ [624/771] Built VersoLiterate.Exported (2.9s)
✔ [625/771] Built VersoSearch:c.o (3.4s)
✔ [626/771] Built VersoSearch:shared (67ms)
✔ [627/771] Built VersoLiterate.Search (741ms)
✔ [628/771] Built VersoLiterate.Search:c.o (100ms)
✔ [629/771] Built VersoLiterate.Search:dynlib (57ms)
✔ [630/771] Built VersoLiterate.Exported:c.o (4.9s)
✔ [631/771] Built VersoLiterate.Exported:dynlib (64ms)
✔ [632/771] Built VersoLiterate.Module (778ms)
✔ [633/771] Built VersoLiterate.Module:c.o (389ms)
✔ [634/771] Built VersoLiterate.Module:dynlib (54ms)
✔ [635/771] Built VersoLiterate (696ms)
✔ [636/771] Built VersoLiterate:c.o (74ms)
✔ [637/771] Built VersoLiterate:shared (63ms)
✔ [638/771] Built VersoManual.Basic (6.7s)
✔ [639/771] Built VersoManual.Basic:c.o (7.5s)
✔ [640/771] Built VersoManual.Basic:dynlib (67ms)
✔ [641/771] Built VersoManual.Glossary.Norm (1.2s)
✔ [642/771] Built VersoManual.WordCount (1.6s)
✔ [643/771] Built VersoManual.License (1.6s)
✔ [644/771] Built VersoManual.Glossary.Norm:c.o (477ms)
✔ [645/771] Built VersoManual.Draft (1.8s)
✔ [646/771] Built VersoManual.Glossary.Norm:dynlib (98ms)
✔ [647/771] Built VersoManual.LocalContents (1.8s)
✔ [648/771] Built VersoManual.Row (1.8s)
✔ [649/771] Built VersoManual.Marginalia (1.9s)
✔ [650/771] Built VersoManual.WordCount:c.o (688ms)
✔ [651/771] Built VersoManual.Html (2.4s)
✔ [652/771] Built VersoManual.WordCount:dynlib (88ms)
✔ [653/771] Built VersoManual.Diagrams (2.5s)
✔ [654/771] Built VersoManual.Index (2.8s)
✔ [655/771] Built VersoManual.Table (2.8s)
✔ [656/771] Built VersoManual.Markdown (3.5s)
✔ [657/771] Built VersoManual.Glossary (2.1s)
✔ [658/771] Built VersoManual.LocalContents:c.o (2.4s)
✔ [659/771] Built VersoManual.LocalContents:dynlib (87ms)
✔ [660/771] Built VersoManual.Html:c.o (2.1s)
✔ [661/771] Built VersoManual.Html:dynlib (80ms)
✔ [662/771] Built VersoManual.Docstring.Progress (4.8s)
✔ [663/771] Built VersoManual.Row:c.o (3.0s)
✔ [664/771] Built VersoManual.Row:dynlib (66ms)
✔ [665/771] Built VersoManual.License:c.o (3.5s)
✔ [666/771] Built VersoManual.License:dynlib (69ms)
✔ [667/771] Built VersoManual.Marginalia:c.o (3.3s)
✔ [668/771] Built VersoManual.Draft:c.o (3.5s)
✔ [669/771] Built VersoManual.Marginalia:dynlib (68ms)
✔ [670/771] Built VersoManual.Draft:dynlib (71ms)
✔ [671/771] Built VersoManual.HighlightedCode (752ms)
✔ [672/771] Built VersoManual.Markdown:c.o (2.5s)
✔ [673/771] Built VersoManual.Markdown:dynlib (67ms)
✔ [674/771] Built VersoManual.Diagrams:c.o (3.5s)
✔ [675/771] Built VersoManual.Diagrams:dynlib (65ms)
✔ [676/771] Built VersoManual.HighlightedCode:c.o (469ms)
✔ [677/771] Built VersoManual.HighlightedCode:dynlib (71ms)
✔ [678/771] Built VersoManual.InlineLean.Block (1.5s)
✔ [679/771] Built VersoManual.Table:c.o (5.2s)
✔ [680/771] Built VersoManual.Table:dynlib (74ms)
✔ [681/771] Built VersoManual.InlineLean.Option (1.7s)
✔ [682/771] Built VersoManual.InlineLean.Signature (1.9s)
✔ [683/771] Built VersoManual.ExternalLean (1.0s)
✔ [684/771] Built VersoManual.InlineLean.SyntaxError (2.1s)
✔ [685/771] Built VersoManual.Glossary:c.o (4.7s)
✔ [686/771] Built VersoManual.Glossary:dynlib (63ms)
✔ [687/771] Built VersoManual.Bibliography (3.6s)
✔ [688/771] Built VersoManual.InlineLean.Block:c.o (1.0s)
✔ [689/771] Built VersoManual.InlineLean.Block:dynlib (65ms)
✔ [690/771] Built VersoManual.Docstring.Progress:c.o (4.8s)
✔ [691/771] Built VersoManual.Docstring.Progress:dynlib (76ms)
✔ [692/771] Built VersoManual.ExternalLean:c.o (1.6s)
✔ [693/771] Built VersoManual.ExternalLean:dynlib (59ms)
✔ [694/771] Built VersoManual.Index:c.o (7.8s)
✔ [695/771] Built VersoManual.Index:dynlib (69ms)
✔ [696/771] Built VersoManual.InlineLean.Option:c.o (2.8s)
✔ [697/771] Built VersoManual.InlineLean.Option:dynlib (63ms)
✔ [698/771] Built VersoManual.InlineLean.SyntaxError:c.o (2.9s)
✔ [699/771] Built VersoManual.InlineLean.SyntaxError:dynlib (63ms)
✔ [700/771] Built VersoManual.Imports (1.5s)
✔ [701/771] Built VersoManual.InlineLean.Signature:c.o (3.5s)
✔ [702/771] Built VersoManual.InlineLean.Signature:dynlib (63ms)
✔ [703/771] Built VersoManual.Literate (1.9s)
✔ [704/771] Built VersoManual.InlineLean.IO (3.5s)
✔ [705/771] Built VersoManual.Imports:c.o (2.3s)
✔ [706/771] Built VersoManual.Imports:dynlib (61ms)
✔ [707/771] Built VersoManual.Bibliography:c.o (7.5s)
✔ [708/771] Built VersoManual.Bibliography:dynlib (75ms)
✔ [709/771] Built VersoManual.Literate:c.o (4.7s)
✔ [710/771] Built VersoManual.Literate:dynlib (61ms)
✔ [711/771] Built VersoManual.InlineLean.IO:c.o (4.9s)
✔ [712/771] Built VersoManual.InlineLean.IO:dynlib (66ms)
✔ [713/771] Built VersoManual.Docstring (8.6s)
✔ [714/771] Built VersoManual.InlineLean (5.3s)
✔ [715/771] Built VersoManual.InlineLean:c.o (11s)
✔ [716/771] Built VersoManual.InlineLean:dynlib (73ms)
✔ [717/771] Built VersoManual.Docstring:c.o (18s)
✔ [718/771] Built VersoManual.Docstring:dynlib (68ms)
✔ [719/771] Built VersoManual (7.4s)
✔ [720/771] Built VersoManual:c.o (14s)
✔ [721/771] Built VersoManual:shared (135ms)
✔ [722/771] Built VersoSlidesVendored (549ms)
✔ [723/771] Built VersoSlidesVendored:c.o (535ms)
✔ [724/771] Built VersoSlides.Basic (2.7s)
✔ [725/771] Built VersoSlides.Attributes (777ms)
✔ [726/771] Built VersoSlides.Attributes:c.o (194ms)
✔ [727/771] Built VersoSlides.OtherLanguages (1.2s)
✔ [728/771] Built VersoSlides.Diagram (1.5s)
✔ [729/771] Built VersoSlides.Render (2.1s)
✔ [730/771] Built VersoSlides.Directives (3.1s)
✔ [731/771] Built VersoSlides.Animate (1.8s)
✔ [732/771] Built VersoSlides.InlineLean (3.4s)
✔ [733/771] Built VersoSlides.OtherLanguages:c.o (2.2s)
✖ [734/771] Building Tests.VirPublication (826ms)
trace: .> LEAN_PATH=/home/egallego/lean/verso-slides/.worktrees/vir-prettym-first-landing/.lake/packages/subverso/.lake/build/lib/lean:/home/egallego/lean/verso-slides/.worktrees/vir-prettym-first-landing/.lake/packages/MD4Lean/.lake/build/lib/lean:/home/egallego/lean/verso-slides/.worktrees/vir-prettym-first-landing/.lake/packages/plausible/.lake/build/lib/lean:/home/egallego/lean/verso-slides/.worktrees/vir-prettym-first-landing/.lake/packages/illuminate/.lake/build/lib/lean:/home/egallego/lean/verso-slides/.worktrees/vir-prettym-first-landing/.lake/packages/Cli/.lake/build/lib/lean:/home/egallego/lean/verso-slides/.worktrees/vir-prettym-first-landing/.lake/packages/verso/.lake/build/lib/lean:/home/egallego/lean/verso-slides/.worktrees/vir-prettym-first-landing/.lake/packages/lean_vir/.lake/build/lib/lean:/home/egallego/lean/verso-slides/.worktrees/vir-prettym-first-landing/.lake/build/lib/lean /home/egallego/.elan/toolchains/leanprover--lean4---v4.34.0/bin/lean /home/egallego/lean/verso-slides/.worktrees/vir-prettym-first-landing/Tests/VirPublication.lean -o /home/egallego/lean/verso-slides/.worktrees/vir-prettym-first-landing/.lake/build/lib/lean/Tests/VirPublication.olean -i /home/egallego/lean/verso-slides/.worktrees/vir-prettym-first-landing/.lake/build/lib/lean/Tests/VirPublication.ilean -c /home/egallego/lean/verso-slides/.worktrees/vir-prettym-first-landing/.lake/build/ir/Tests/VirPublication.c --setup /home/egallego/lean/verso-slides/.worktrees/vir-prettym-first-landing/.lake/build/ir/Tests/VirPublication.setup.json --json
error: Tests/VirPublication.lean:53:7: unexpected token 'prefix'; expected '(', ':=', 'rec', '|', identifier or term
error: Tests/VirPublication.lean:53:14: unexpected token ':='; expected ':'
error: Tests/VirPublication.lean:54:59: unexpected token '++'; expected ':'
error: Tests/VirPublication.lean:63:61: unexpected token '++'; expected ':'
✔ [736/771] Built VersoSlides.Basic:c.o (3.8s)
✔ [737/771] Built VersoSlides.Diagram:c.o (2.4s)
✔ [738/771] Built VersoSlides.Animate:c.o (2.4s)
✔ [739/771] Built VersoSlides.ModuleExample (3.2s)
✔ [740/771] Built VersoSlides.Render:c.o (4.0s)
✔ [742/771] Built VersoSlides.Directives:c.o (4.2s)
✔ [743/771] Built VersoSlides.InlineLean:c.o (5.3s)
✔ [744/771] Built VersoSlides.LibModule (3.1s)
✔ [745/771] Built VersoSlides (828ms)
✔ [746/771] Built VersoSlides:c.o (114ms)
✔ [747/771] Built TestFixtures.PanelOption (830ms)
✔ [748/771] Built TestFixtures.Theme (788ms)
✔ [749/771] Built Tests.ConfigValidation (957ms)
✔ [750/771] Built TestFixtures.MinimalThemed (975ms)
✔ [751/771] Built TestFixtures.PanelOption:c.o (118ms)
✔ [752/771] Built TestFixtures.Theme:c.o (140ms)
✔ [753/771] Built TestFixtures.DiagramAnim (1.1s)
✔ [754/771] Built TestFixtures.MinimalThemed:c.o (105ms)
✔ [755/771] Built TestFixtures.Markup (1.3s)
✔ [756/771] Built TestFixtures.DiagramAnim:c.o (133ms)
✔ [757/771] Built TestFixtures.Markup:c.o (292ms)
✔ [758/771] Built Tests.ConfigValidation:c.o (711ms)
⚠ [759/771] Built TestFixtures.Code (1.6s)
warning: TestFixtures/Code.lean:73:0: Line 73 is too long (65 columns exceeds 60).

Note: Example code is shown on mobile devices and other narrow contexts. Long lines are likely to be truncated in the rendered output.

Hint: The limit of this linter can be changed with the option `verso.code.warnLineLength`. This linter can be disabled by setting this option to 0.
warning: TestFixtures/Code.lean:74:0: Line 74 is too long (61 columns exceeds 60).

Note: Example code is shown on mobile devices and other narrow contexts. Long lines are likely to be truncated in the rendered output.

Hint: The limit of this linter can be changed with the option `verso.code.warnLineLength`. This linter can be disabled by setting this option to 0.
warning: TestFixtures/Code.lean:114:0: Line 114 is too long (61 columns exceeds 60).

Note: Example code is shown on mobile devices and other narrow contexts. Long lines are likely to be truncated in the rendered output.

Hint: The limit of this linter can be changed with the option `verso.code.warnLineLength`. This linter can be disabled by setting this option to 0.
✔ [760/771] Built TestFixtures.Code:c.o (260ms)
✔ [761/771] Built TestFixtures.Build (822ms)
✔ [762/771] Built VersoSlides.ModuleExample:c.o (6.4s)
✔ [763/771] Built TestFixtures.Build:c.o (186ms)
✔ [764/771] Built VersoSlides.LibModule:c.o (4.9s)
✔ [765/771] Built «test-config-validation»:exe (838ms)
✔ [766/771] Built «test-fixtures-build»:exe (843ms)
✔ [767/771] Built Demo (14s)
✔ [768/771] Built Main (678ms)
✔ [769/771] Built Main:c.o (97ms)
✔ [770/771] Built Demo:c.o (854ms)
✔ [771/771] Built «demo-slides»:exe (786ms)
Some required targets logged failures:
- Tests.VirPublication
error: build failed
