✖ [625/698] Running lean_vir/virRuntimePack
trace: .> /home/egallego/lean/verso-slides/.worktrees/vir-prettym-first-landing/.qualification-assets-20261001/downstream/source/examples/default-deck/.lake/packages/lean_vir/.lake/build/bin/vir_resource_pack acquire /home/egallego/lean/verso-slides/.worktrees/vir-prettym-first-landing/.qualification-assets-20261001/downstream/source/examples/default-deck/.lake/packages/lean_vir/vir-resources/compatibility.json 832ab095ad79df0f10f538bcf71272731bb74b90df44f965dac2f086c222897d https://github.com/ejgallego/lean-vir/releases/download/resource-832ab095ad79df0f10f538bcf71272731bb74b90df44f965dac2f086c222897d/832ab095ad79df0f10f538bcf71272731bb74b90df44f965dac2f086c222897d.virres /home/egallego/lean/verso-slides/.worktrees/vir-prettym-first-landing/.qualification-assets-20261001/downstream/source/examples/default-deck/.lake/packages/lean_vir/.lake/build/vir/resources/runtime/832ab095ad79df0f10f538bcf71272731bb74b90df44f965dac2f086c222897d.virres /home/egallego/lean/verso-slides/.worktrees/vir-prettym-first-landing/.qualification-assets-20261001/downstream/source/examples/default-deck/.lake/packages/lean_vir/.vir-generated/VirResourceRuntime.virres
info: stderr:
uncaught exception: RESOURCE_DOWNLOAD_FAILED: OFFLINE_TRANSPORT_DENIED: https://github.com/ejgallego/lean-vir/releases/download/resource-832ab095ad79df0f10f538bcf71272731bb74b90df44f965dac2f086c222897d/832ab095ad79df0f10f538bcf71272731bb74b90df44f965dac2f086c222897d.virres
error: external command '/home/egallego/lean/verso-slides/.worktrees/vir-prettym-first-landing/.qualification-assets-20261001/downstream/source/examples/default-deck/.lake/packages/lean_vir/.lake/build/bin/vir_resource_pack' exited with code 1
ℹ [695/698] Replayed VersoSlides.VirPrettyM
info: VersoSlides/VirPrettyM.lean:14:2: deferred validation of imported dependency `VersoSlides.Pretty.formatSegments` (via VersoSlides.VirPrettyM.formatSegments -> VersoSlides.Pretty.formatSegments) because its compiled IR is opaque in this module; `:vir` package generation loads and validates the owning module's compiled IR
ℹ [697/745] Replayed «verso-slides»/VersoSlidesVirPrettyMResources:virResourcePack
info: stdout:
97b280b7c42cbed3783f31c98f7753d6eab5b9707f49f6cfbacdde2c0350ef58
ℹ [698/745] Replayed «verso-slides»/VersoSlides.VirPrettyM:virProgram
info: stdout:
wrote /home/egallego/lean/verso-slides/.worktrees/vir-prettym-first-landing/.qualification-assets-20261001/downstream/tmp/tmp.XXMBKTRW/program.irpkg-set.json
wrote /home/egallego/lean/verso-slides/.worktrees/vir-prettym-first-landing/.qualification-assets-20261001/downstream/tmp/tmp.XXMBKTRW/program.irpkg
wrote /home/egallego/lean/verso-slides/.worktrees/vir-prettym-first-landing/.qualification-assets-20261001/downstream/tmp/tmp.XXMBKTRW/report.md
package set members: 8
package format: 11
declarations: 135 (110 Lean IR, 25 native externs)
interface exports: 1
Some required targets logged failures:
- lean_vir/virRuntimePack
error: build failed
