✔ [4/33] Built SubVerso.Compat (3.7s)
✔ [5/33] Built SubVerso.Highlighting.Messages (494ms)
✔ [6/33] Built SubVerso.Highlighting.Messages:c.o (98ms)
✔ [7/33] Built SubVerso.Compat:c.o (2.1s)
✔ [8/33] Built SubVerso.Highlighting.Highlighted (3.5s)
✔ [9/33] Built SubVerso.Highlighting.String (618ms)
✔ [10/33] Built SubVerso.Highlighting.String:c.o (247ms)
✔ [11/33] Built SubVerso.Highlighting.Split (1.1s)
✔ [12/33] Built SubVerso.Highlighting.Anchors.Basic (1.1s)
✔ [13/33] Built SubVerso.Highlighting.Export (1.9s)
✔ [14/33] Built SubVerso.Highlighting.Anchors.Check (779ms)
✔ [15/33] Built SubVerso.Highlighting.Split:c.o (826ms)
✔ [16/33] Built SubVerso.Highlighting.Anchors.Check:c.o (375ms)
✔ [17/33] Built SubVerso.Highlighting.Anchors (575ms)
✔ [18/33] Built SubVerso.Highlighting.Anchors:c.o (58ms)
✔ [19/33] Built SubVerso.Highlighting.Anchors.Basic:c.o (2.1s)
✔ [20/33] Built SubVerso.Highlighting.Export:c.o (2.2s)
✔ [21/33] Built SubVerso.Highlighting.Highlighted:c.o (6.8s)
✔ [22/33] Built SubVerso.Highlighting.Code (10s)
✔ [23/33] Built SubVerso.Highlighting (498ms)
✔ [24/33] Built SubVerso.Highlighting:c.o (75ms)
✔ [25/33] Built SubVerso.Examples.Env (787ms)
✔ [26/33] Built SubVerso.Module (728ms)
✔ [27/33] Built SubVerso.Module:c.o (335ms)
✔ [28/33] Built SubVerso.Examples.Env:c.o (433ms)
✔ [29/33] Built ExtractModule (972ms)
✔ [30/33] Built ExtractModule:c.o (356ms)
✔ [31/33] Built SubVerso.Highlighting.Code:c.o (13s)
✔ [32/63] Built «subverso-extract-mod»:exe (725ms)
✔ [37/188] Built Verso.Doc.DocName (392ms)
✔ [38/188] Built VersoUtil.WfRec (446ms)
✔ [39/188] Built Verso.BEq (486ms)
✔ [40/188] Built Verso.Output.Html.Comments (668ms)
✔ [41/188] Built Verso.Output.Html.Tags (611ms)
✔ [42/188] Built Verso.CLI (562ms)
✔ [44/188] Built Verso.Output.Html.AttributeName (717ms)
✔ [45/188] Built VersoSlides.ImgSrc (750ms)
✔ [46/188] Built VersoManual.Html.Basic (723ms)
✔ [47/188] Built Verso.Hover (630ms)
✔ [48/188] Built Verso.Doc.DocName:c.o (150ms)
✔ [49/188] Built Verso.Output.Html.Entities (917ms)
✔ [50/188] Built VersoUtil.WfRec:c.o (164ms)
✔ [51/214] Built Verso.Output.Html.Tags:c.o (182ms)
✔ [52/214] Built Verso.BEq:c.o (214ms)
✔ [53/214] Built Verso.CLI:c.o (194ms)
✔ [54/214] Built Verso.Hover:c.o (156ms)
✔ [55/214] Built Verso.Parser.Lean (900ms)
✔ [56/214] Built MultiVerso.InternalId (852ms)
✔ [57/214] Built MultiVerso.Path (787ms)
✔ [58/295] Built Verso.Doc.DocName:dynlib (146ms)
✔ [59/295] Built Verso.Output.Html.Comments:c.o (246ms)
✔ [60/295] Built Verso.Output.Html.Tags:dynlib (109ms)
✔ [61/295] Built VersoUtil.WfRec:dynlib (111ms)
✔ [62/295] Built SubVerso.Helper.Netstring (1.2s)
✔ [63/295] Built Verso.Instances.Deriving (1.1s)
✔ [64/295] Built Verso.Output.Html.AttributeName:c.o (414ms)
✔ [65/295] Built Verso.Output.Html.Comments:dynlib (157ms)
✔ [66/295] Built VersoUtil.LzCompress (1.3s)
✔ [67/295] Built VersoManual.Html.Basic:c.o (420ms)
✔ [68/295] Built MultiVerso.Path:c.o (334ms)
✔ [69/295] Built Verso.Hover:dynlib (173ms)
✔ [70/295] Built Verso.EnvExtension (789ms)
✔ [71/295] Built Verso.Doc.Elab.ExpanderAttribute (697ms)
✔ [72/295] Built Verso.Doc.SourceRange (706ms)
✔ [73/295] Built MD4Lean/md4cEntityObj (112ms)
✔ [74/295] Built Verso.BEq:dynlib (178ms)
✔ [75/295] Built Verso.CLI:dynlib (162ms)
✔ [76/295] Built SubVerso.Examples.Messages.NormalizeLineNum (1.5s)
✔ [77/295] Built SubVerso.Examples.Messages.NormalizeMetavars (1.5s)
✔ [78/295] Built Verso.Parser.Lean:c.o (365ms)
✔ [79/295] Built MD4Lean/md4cHtmlObj (126ms)
✔ [80/295] Built Verso.Doc.Helpers (835ms)
✔ [81/295] Built MD4Lean/wrapperObj (192ms)
✔ [82/295] Built SubVerso.Helper.Netstring:c.o (360ms)
✔ [83/295] Built MultiVerso.InternalId:c.o (675ms)
✔ [84/295] Built Verso.Doc.SourceRange:c.o (259ms)
✔ [85/295] Built Verso.Doc.Elab.ExpanderAttribute:c.o (407ms)
✔ [86/295] Built Verso.Output.Html.ElasticLunr (484ms)
✔ [87/295] Built Verso.Output.Html.Entities:c.o (929ms)
✔ [88/295] Built Verso.Output.Html.AttributeName:dynlib (158ms)
✔ [89/295] Built VersoManual.Html.Basic:dynlib (182ms)
✔ [90/295] Built MultiVerso.Path:dynlib (139ms)
✔ [91/295] Built Verso.Hint (635ms)
✔ [92/295] Built Verso.Output.Html.CssVars (544ms)
✔ [93/295] Built MultiVerso.Manifest (1.7s)
✔ [94/295] Built MultiVerso.InternalId:dynlib (117ms)
✔ [95/295] Built Verso.EnvExtension:c.o (550ms)
✔ [96/295] Built MD4Lean/md4cCoreObj (753ms)
✔ [97/295] Built Verso.Doc.Suggestion.Basic (696ms)
✔ [98/295] Built Verso.Log (666ms)
✔ [99/295] Built Verso.Code.Highlighted.WebAssets (624ms)
✔ [100/295] Built SubVerso.Signature (2.1s)
✔ [101/295] Built Verso.Output.Html.Entities:dynlib (116ms)
✔ [102/295] Built MultiVerso.Method (2.0s)
✔ [103/295] Built Verso.Parser.Lean:dynlib (208ms)
✔ [104/295] Built Verso.Doc.Elab.ExpanderAttribute:dynlib (131ms)
✔ [105/295] Built Verso.Doc.SourceRange:dynlib (166ms)
✔ [106/295] Built Verso.Hint:c.o (110ms)
✔ [107/295] Built Verso.SmartSuggestions (699ms)
✔ [108/295] Built Verso.Output.Html.CssVars:c.o (162ms)
✔ [109/295] Built Verso.Output.Html.ElasticLunr:c.o (180ms)
✔ [110/295] Built MultiVerso.NameMap (1.9s)
✔ [111/295] Built Verso.EnvExtension:dynlib (148ms)
✔ [112/295] Built Verso.Doc.Helpers:c.o (345ms)
✔ [113/295] Built Verso.Doc.Suggestion.Basic:c.o (181ms)
✔ [114/295] Built Verso.Code.Highlighted.WebAssets:c.o (184ms)
✔ [115/295] Built VersoUtil.Zip (2.3s)
✔ [116/295] Built Verso.Instances.Deriving:c.o (914ms)
✔ [117/295] Built Verso.Log:c.o (235ms)
✔ [118/295] Built Verso.Hint:dynlib (112ms)
✔ [119/295] Built Verso.Doc.Suggestion.Basic:dynlib (132ms)
✔ [120/295] Built Verso.Output.Html.CssVars:dynlib (153ms)
✔ [121/295] Built Verso.Output.Html.ElasticLunr:dynlib (176ms)
✔ [122/317] Built SubVerso.Examples.Messages.NormalizeLineNum:c.o (675ms)
✔ [123/317] Built Verso.Instances.Deriving:dynlib (135ms)
✔ [124/317] Built Verso.Doc.Helpers:dynlib (160ms)
✔ [125/317] Built Verso.Log:dynlib (156ms)
✔ [126/317] Built Verso.Code.Highlighted.WebAssets:dynlib (184ms)
✔ [127/423] Built Verso.Doc.Name (1.2s)
✔ [128/423] Built SubVerso.Examples.Messages.NormalizeMetavars:c.o (709ms)
✔ [129/423] Built Verso.SmartSuggestions:c.o (452ms)
✔ [130/423] Built Verso.Doc.Elab.InlineString (562ms)
✔ [131/423] Built Verso.SmartSuggestions:dynlib (154ms)
✔ [132/423] Built Verso.BuildLog (1.4s)
✔ [133/423] Built VersoManual.Html.CssFile (747ms)
✔ [134/423] Built Verso.Doc.PointOfInterest (729ms)
✔ [135/423] Built VersoManual.TeX (429ms)
✔ [136/423] Built Verso.Doc.Name:c.o (456ms)
✔ [137/423] Built VersoManual.Html.Style (365ms)
✔ [138/424] Built SubVerso.Examples.Messages (1.2s)
✔ [139/424] Built Verso.Doc.Suggestion (783ms)
✔ [140/424] Built VersoManual.Ext (637ms)
✔ [141/424] Built VersoManual.TeX.Config (579ms)
✔ [142/424] Built MultiVerso.Method:c.o (1.1s)
✔ [143/424] Built SubVerso.Helper (1.6s)
✔ [144/424] Built VersoUtil.LzCompress:c.o (1.7s)
✔ [145/424] Built VersoManual.LicenseInfo (909ms)
✔ [146/425] Built Verso.Doc.Elab.InlineString:c.o (320ms)
✔ [147/425] Built MD4Lean.Basic (2.5s)
✔ [148/425] Built Verso.Doc.PointOfInterest:c.o (220ms)
✔ [149/425] Built VersoManual.Docstring.Config (753ms)
✔ [150/425] Built VersoManual.WebAssets (602ms)
✔ [151/425] Built VersoManual.Linters.Options (507ms)
✔ [152/425] Built Verso.Doc.Name:dynlib (142ms)
✔ [153/425] Built VersoManual.Html.JsFile (1.0s)
✔ [154/425] Built VersoManual.Html.CssFile:c.o (409ms)
✔ [155/425] Built VersoManual.TeX:c.o (154ms)
✔ [156/425] Built VersoManual.Html.Style:c.o (195ms)
✔ [157/425] Built VersoUtil.LzCompress:dynlib (111ms)
✔ [158/425] Built MultiVerso.Method:dynlib (141ms)
✔ [159/425] Built VersoManual.InlineLean.IO.Context (663ms)
✔ [160/428] Built SubVerso.Examples.Messages:c.o (331ms)
✔ [161/428] Built MultiVerso.NameMap:c.o (1.5s)
✔ [162/428] Built Verso.Doc.Suggestion:c.o (331ms)
✔ [163/428] Built Verso.Doc.PointOfInterest:dynlib (150ms)
✔ [164/428] Built VersoManual.Ext:c.o (389ms)
✔ [165/428] Built VersoManual.WebAssets:c.o (170ms)
✔ [166/432] Built Verso.Instances (1.4s)
✔ [167/432] Built MultiVerso.Manifest:c.o (1.8s)
✔ [168/432] Built Verso.Doc.Elab.InlineString:dynlib (165ms)
✔ [169/432] Built Verso.BuildLog:c.o (770ms)
✔ [170/432] Built VersoManual.Html.CssFile:dynlib (130ms)
✔ [171/432] Built VersoManual.Html.Style:dynlib (130ms)
✔ [172/432] Built VersoManual.Docstring.Config:c.o (302ms)
✔ [173/432] Built VersoManual.InlineLean.LongLines (743ms)
✔ [174/472] Built VersoUtil.BinFiles.Z85 (4.1s)
✔ [175/472] Built MultiVerso.NameMap:dynlib (121ms)
✔ [176/472] Built MultiVerso.Manifest:dynlib (100ms)
✔ [177/472] Built Verso.Doc.Suggestion:dynlib (108ms)
✔ [178/472] Built VersoManual.Ext:dynlib (99ms)
✔ [179/472] Built VersoManual.TeX.Config:c.o (464ms)
✔ [180/472] Built VersoManual.Docstring.Config:dynlib (120ms)
✔ [181/472] Built VersoManual.Linters.Options:c.o (222ms)
✔ [182/472] Built VersoManual.InlineLean.Scopes (1.0s)
✔ [185/599] Built Verso.BuildLog:dynlib (101ms)
✔ [186/599] Built VersoSearch.PorterStemmer (1.6s)
✔ [187/599] Built VersoManual.Linters.Options:dynlib (116ms)
✔ [188/609] Built VersoUtil.Zip:c.o (1.9s)
✔ [189/609] Built VersoManual.InlineLean.IO.Context:c.o (357ms)
✔ [190/609] Built VersoManual.TeX:dynlib (108ms)
✔ [191/609] Built VersoManual.TeX.Config:dynlib (90ms)
✔ [192/609] Built VersoManual.WebAssets:dynlib (134ms)
✔ [194/626] Built SubVerso.Helper:c.o (839ms)
✔ [195/626] Built VersoManual.InlineLean.IO.Context:dynlib (124ms)
✔ [196/626] Built VersoManual.InlineLean.LongLines:c.o (368ms)
✔ [199/626] Built VersoUtil.BinFiles.Z85:c.o (430ms)
✔ [200/626] Built VersoUtil.Zip:dynlib (133ms)
✔ [201/626] Built VersoManual.LicenseInfo:c.o (891ms)
✔ [202/626] Built VersoManual.InlineLean.LongLines:dynlib (149ms)
✔ [203/626] Built VersoUtil.BinFiles.Z85:dynlib (111ms)
✔ [204/626] Built VersoManual.LicenseInfo:dynlib (121ms)
✔ [205/626] Built VersoManual.Docstring.PrettyPrint (1.7s)
✔ [206/626] Built VersoManual.InlineLean.Scopes:c.o (467ms)
✔ [207/626] Built Illuminate.Geometry.Basic (490ms)
✔ [208/626] Built SubVerso.Signature:c.o (2.6s)
✔ [209/626] Built Verso.FS (582ms)
✔ [210/626] Built VersoManual.InlineLean.Scopes:dynlib (103ms)
✔ [211/626] Built Illuminate.Geometry.Basic:c.o (149ms)
✔ [212/626] Built VersoManual.Html.JsFile:c.o (939ms)
✔ [213/626] Built VersoManual.Html.JsFile:dynlib (100ms)
✔ [214/626] Built Illuminate.Animation.Types (797ms)
✔ [215/626] Built Vir.GeneratePackage.PackageFormat (502ms)
✔ [216/626] Built Verso.FS:c.o (325ms)
✔ [217/626] Built Vir.Hash (657ms)
✔ [218/626] Built Illuminate.Geometry.Types (1.0s)
✔ [219/626] Built Illuminate.Animation.Easing (593ms)
✔ [220/626] Built Vir.GeneratePackage.PackageFormat:c.o (185ms)
✔ [221/626] Built Verso.FS:dynlib (161ms)
✔ [222/626] Built VersoManual.LicenseInfo.Licenses (668ms)
✔ [223/626] Built Verso.Instances:c.o (1.3s)
✔ [224/626] Built MD4Lean.Basic:c.o (1.6s)
✔ [225/626] Built Verso.Instances:dynlib (140ms)
✔ [226/626] Built MD4Lean.Basic:dynlib (154ms)
✔ [227/626] Built VersoManual.LicenseInfo.Licenses:c.o (147ms)
✔ [228/626] Built Illuminate.Animation.Easing:c.o (215ms)
✔ [229/626] Built VersoUtil.BinFiles (858ms)
✔ [230/626] Built VersoManual.LicenseInfo.Licenses:dynlib (110ms)
✔ [231/626] Built VersoSearch.PorterStemmer:c.o (1.4s)
✔ [232/626] Built Illuminate.Animation.Animate (610ms)
✔ [233/626] Built Vir.Resources.Types (1.3s)
✔ [234/626] Built VersoSearch.PorterStemmer:dynlib (83ms)
✔ [235/626] Built VersoLiterate.Config (1.7s)
✔ [236/626] Built Illuminate.Animation.Render (737ms)
✔ [237/626] Built Illuminate.Geometry.Types:c.o (586ms)
✔ [238/626] Built Verso.Output.Html (3.5s)
✔ [239/626] Built Illuminate.Geometry.Vec2 (608ms)
✔ [240/626] Built Illuminate.Geometry.Point (615ms)
✔ [241/626] Built Illuminate.Geometry.Matrix (594ms)
✔ [242/626] Built Illuminate.Animation.Types:c.o (830ms)
✔ [243/626] Built Vir.Hash:c.o (785ms)
✔ [244/626] Built VersoManual.Docstring.PrettyPrint:c.o (1.3s)
✔ [245/626] Built Illuminate.Style.Arrow (754ms)
✔ [246/626] Built Illuminate.Geometry.Point:c.o (110ms)
✔ [247/626] Built Illuminate.Animation.Animate:c.o (252ms)
✔ [248/626] Built MD4Lean.FFI (529ms)
✔ [249/626] Built VersoManual.Docstring.PrettyPrint:dynlib (79ms)
✔ [250/626] Built Illuminate.Geometry.Matrix:c.o (261ms)
✔ [251/626] Built VersoUtil.BinFiles:c.o (584ms)
✔ [252/626] Built Illuminate.Geometry.Vec2:c.o (297ms)
✔ [253/626] Built VersoSlides.SlideCode.CommentParsers (1.8s)
✔ [254/626] Built VersoUtil.BinFiles:dynlib (87ms)
✔ [255/626] Built Illuminate.Style.Arrow:c.o (314ms)
✔ [256/626] Built MD4Lean.FFI:c.o (235ms)
✔ [257/626] Built Illuminate.Geometry.PathData (1.1s)
✔ [258/626] Built MD4Lean.FFI:dynlib (76ms)
✔ [259/626] Built Illuminate.Animation.Render:c.o (658ms)
✔ [260/626] Built Vir.NativePayload (1.4s)
✔ [261/626] Built Illuminate.Geometry.Envelope (724ms)
✔ [262/626] Built Vir.Resources.Validate (826ms)
✔ [263/626] Built Vir.Resources.Types:c.o (952ms)
✔ [264/626] Built VersoUtil (499ms)
✔ [265/626] Built VersoUtil:c.o (103ms)
✔ [266/626] Built MD4Lean (439ms)
✔ [267/626] Built Illuminate.Geometry.PathData:c.o (507ms)
✔ [268/626] Built Vir.Resources (385ms)
✔ [269/626] Built VersoUtil:shared (84ms)
✔ [270/626] Built MD4Lean:c.o (107ms)
✔ [271/626] Built Vir.Resources.Pack (464ms)
✔ [272/626] Built MD4Lean:shared (75ms)
✔ [273/626] Built Illuminate.Style.Types (1.2s)
✔ [274/626] Built Illuminate.Geometry.Envelope:c.o (451ms)
✔ [275/626] Built Illuminate.Animation.Morph.CubicSeg (957ms)
✔ [276/626] Built VersoSlides.VirResourceSite (345ms)
✔ [277/626] Built Illuminate.Style.Stroke (396ms)
✔ [278/626] Built Illuminate.Animation.Interpolate (381ms)
✔ [279/626] Built Illuminate.Style.Stroke:c.o (124ms)
✔ [280/626] Built Vir.NativePayload:c.o (1.1s)
✔ [281/626] Built Verso.Output.Html.KaTeX (748ms)
✔ [282/626] Built Illuminate.Animation.Interpolate:c.o (166ms)
✔ [283/626] Built Illuminate.Style.Text (649ms)
✔ [284/626] Built Illuminate.Render.DrawCmd (649ms)
✔ [285/626] Built Vir.Resources.Pack:c.o (920ms)
✔ [286/626] Built Illuminate.Render.DrawCmd:c.o (228ms)
✔ [287/626] Built SubVerso.Examples (4.3s)
✔ [288/626] Built Verso.Output.Html.KaTeX:c.o (379ms)
✔ [289/626] Built Illuminate.Geometry.Trace (1.8s)
✔ [290/626] Built Illuminate.Style.Text:c.o (363ms)
✔ [291/626] Built Verso.Output.Html.KaTeX:dynlib (72ms)
✔ [292/626] Built Vir.Resources.Build (1.2s)
✔ [293/626] Built Illuminate.Style.Types:c.o (1.2s)
✔ [294/626] Built Illuminate.Geometry (235ms)
✔ [295/626] Built Illuminate.Geometry:c.o (103ms)
✔ [296/626] Built VersoSlides.SlideCode (2.4s)
✔ [297/626] Built Vir.Resources.Validate:c.o (2.1s)
✔ [298/626] Built SubVerso (555ms)
✔ [299/626] Built Illuminate.Animation.Morph.CubicSeg:c.o (1.4s)
✔ [300/626] Built SubVerso:c.o (132ms)
✔ [301/626] Built VersoLiterate.Config:c.o (3.1s)
✔ [302/626] Built VersoLiterate.Config:dynlib (67ms)
✔ [303/626] Built Illuminate.Style.Color (1.8s)
✔ [304/626] Built Vir.Resources.Build:c.o (718ms)
✔ [305/626] Built Verso.Output.Html:c.o (3.2s)
✔ [306/626] Built Verso.Output.Html:dynlib (61ms)
✔ [307/626] Built Illuminate.Diagram.Types (987ms)
✔ [308/626] Built tools.VirResourcePack (984ms)
✔ [309/626] Built Illuminate.Animation.Morph.Types (406ms)
✔ [310/626] Built Illuminate.Geometry.Trace:c.o (1.4s)
✔ [311/626] Built Illuminate.Render.Svg (1.9s)
✔ [312/626] Built Illuminate.Animation.Effects (474ms)
✔ [313/626] Built Illuminate.Animation.Morph.Style (749ms)
✔ [314/626] Built VersoSlides.SlideCode.Export (1.0s)
✔ [315/626] Built tools.VirResourcePack:c.o (452ms)
✔ [316/626] Built Illuminate.Style.ColorWidget (877ms)
✔ [317/626] Built Illuminate.Animation.Effects:c.o (164ms)
✔ [318/626] Built Illuminate.Animation.Morph.Types:c.o (219ms)
✔ [319/626] Built Illuminate.Render (222ms)
✔ [320/626] Built Illuminate.Diagram.Types:c.o (748ms)
✔ [321/626] Built Illuminate.Render:c.o (78ms)
✔ [322/626] Built Illuminate.Backend.SVG (460ms)
✔ [323/626] Built Illuminate.Diagram.Basic (968ms)
✔ [324/626] Built Illuminate.Style.Color:c.o (1.2s)
✔ [325/626] Built Illuminate.Animation.Morph.Evaluate (544ms)
✔ [326/626] Built Illuminate.Backend.SVG:c.o (150ms)
✔ [327/626] Built Illuminate.Animation.Morph.Style:c.o (621ms)
✔ [328/626] Built Illuminate.Style (605ms)
✔ [329/626] Built Illuminate.Style:c.o (87ms)
✔ [330/626] Built Illuminate.Diagram.Basic:c.o (473ms)
✔ [331/626] Built Illuminate.Animation.Morph.Evaluate:c.o (314ms)
✔ [332/626] Built vir_resource_pack:exe (804ms)
✔ [333/626] Built Illuminate.Shapes.Arrows (542ms)
✔ [334/626] Built Illuminate.Style.ColorWidget:c.o (905ms)
✔ [335/626] Built Illuminate.Shapes.Arrows:c.o (207ms)
✔ [336/626] Built Illuminate.Render.Svg:c.o (1.4s)
✔ [338/640] Built Vir.LeanName (263ms)
✔ [339/640] Built Vir.BinaryLiteral (349ms)
✔ [340/640] Built Vir.GeneratePackage.PackageSet (318ms)
✔ [341/640] Built Vir.LeanName:c.o (116ms)
✔ [342/640] Built Vir.GeneratePackage.PackageSet:c.o (129ms)
✔ [343/640] Built SubVerso.Examples:c.o (3.4s)
✔ [344/640] Built SubVerso:shared (70ms)
✔ [345/640] Built Vir.BinaryLiteral.ToExpr (252ms)
✔ [346/640] Built Vir.Resources.Program (574ms)
✔ [347/640] Built Verso.ExpectString (427ms)
✔ [348/640] Built Verso.WithoutAsync (511ms)
✔ [349/640] Built Verso.WithoutAsync:c.o (110ms)
✔ [350/640] Built Verso.Code.External.Env (696ms)
✔ [351/640] Built Verso.ExpectString:c.o (204ms)
✔ [352/640] Built Verso.ExpectString:dynlib (61ms)
✔ [353/640] Built Verso.WithoutAsync:dynlib (69ms)
✔ [354/640] Built Verso.Code.External.Env:c.o (97ms)
✔ [355/640] Built Vir.Resources.Embed (725ms)
✔ [356/640] Built Verso.Code.External.Env:dynlib (54ms)
✔ [357/640] Built Verso.Code.External.Code (1.1s)
✔ [358/640] Built Illuminate.Diagram.Placement (2.9s)
✔ [359/640] Built Vir.Resources.Program:c.o (1.2s)
✔ [360/640] Built tools.VirResourceProgram (1.4s)
✔ [361/640] Built MultiVerso.Slug (9.3s)
✔ [362/640] Built Illuminate.Animation.Filmstrip (542ms)
✔ [363/640] Built Verso.Code.External.Files (1.2s)
✔ [364/640] Built Verso.Doc (2.2s)
✔ [365/640] Built Illuminate.Diagram.CurlyBrace (731ms)
✔ [366/640] Built Illuminate.Shapes.Flowchart (724ms)
✔ [367/640] Built Illuminate.Shapes.Operators (782ms)
✔ [368/640] Built Verso.Code.External.Code:c.o (1.1s)
✔ [369/640] Built Verso.Code.External.Code:dynlib (84ms)
✔ [370/640] Built Illuminate.Diagram.HitTest (882ms)
✔ [371/640] Built Illuminate.Diagram.Paper (970ms)
✔ [372/640] Built Illuminate.Shapes.Decorative (992ms)
✔ [373/640] Built Illuminate.Diagram.CurlyBrace:c.o (264ms)
✔ [374/640] Built Illuminate.Diagram.Arrow (1.0s)
✔ [375/640] Built Illuminate.Diagram.Paper:c.o (209ms)
✔ [376/640] Built Illuminate.Shapes.Flowchart:c.o (401ms)
✔ [377/640] Built Illuminate.Animation.Morph.Prepare (1.3s)
✔ [378/640] Built Illuminate.Shapes.Operators:c.o (488ms)
✔ [379/640] Built Illuminate.Shapes.Bubbles (1.3s)
✔ [380/640] Built Illuminate.Diagram.HitTest:c.o (444ms)
✔ [381/640] Built Illuminate.Animation.Filmstrip:c.o (813ms)
✔ [382/640] Built tools.VirResourceProgram:c.o (1.0s)
✔ [383/640] Built Illuminate.Shapes.Decorative:c.o (543ms)
✔ [384/640] Built Illuminate.Diagram.Compile (621ms)
✔ [385/640] Built Illuminate.Shapes (368ms)
✔ [386/640] Built Verso.Code.External.Files:c.o (1.3s)
✔ [387/640] Built Illuminate.DSL.CommDiag (850ms)
✔ [388/640] Built Illuminate.DSL.StateDiagram (862ms)
✔ [389/640] Built Illuminate.Animation.Morph (572ms)
✔ [390/640] Built Illuminate.Shapes:c.o (128ms)
✔ [391/640] Built Verso.Code.External.Files:dynlib (68ms)
✔ [392/640] Built Illuminate.Diagram.Arrow:c.o (912ms)
✔ [393/640] Built Illuminate.Animation.Morph:c.o (122ms)
✔ [394/640] Built Illuminate.Shapes.Bubbles:c.o (744ms)
✔ [395/640] Built Illuminate.Diagram.Compile:c.o (622ms)
✔ [396/640] Built Illuminate.DSL.StateDiagram:c.o (452ms)
✔ [397/640] Built Illuminate.Diagram.Validate (734ms)
✔ [398/640] Built Illuminate.DSL (558ms)
✔ [399/640] Built vir_resource_program:exe (1.0s)
✔ [400/701] Built Illuminate.DSL:c.o (123ms)
✔ [401/701] Built Illuminate.Diagram.TreeLayout (1.8s)
✔ [402/701] Built Illuminate.Diagram.Validate:c.o (344ms)
✔ [403/701] Built Illuminate.Diagram.Placement:c.o (2.9s)
✔ [404/701] Built Illuminate.DSL.CommDiag:c.o (1.1s)
✔ [405/701] Built Vir.HostMetadata (562ms)
✔ [406/701] Built Vir.GeneratePackage.PackageIRTags (523ms)
✔ [407/701] Built Vir.GeneratePackage.CachedImports (613ms)
✔ [408/701] Built Illuminate.Diagram (439ms)
✔ [409/701] Built Illuminate.Animation.Morph.Prepare:c.o (2.0s)
✔ [410/701] Built Vir.HostMetadata:c.o (241ms)
✔ [411/701] Built Vir.GeneratePackage.PackageIRTags:c.o (146ms)
✔ [412/701] Built Illuminate.Diagram:c.o (145ms)
✔ [413/701] Built Vir.GeneratePackage.NativeExterns (985ms)
✔ [414/701] Built Vir.IRDependencies (407ms)
✔ [415/701] Built MultiVerso.Slug:c.o (3.3s)
✔ [416/701] Built MultiVerso.Slug:dynlib (75ms)
✔ [417/701] Built Vir.Interface.Classify.Error (1.2s)
✔ [418/701] Built Vir.GeneratePackage.CachedImports:c.o (674ms)
✔ [419/701] Built Vir.IRDependencies:c.o (353ms)
✔ [420/701] Built Vir.InterfaceValidation (1.4s)
✔ [421/701] Built VersoSlides.Pretty (1.5s)
✔ [422/701] Built Vir.ExportValidation (716ms)
✔ [423/701] Built Vir.ClientNativeExternManifest (633ms)
✔ [424/701] Built MultiVerso.Link (464ms)
✔ [425/701] Built Vir.GeneratePackage.NativeExterns:c.o (752ms)
✔ [426/701] Built Illuminate.Animation.Compile (2.7s)
✔ [427/701] Built Illuminate.Diagram.TreeLayout:c.o (1.8s)
✔ [428/701] Built MultiVerso.Link:c.o (537ms)
✔ [429/701] Built Illuminate.Widget (2.3s)
✔ [430/701] Built Vir.ExportValidation:c.o (513ms)
✔ [431/701] Built Verso.Doc:c.o (4.1s)
✔ [432/701] Built MultiVerso.Link:dynlib (66ms)
✔ [433/701] Built Verso.Doc:dynlib (61ms)
✔ [434/701] Built Vir.Interface.Classify.Error:c.o (1.1s)
✔ [435/701] Built Vir.InterfaceValidation:c.o (931ms)
✔ [436/701] Built Vir.ClientNativeExternManifest:c.o (707ms)
✔ [437/701] Built Illuminate.Animation.Widget (652ms)
✔ [438/701] Built Illuminate.Animation.Widget:c.o (204ms)
✔ [439/701] Built Illuminate.Animation (412ms)
✔ [440/701] Built Verso.Doc.Elab.Basic (1.1s)
✔ [441/701] Built Illuminate.Animation:c.o (117ms)
✔ [442/701] Built Illuminate (422ms)
✔ [443/701] Built Illuminate:c.o (88ms)
✔ [444/701] Built MultiVerso (2.3s)
✔ [445/701] Built Verso.Doc.Elab.Basic:c.o (1.1s)
✔ [446/701] Built Verso.Doc.Elab.Basic:dynlib (52ms)
✔ [447/701] Built Illuminate.Animation.Compile:c.o (2.8s)
✔ [448/701] Built Illuminate.Widget:c.o (3.6s)
✔ [449/701] Built Illuminate:shared (76ms)
✔ [450/701] Built Vir.Interface.Model (6.2s)
✔ [451/701] Built Vir.GeneratePackage.Basic (501ms)
✔ [452/701] Built Vir.GeneratePackage.Basic:c.o (238ms)
✔ [453/701] Built Vir.GeneratePackage.Json (386ms)
✔ [454/701] Built Vir.GeneratePackage.Json:c.o (154ms)
✔ [455/701] Built Vir.Interface.Model:c.o (1.1s)
✔ [456/701] Built Vir.GeneratePackage.Inputs (765ms)
✔ [457/701] Built Vir.Resources.Runtime (10s)
✔ [458/701] Built Vir.GeneratePackage.Interface.Encode (458ms)
✔ [459/701] Built Vir.Interface.Classify.Basic (1.3s)
✔ [460/701] Built Vir.GeneratePackage.Closure (436ms)
✔ [461/701] Built Vir.GeneratePackage.Interface.Encode:c.o (527ms)
✔ [462/701] Built Vir.GeneratePackage.Closure:c.o (732ms)
✔ [463/701] Built Vir.Interface.Classify.Basic:c.o (1.1s)
✔ [464/701] Built MultiVerso:c.o (4.1s)
✔ [465/701] Built Vir.GeneratePackage.Inputs:c.o (1.4s)
✔ [466/701] Built MultiVerso:shared (62ms)
✔ [467/701] Built Vir.Interface.Classify.Core (1.5s)
✔ [468/701] Built Verso.Method (394ms)
✔ [469/701] Built Verso.Method:c.o (101ms)
✔ [470/701] Built Verso.Method:dynlib (71ms)
✔ [471/701] Built Vir.Interface.Classify.Signature (975ms)
✔ [472/701] Built Vir.Interface.Classify.Core:c.o (1.7s)
✔ [473/701] Built Vir.Interface.Classify.Signature:c.o (665ms)
✔ [474/701] Built Verso.SyntaxUtils (1.4s)
✔ [475/701] Built Verso.Output.TeX (2.0s)
✔ [476/701] Built Vir.HostValidation (1.1s)
✔ [477/701] Built Vir.Attributes (1.2s)
✔ [478/701] Built Vir.HostValidation:c.o (409ms)
✔ [479/701] Built Vir.Host (845ms)
ℹ [480/701] Built VersoSlides.VirPrettyM (771ms)
info: VersoSlides/VirPrettyM.lean:14:2: deferred validation of imported dependency `VersoSlides.Pretty.formatSegments` (via VersoSlides.VirPrettyM.formatSegments -> VersoSlides.Pretty.formatSegments) because its compiled IR is opaque in this module; `:vir` package generation loads and validates the owning module's compiled IR
✔ [481/701] Built Vir.Host:c.o (264ms)
✔ [482/701] Built Verso.Output.TeX:c.o (1.4s)
✔ [483/701] Built Verso.Output.TeX:dynlib (58ms)
✔ [484/701] Built Verso.SyntaxUtils:c.o (1.9s)
✔ [485/701] Built Verso.Output (440ms)
✔ [486/701] Built Verso.SyntaxUtils:dynlib (77ms)
✔ [487/701] Built Verso.Output:c.o (103ms)
✔ [488/701] Built Verso.Output:dynlib (62ms)
✔ [489/701] Built Vir.GeneratePackage.Interface.Collect (1.1s)
✔ [490/701] Built Vir.GeneratePackage.Manifest (788ms)
✔ [491/701] Built Vir.GeneratePackage.Interface.Collect:c.o (849ms)
✔ [492/701] Built Verso.Doc.TeX (1.5s)
✔ [493/701] Built Vir.GeneratePackage.Manifest:c.o (311ms)
✔ [494/701] Built Vir.GeneratePackage.Manifest.Encode (704ms)
✔ [495/701] Built Vir.GeneratePackage.Report (843ms)
✔ [496/701] Built Vir.GeneratePackage.Manifest.Encode:c.o (240ms)
✔ [497/701] Built Verso.Code.Highlighted (2.5s)
✔ [498/701] Built Verso.Doc.TeX:c.o (937ms)
✔ [499/701] Built Verso.Parser (2.1s)
✔ [500/701] Built Verso.Doc.TeX:dynlib (53ms)
✔ [501/701] Built Vir.GeneratePackage.Report:c.o (321ms)
✔ [502/701] Built Vir.GeneratePackage.Emit (958ms)
✔ [503/701] Built Vir.GeneratePackage.Run (1.1s)
✔ [504/701] Built Vir.GeneratePackage.Emit:c.o (1.2s)
✔ [505/701] Built Vir.GeneratePackage (610ms)
✔ [506/701] Built Vir.GeneratePackage:c.o (75ms)
✔ [507/701] Built Vir.GeneratePackage.Run:c.o (881ms)
✔ [508/701] Built Verso.Parser:c.o (2.5s)
✔ [509/701] Built Verso.Parser:dynlib (56ms)
✔ [510/701] Built Verso.Code.Highlighted:c.o (2.9s)
✔ [511/701] Built Verso.Code.Highlighted:dynlib (63ms)
✔ [512/701] Built tools.VirProgram (1.3s)
✔ [513/701] Built Verso.Linters (976ms)
✔ [514/701] Built Verso.Doc.Html (1.0s)
✔ [515/701] Built Verso.Code.HighlightedToTex (1.2s)
✔ [516/701] Built tools.VirProgram:c.o (600ms)
✔ [517/701] Built Verso.Code.HighlightedToTex:c.o (502ms)
✔ [518/701] Built Verso.Code.HighlightedToTex:dynlib (57ms)
✔ [519/701] Built Verso.Doc.Html:c.o (753ms)
✔ [520/701] Built Verso.Doc.Html:dynlib (57ms)
✔ [521/701] Built Verso.Linters:c.o (1.2s)
✔ [522/701] Built Verso.Linters:dynlib (52ms)
✔ [523/701] Built vir_program:exe (868ms)
ℹ [524/701] Built «verso-slides»/VersoSlides.VirPrettyM:virProgram (1.1s)
info: stdout:
wrote /home/egallego/lean/verso-slides/.worktrees/vir-prettym-first-landing/.qualification-assets-20261001/downstream/tmp/tmp.XXrVhLjE/program.irpkg-set.json
wrote /home/egallego/lean/verso-slides/.worktrees/vir-prettym-first-landing/.qualification-assets-20261001/downstream/tmp/tmp.XXrVhLjE/program.irpkg
wrote /home/egallego/lean/verso-slides/.worktrees/vir-prettym-first-landing/.qualification-assets-20261001/downstream/tmp/tmp.XXrVhLjE/report.md
package set members: 8
package format: 11
declarations: 135 (110 Lean IR, 25 native externs)
interface exports: 1
ℹ [526/745] Built «verso-slides»/VersoSlidesVirPrettyMResources:virResourcePack (67ms)
info: stdout:
97b280b7c42cbed3783f31c98f7753d6eab5b9707f49f6cfbacdde2c0350ef58
✔ [527/745] Built Vir.Resources:c.o (162ms)
✔ [528/745] Built Vir.BinaryLiteral.ToExpr:c.o (131ms)
✔ [529/745] Built Verso.Doc.ArgParse (4.0s)
✔ [530/745] Built VersoSlides.ImgSrc:c.o (257ms)
✔ [531/745] Built VersoSlides.VirResourceSite:c.o (212ms)
✔ [532/745] Built Vir.Resources.Runtime:c.o (198ms)
✔ [533/745] Built Vir.BinaryLiteral:c.o (364ms)
✔ [534/745] Built Vir.Resources.Embed:c.o (429ms)
✔ [535/745] Built VersoSlides.ImageWidget (716ms)
✔ [536/745] Built VersoSlides.SlideCode.CommentParsers:c.o (895ms)
✔ [537/745] Built VersoSlides.ImageWidget:c.o (237ms)
✔ [538/745] Built VersoSlides.SlideCode.Export:c.o (1.1s)
✔ [539/745] Built VersoSlides.VirPrettyMResources (1.4s)
✔ [540/745] Built VersoSlides.VirPrettyMResources:c.o (115ms)
✔ [541/745] Built VersoSlides.Pretty:c.o (1.5s)
✔ [542/745] Built VersoSlides.VirResources (525ms)
✔ [543/745] Built VersoSlides.VirResources:c.o (89ms)
✔ [544/745] Built VersoSlides.SlideCode:c.o (3.1s)
✔ [545/745] Built Verso.Doc.ArgParse:c.o (3.3s)
✔ [546/745] Built Verso.Doc.ArgParse:dynlib (53ms)
✔ [547/745] Built Verso.Code.External.Config (1.0s)
✔ [548/745] Built Verso.Code.External.Config:c.o (378ms)
✔ [549/745] Built Verso.Code.External.Config:dynlib (55ms)
✔ [550/745] Built Verso.Doc.Elab.Monad (4.1s)
✔ [551/745] Built Verso.Doc.Elab.Monad:c.o (6.0s)
✔ [552/745] Built Verso.Doc.Elab.Monad:dynlib (61ms)
✔ [553/745] Built Verso.Doc.Elab.ExtensionResolution (874ms)
✔ [554/745] Built Verso.Doc.Elab.Inline (1.1s)
✔ [555/745] Built Verso.Doc.Elab.Inline:c.o (891ms)
✔ [556/745] Built Verso.Doc.Elab.Inline:dynlib (52ms)
✔ [557/745] Built Verso.Doc.Elab.ExtensionResolution:c.o (1.5s)
✔ [558/745] Built Verso.Doc.Elab.ExtensionResolution:dynlib (56ms)
✔ [559/745] Built Verso.Doc.Lsp (2.5s)
✔ [560/745] Built Verso.Doc.Elab.Block (965ms)
✔ [561/745] Built Verso.Doc.Elab.Block:c.o (1.1s)
✔ [562/745] Built Verso.Doc.Elab.Block:dynlib (54ms)
✔ [563/745] Built Verso.Doc.Lsp:c.o (3.6s)
✔ [564/745] Built Verso.Doc.Lsp:dynlib (51ms)
✔ [565/745] Built Verso.Doc.Elab (2.8s)
✔ [566/745] Built Verso.Doc.Elab:c.o (3.1s)
✔ [567/745] Built Verso.Doc.Elab:dynlib (51ms)
✔ [568/745] Built Verso.Doc.Concrete.InlineString (777ms)
✔ [569/745] Built Verso.Doc.Concrete.InlineString:c.o (397ms)
✔ [570/745] Built Verso.Doc.Concrete.InlineString:dynlib (58ms)
✔ [571/745] Built Verso.Doc.Concrete (1.8s)
✔ [572/745] Built Verso.Code.External (4.3s)
✔ [573/745] Built Verso.Doc.Concrete:c.o (1.6s)
✔ [574/745] Built Verso.Doc.Concrete:dynlib (51ms)
✔ [575/745] Built Verso.Code.External:c.o (8.5s)
✔ [576/745] Built Verso.Code.External:dynlib (55ms)
✔ [577/745] Built Verso.Code (515ms)
✔ [578/745] Built Verso.Code:c.o (66ms)
✔ [579/745] Built Verso.Code:dynlib (62ms)
✔ [580/745] Built Verso (537ms)
✔ [581/745] Built Verso:c.o (79ms)
✔ [582/745] Built Verso:shared (109ms)
✔ [583/745] Built VersoManual.Html.DataFile (503ms)
✔ [584/745] Built VersoManual.Html.SoftHyphenate (465ms)
✔ [585/745] Built VersoManual.Docstring.Basic (464ms)
✔ [586/745] Built VersoManual.Docstring.Basic:c.o (195ms)
✔ [587/745] Built VersoManual.Docstring.Basic:dynlib (72ms)
✔ [588/745] Built VersoManual.Html.DataFile:c.o (267ms)
✔ [589/745] Built VersoManual.Html.DataFile:dynlib (67ms)
✔ [590/745] Built VersoManual.Html.SoftHyphenate:c.o (354ms)
✔ [591/745] Built VersoManual.Html.SoftHyphenate:dynlib (58ms)
✔ [592/745] Built VersoSlides.SlideCode.Render (948ms)
✔ [593/745] Built VersoManual.Linters (1.0s)
✔ [594/745] Built VersoManual.InlineLean.Outputs (976ms)
✔ [595/745] Built VersoSearch.DomainSearch (1.1s)
✔ [596/745] Built VersoManual.InlineLean.Outputs:c.o (164ms)
✔ [597/745] Built VersoManual.InlineLean.Outputs:dynlib (58ms)
✔ [598/745] Built VersoSlides.SlideCode.Render:c.o (488ms)
✔ [599/745] Built VersoIlluminate (1.5s)
✔ [600/745] Built VersoManual.Linters:c.o (641ms)
✔ [601/745] Built VersoManual.Linters:dynlib (54ms)
✔ [602/745] Built VersoManual.Docstring.DocName (1.1s)
✔ [603/745] Built VersoManual.Html.Features (1.1s)
✔ [604/745] Built VersoLiterate.Basic (1.0s)
✔ [605/745] Built VersoSearch.DomainSearch:c.o (1.0s)
✔ [606/745] Built VersoSearch.DomainSearch:dynlib (50ms)
✔ [607/745] Built VersoIlluminate:c.o (1.8s)
✔ [608/745] Built VersoIlluminate:shared (54ms)
✔ [609/745] Built VersoManual.Html.Features:c.o (1.7s)
✔ [610/745] Built VersoManual.Docstring.DocName:c.o (1.8s)
✔ [611/745] Built VersoManual.Html.Features:dynlib (44ms)
✔ [612/745] Built VersoManual.Docstring.DocName:dynlib (48ms)
✔ [613/745] Built VersoLiterate.Basic:c.o (2.1s)
✔ [614/745] Built VersoManual.Html.Config (415ms)
✔ [615/745] Built VersoLiterate.Basic:dynlib (53ms)
✔ [616/745] Built VersoManual.Html.Config:c.o (297ms)
✔ [617/745] Built VersoSearch (2.2s)
✔ [618/745] Built VersoManual.Html.Config:dynlib (49ms)
✔ [619/745] Built VersoLiterate.Exported (2.0s)
✔ [620/745] Built VersoSearch:c.o (2.6s)
✔ [621/745] Built VersoSearch:shared (61ms)
✔ [622/745] Built VersoLiterate.Search (736ms)
✔ [623/745] Built VersoLiterate.Search:c.o (73ms)
✔ [624/745] Built VersoLiterate.Search:dynlib (46ms)
✔ [625/745] Built VersoLiterate.Exported:c.o (3.5s)
✔ [626/745] Built VersoLiterate.Exported:dynlib (52ms)
✔ [627/745] Built VersoLiterate.Module (659ms)
✔ [628/745] Built VersoLiterate.Module:c.o (306ms)
✔ [629/745] Built VersoLiterate.Module:dynlib (50ms)
✔ [630/745] Built VersoLiterate (545ms)
✔ [631/745] Built VersoLiterate:c.o (73ms)
✔ [632/745] Built VersoLiterate:shared (57ms)
✔ [633/745] Built VersoManual.Basic (5.3s)
✔ [634/745] Built VersoManual.Basic:c.o (6.5s)
✔ [635/745] Built VersoManual.Basic:dynlib (53ms)
✔ [636/745] Built VersoManual.Glossary.Norm (823ms)
✔ [637/745] Built VersoManual.Row (1.1s)
✔ [638/745] Built VersoManual.Glossary.Norm:c.o (394ms)
✔ [639/745] Built VersoManual.Glossary.Norm:dynlib (73ms)
✔ [640/745] Built VersoManual.LocalContents (1.4s)
✔ [641/745] Built VersoManual.WordCount (1.4s)
✔ [642/745] Built VersoManual.License (1.6s)
✔ [643/745] Built VersoManual.Diagrams (1.6s)
✔ [644/745] Built VersoManual.Marginalia (1.9s)
✔ [645/745] Built VersoManual.Draft (1.0s)
✔ [646/745] Built VersoManual.WordCount:c.o (655ms)
✔ [647/745] Built VersoManual.Html (2.2s)
✔ [648/745] Built VersoManual.WordCount:dynlib (75ms)
✔ [649/745] Built VersoManual.Table (2.8s)
✔ [650/745] Built VersoManual.Markdown (2.9s)
✔ [651/745] Built VersoManual.Index (3.3s)
✔ [652/745] Built VersoManual.LocalContents:c.o (2.1s)
✔ [653/745] Built VersoManual.LocalContents:dynlib (49ms)
✔ [654/745] Built VersoManual.Html:c.o (2.2s)
✔ [655/745] Built VersoManual.Glossary (3.2s)
✔ [656/745] Built VersoManual.Html:dynlib (76ms)
✔ [657/745] Built VersoManual.Row:c.o (3.4s)
✔ [658/745] Built VersoManual.Row:dynlib (72ms)
✔ [659/745] Built VersoManual.License:c.o (3.1s)
✔ [660/745] Built VersoManual.License:dynlib (60ms)
✔ [661/745] Built VersoManual.Diagrams:c.o (3.5s)
✔ [662/745] Built VersoManual.Diagrams:dynlib (60ms)
✔ [663/745] Built VersoManual.Draft:c.o (3.2s)
✔ [664/745] Built VersoManual.Marginalia:c.o (3.3s)
✔ [665/745] Built VersoManual.Marginalia:dynlib (58ms)
✔ [666/745] Built VersoManual.Draft:dynlib (55ms)
✔ [667/745] Built VersoManual.HighlightedCode (716ms)
✔ [668/745] Built VersoManual.Markdown:c.o (2.5s)
✔ [669/745] Built VersoManual.Markdown:dynlib (54ms)
✔ [670/745] Built VersoManual.HighlightedCode:c.o (395ms)
✔ [671/745] Built VersoManual.HighlightedCode:dynlib (53ms)
✔ [672/745] Built VersoManual.Docstring.Progress (6.1s)
✔ [673/745] Built VersoManual.Table:c.o (4.2s)
✔ [674/745] Built VersoManual.Table:dynlib (61ms)
✔ [675/745] Built VersoManual.InlineLean.Block (1.2s)
✔ [676/745] Built VersoManual.InlineLean.Option (1.5s)
✔ [677/745] Built VersoManual.ExternalLean (1.7s)
✔ [678/745] Built VersoManual.InlineLean.Signature (1.8s)
✔ [679/745] Built VersoManual.InlineLean.Block:c.o (879ms)
✔ [680/745] Built VersoManual.InlineLean.Block:dynlib (60ms)
✔ [681/745] Built VersoManual.InlineLean.SyntaxError (2.1s)
✔ [682/745] Built VersoManual.Glossary:c.o (3.8s)
✔ [683/745] Built VersoManual.Bibliography (3.0s)
✔ [684/745] Built VersoManual.Glossary:dynlib (59ms)
✔ [685/745] Built VersoManual.ExternalLean:c.o (1.7s)
✔ [686/745] Built VersoManual.ExternalLean:dynlib (60ms)
✔ [687/745] Built VersoManual.Index:c.o (6.4s)
✔ [688/745] Built VersoManual.Index:dynlib (63ms)
✔ [689/745] Built VersoManual.InlineLean.Option:c.o (2.5s)
✔ [690/745] Built VersoManual.InlineLean.Option:dynlib (74ms)
✔ [691/745] Built VersoManual.Imports (1.0s)
✔ [692/745] Built VersoManual.Docstring.Progress:c.o (4.3s)
✔ [693/745] Built VersoManual.Docstring.Progress:dynlib (64ms)
✔ [694/745] Built VersoManual.InlineLean.Signature:c.o (2.0s)
✔ [695/745] Built VersoManual.InlineLean.SyntaxError:c.o (2.7s)
✔ [696/745] Built VersoManual.InlineLean.Signature:dynlib (55ms)
✔ [697/745] Built VersoManual.InlineLean.SyntaxError:dynlib (51ms)
✔ [698/745] Built VersoManual.InlineLean.IO (3.2s)
✔ [699/745] Built VersoManual.Literate (2.4s)
✔ [700/745] Built VersoManual.Imports:c.o (1.9s)
✔ [701/745] Built VersoManual.Imports:dynlib (53ms)
✔ [702/745] Built VersoManual.Bibliography:c.o (6.6s)
✔ [703/745] Built VersoManual.Bibliography:dynlib (49ms)
✔ [704/745] Built VersoManual.InlineLean.IO:c.o (3.9s)
✔ [705/745] Built VersoManual.InlineLean.IO:dynlib (50ms)
✔ [706/745] Built VersoManual.Literate:c.o (3.6s)
✔ [707/745] Built VersoManual.Literate:dynlib (52ms)
✔ [708/745] Built VersoManual.Docstring (8.4s)
✔ [709/745] Built VersoManual.InlineLean (5.1s)
✔ [710/745] Built VersoManual.InlineLean:c.o (8.1s)
✔ [711/745] Built VersoManual.InlineLean:dynlib (57ms)
✔ [712/745] Built VersoManual.Docstring:c.o (13s)
✔ [713/745] Built VersoManual.Docstring:dynlib (70ms)
✔ [714/745] Built VersoManual (4.8s)
✔ [715/745] Built VersoManual:c.o (13s)
✔ [716/745] Built VersoManual:shared (122ms)
✔ [717/745] Built VersoSlidesVendored (870ms)
✔ [718/745] Built VersoSlidesVendored:c.o (498ms)
✔ [719/745] Built VersoSlides.Basic (2.3s)
✔ [720/745] Built VersoSlides.Attributes (779ms)
✔ [721/745] Built VersoSlides.OtherLanguages (961ms)
✔ [722/745] Built VersoSlides.Attributes:c.o (198ms)
✔ [723/745] Built VersoSlides.Diagram (1.4s)
✔ [724/745] Built VersoSlides.InlineLean (2.2s)
✔ [725/745] Built VersoSlides.Directives (2.7s)
✔ [726/745] Built VersoSlides.Animate (1.6s)
✔ [727/745] Built VersoSlides.OtherLanguages:c.o (1.0s)
✔ [728/745] Built VersoSlides.Basic:c.o (3.1s)
✔ [729/745] Built VersoSlides.Render (2.6s)
✔ [730/745] Built VersoSlides.Diagram:c.o (2.4s)
✔ [731/745] Built VersoSlides.Animate:c.o (2.4s)
✔ [732/745] Built VersoSlides.ModuleExample (3.7s)
✔ [733/745] Built VersoSlides.Directives:c.o (3.9s)
✔ [734/745] Built VersoSlides.Render:c.o (3.4s)
✔ [735/745] Built VersoSlides.InlineLean:c.o (4.8s)
✔ [736/745] Built VersoSlides.LibModule (2.9s)
✔ [737/745] Built VersoSlides (579ms)
✔ [738/745] Built VersoSlides:c.o (81ms)
✔ [739/745] Built MyTalk.Slides (737ms)
✔ [740/745] Built MyTalk.Slides:c.o (74ms)
✔ [741/745] Built Main (630ms)
✔ [742/745] Built Main:c.o (80ms)
✔ [743/745] Built VersoSlides.ModuleExample:c.o (5.2s)
✔ [744/745] Built VersoSlides.LibModule:c.o (3.4s)
✔ [745/745] Built «my-talk»:exe (670ms)
Build completed successfully (745 jobs).
