✔ inclusive small input budgets and one over (1.623566ms)
✔ strict constructors, exact numeric scalars, Unicode and cyclic input (1.451973ms)
✔ admission rejects before ABI calls; finite v2 failures leave adapter usable (0.388432ms)
✔ plain text and hard lines survive HTML escaping exactly (2.302804ms)
✔ full exact tag stacks survive; nearest registered annotation owns presentation (1.693809ms)
✔ annotation classes and binding attributes cannot introduce HTML attributes (0.793133ms)
✔ goal structure shares indexed formats and escapes names/prefixes (0.861512ms)
✔ pixel-to-column conversion calls only the typed VIR facade without changing text (1.0834ms)
✔ one DOM measurer accounts for Reveal scaling and releases its probe (0.720256ms)
✔ shared signature rendering always releases measurement (success) (1.725288ms)
✔ shared signature rendering always releases measurement (failure) (0.602043ms)
✔ shared goal rendering always releases measurement (success) (0.853657ms)
✔ shared goal rendering always releases measurement (failure) (0.733981ms)
✔ formatting failure reports raw evidence and deliberate presentation (0.736576ms)
✔ loading notification import-retry preserves the observed current promise without unhandled errors (52.123097ms)
✔ loading notification creation-retry preserves the observed current promise without unhandled errors (48.808818ms)
✔ loading notification terminal preserves the observed current promise without unhandled errors (33.604698ms)
✔ loading notification persisted preserves the observed current promise without unhandled errors (52.858021ms)
✔ pending creation receives independent expectedExports/signal; pagehide aborts without a facade (4.274166ms)
✔ cancellation before import finishes skips creation and cannot publish a facade (1.562831ms)
✔ retry before module acquisition completes only starts the latest creation (1.350492ms)
✔ late success during creation is disposed once and never handed off (1.232239ms)
✔ slow initialization shows loading without publishing a facade (1.040559ms)
✔ failure keeps raw diagnostics and explicit button retry owns a fresh program (1.530781ms)
✔ overlapping attempts (old first) never install an obsolete success (1.173779ms)
✔ overlapping attempts (new first) never install an obsolete success (1.038555ms)
✔ obsolete rejection cannot replace a newer ready view with a failure (1.06807ms)
✔ ready retry and terminal pagehide contain raw disposal failure (object) (1.17975ms)
✔ ready retry and terminal pagehide contain raw disposal failure (object) (1.018418ms)
✔ ready retry and terminal pagehide contain raw disposal failure (undefined) (0.88724ms)
✔ late obsolete retry success reports raw cleanup failure (object) (1.203565ms)
✔ late obsolete retry success reports raw cleanup failure (object) (1.047692ms)
✔ late obsolete retry success reports raw cleanup failure (undefined) (0.952092ms)
✔ ignored retry rejection/ready cleanup (Error) and throwing diagnostics produce no unhandled errors (49.8245ms)
✔ ignored retry rejection/ready cleanup (null) and throwing diagnostics produce no unhandled errors (48.657613ms)
✔ ignored retry rejection/ready cleanup (undefined) and throwing diagnostics produce no unhandled errors (47.878947ms)
✔ obsolete cancellation reports own raw cleanup evidence (undefined) (1.606114ms)
✔ obsolete cancellation reports own raw cleanup evidence (object) (1.068642ms)
✔ obsolete cancellation reports own raw cleanup evidence (object) (1.790861ms)
✔ resolved lifetime preserves bfcache and disposes on terminal pagehide (0.974495ms)
✔ late disposal throwing Error retains/reports evidence without an unhandled rejection (31.290331ms)
✔ late disposal throwing null retains/reports evidence without an unhandled rejection (34.140477ms)
✔ late disposal throwing undefined retains/reports evidence without an unhandled rejection (36.969682ms)
✔ late disposal diagnostics tolerate a throwing reporting sink (35.515365ms)
✔ arbitrary creation rejection (null) reports without coercion or a secondary unhandled rejection (34.973344ms)
✔ arbitrary creation rejection (undefined) reports without coercion or a secondary unhandled rejection (35.614791ms)
✔ arbitrary creation rejection (primitive) reports without coercion or a secondary unhandled rejection (34.211009ms)
✔ arbitrary creation rejection (proxy) reports without coercion or a secondary unhandled rejection (33.3087ms)
✔ arbitrary creation rejection (sink) reports without coercion or a secondary unhandled rejection (49.868903ms)
✔ primary creation wrapper/context and untouched raw cause are logged (1.964078ms)
ℹ tests 50
ℹ suites 0
ℹ pass 50
ℹ fail 0
ℹ cancelled 0
ℹ skipped 0
ℹ todo 0
ℹ duration_ms 769.923113
