✔ [688/700] Built VersoSlides.ImgSrc (462ms)
✔ [689/700] Built VersoSlides.VirResourceSite (340ms)
✔ [690/700] Built VersoSlides.SlideCode.CommentParsers (1.1s)
✔ [691/700] Built VersoSlides.Pretty (1.4s)
ℹ [692/700] Replayed VersoSlides.VirPrettyM
info: VersoSlides/VirPrettyM.lean:14:2: deferred validation of imported dependency `VersoSlides.Pretty.formatSegments` (via VersoSlides.VirPrettyM.formatSegments -> VersoSlides.Pretty.formatSegments) because its compiled IR is opaque in this module; `:vir` package generation loads and validates the owning module's compiled IR
ℹ [693/700] Built «verso-slides»/VersoSlides.VirPrettyM:virProgram (1.2s)
info: stdout:
wrote /tmp/tmp.XXU9bGZJ/program.irpkg-set.json
wrote /tmp/tmp.XXU9bGZJ/program.irpkg
wrote /tmp/tmp.XXU9bGZJ/report.md
package set members: 8
package format: 11
declarations: 135 (110 Lean IR, 25 native externs)
interface exports: 1
ℹ [694/713] Built «verso-slides»/VersoSlidesVirPrettyMResources:virResourcePack (91ms)
info: stdout:
97b280b7c42cbed3783f31c98f7753d6eab5b9707f49f6cfbacdde2c0350ef58
✔ [707/763] Built VersoSlides.SlideCode (2.6s)
✔ [709/763] Built VersoSlides.Basic (3.6s)
✔ [710/763] Built VersoSlides.ImageWidget (917ms)
✔ [713/763] Built VersoSlides.SlideCode.Export (1.1s)
✔ [715/763] Built VersoSlides.VirPrettyMResources (1.8s)
✔ [717/763] Built VersoSlides.Attributes (1.1s)
✔ [719/763] Built VersoSlides.SlideCode.Render (1.7s)
✔ [721/763] Built VersoSlides.OtherLanguages (1.5s)
✔ [723/763] Built VersoSlides.VirResources (629ms)
✔ [725/763] Built VersoSlides.Diagram (1.0s)
✔ [727/763] Built VersoSlides.Animate (1.9s)
✔ [729/763] Built VersoSlides.Directives (3.0s)
✔ [731/763] Built VersoSlides.InlineLean (3.9s)
✔ [733/763] Built VersoSlides.Render (3.2s)
✔ [736/763] Built VersoSlides.ModuleExample (4.7s)
✔ [738/763] Built VersoSlides.Render:c.o (4.7s)
✔ [739/763] Built «test-vir-publication»:exe (790ms)
✔ [740/763] Built VersoSlides.LibModule (4.3s)
✔ [742/763] Built VersoSlides (896ms)
⚠ [749/763] Replayed TestFixtures.Code
warning: TestFixtures/Code.lean:73:0: Line 73 is too long (65 columns exceeds 60).

Note: Example code is shown on mobile devices and other narrow contexts. Long lines are likely to be truncated in the rendered output.

Hint: The limit of this linter can be changed with the option `verso.code.warnLineLength`. This linter can be disabled by setting this option to 0.
warning: TestFixtures/Code.lean:74:0: Line 74 is too long (61 columns exceeds 60).

Note: Example code is shown on mobile devices and other narrow contexts. Long lines are likely to be truncated in the rendered output.

Hint: The limit of this linter can be changed with the option `verso.code.warnLineLength`. This linter can be disabled by setting this option to 0.
warning: TestFixtures/Code.lean:114:0: Line 114 is too long (61 columns exceeds 60).

Note: Example code is shown on mobile devices and other narrow contexts. Long lines are likely to be truncated in the rendered output.

Hint: The limit of this linter can be changed with the option `verso.code.warnLineLength`. This linter can be disabled by setting this option to 0.
✔ [762/763] Built «demo-slides»:exe (900ms)
✔ [763/763] Built «test-fixtures-build»:exe (902ms)
Build completed successfully (763 jobs).
