✔ inclusive small input budgets and one over (1.756826ms)
✔ strict constructors, exact numeric scalars, Unicode and cyclic input (1.511725ms)
✔ admission rejects before ABI calls; finite v2 failures leave adapter usable (0.45702ms)
✔ plain text and hard lines survive HTML escaping exactly (4.917596ms)
✔ full exact tag stacks survive; nearest registered annotation owns presentation (3.00148ms)
✔ annotation classes and binding attributes cannot introduce HTML attributes (1.998161ms)
✔ goal structure shares indexed formats and escapes names/prefixes (1.927528ms)
✔ pixel-to-column conversion calls only the typed VIR facade without changing text (1.748942ms)
✔ one DOM measurer accounts for Reveal scaling and releases its probe (2.623948ms)
✔ shared signature rendering always releases measurement (success) (2.114479ms)
✔ shared signature rendering always releases measurement (failure) (1.31729ms)
✔ shared goal rendering always releases measurement (success) (1.224946ms)
✔ shared goal rendering always releases measurement (failure) (1.459407ms)
✔ formatting failure reports raw evidence and deliberate presentation (1.406247ms)
✔ loading notification terminal preserves the observed current promise without unhandled errors (61.29157ms)
✔ loading notification persisted preserves the observed current promise without unhandled errors (52.048763ms)
✔ pending creation receives resource URLs/signal; pagehide aborts without a facade (4.485473ms)
✔ cancellation before import finishes skips creation and cannot publish a facade (2.854112ms)
✔ late success during creation is disposed once and never handed off (1.518048ms)
✔ slow initialization shows loading without publishing a facade (1.473213ms)
✔ creation failure reports once without a retry control or another creation (7.458017ms)
✔ input and Lean Except errors leave the same program usable (3.075128ms)
✔ unexpected runtime failure (object) closes formatting without recreation or replay (1.673961ms)
✔ unexpected runtime failure (object) closes formatting without recreation or replay (1.284027ms)
✔ unexpected runtime failure (undefined) closes formatting without recreation or replay (1.212312ms)
✔ terminal document cleanup reports raw disposal failure (object) once (1.426645ms)
✔ terminal document cleanup reports raw disposal failure (object) once (1.744243ms)
✔ terminal document cleanup reports raw disposal failure (undefined) once (2.158101ms)
✔ obsolete cancellation reports own raw cleanup evidence (undefined) (1.414092ms)
✔ obsolete cancellation reports own raw cleanup evidence (object) (1.098357ms)
✔ obsolete cancellation reports own raw cleanup evidence (object) (1.39216ms)
✔ resolved lifetime preserves bfcache and disposes on terminal pagehide (1.550348ms)
✔ late disposal throwing Error retains/reports evidence without an unhandled rejection (46.823117ms)
✔ late disposal throwing null retains/reports evidence without an unhandled rejection (36.703442ms)
✔ late disposal throwing undefined retains/reports evidence without an unhandled rejection (55.218158ms)
✔ late disposal diagnostics tolerate a throwing reporting sink (52.608537ms)
✔ arbitrary creation rejection (null) reports without coercion or a secondary unhandled rejection (55.01198ms)
✔ arbitrary creation rejection (undefined) reports without coercion or a secondary unhandled rejection (42.349779ms)
✔ arbitrary creation rejection (primitive) reports without coercion or a secondary unhandled rejection (54.021075ms)
✔ arbitrary creation rejection (proxy) reports without coercion or a secondary unhandled rejection (54.257691ms)
✔ arbitrary creation rejection (sink) reports without coercion or a secondary unhandled rejection (53.940354ms)
✔ primary creation wrapper/context and untouched raw cause are logged (1.644656ms)
ℹ tests 42
ℹ suites 0
ℹ pass 42
ℹ fail 0
ℹ cancelled 0
ℹ skipped 0
ℹ todo 0
ℹ duration_ms 698.906182
