✔ [77/104] Built Vir.LeanName (406ms)
✔ [78/104] Built Vir.GeneratePackage.PackageFormat (381ms)
✔ [79/104] Built Vir.GeneratePackage.PackageFormat:c.o (113ms)
✔ [80/104] Built Vir.Hash (603ms)
✔ [81/104] Built Vir.LeanName:c.o (186ms)
✔ [82/104] Built Vir.Resources.Types (772ms)
✔ [83/104] Built Vir.GeneratePackage.PackageSet (411ms)
✔ [84/104] Built Vir.GeneratePackage.PackageSet:c.o (248ms)
✔ [85/104] Built Vir.Hash:c.o (464ms)
✔ [86/104] Built Vir.Resources.Types:c.o (652ms)
✔ [87/104] Built Vir.NativePayload (1.1s)
✔ [88/104] Built Vir.Resources.Validate (964ms)
✔ [89/104] Built Vir.Resources.Pack (576ms)
✔ [90/104] Built Vir.NativePayload:c.o (943ms)
✔ [91/104] Built Vir.Resources.Pack:c.o (705ms)
✔ [92/104] Built Vir.Resources.Build (1.1s)
✔ [93/104] Built Vir.Resources.Validate:c.o (1.9s)
✔ [94/104] Built Vir.Resources.Build:c.o (873ms)
✔ [95/104] Built Vir.Resources.Program (1.0s)
✔ [96/104] Built tools.VirResourcePack (1.6s)
✔ [97/104] Built tools.VirResourcePack:c.o (557ms)
✔ [98/104] Built tools.VirResourceProgram (1.3s)
✔ [99/104] Built tools.VirResourceProgram:c.o (340ms)
✔ [100/104] Built Vir.Resources.Program:c.o (1.7s)
✔ [101/104] Built vir_resource_pack:exe (904ms)
✔ [102/127] Built vir_resource_program:exe (803ms)
✔ [104/165] Built Vir.HostMetadata (587ms)
✔ [105/165] Built Vir.GeneratePackage.PackageIRTags (574ms)
✔ [106/165] Built Vir.GeneratePackage.PackageIRTags:c.o (143ms)
✔ [107/165] Built Vir.HostMetadata:c.o (325ms)
✔ [108/165] Built Vir.GeneratePackage.CachedImports (972ms)
✔ [109/165] Built Vir.GeneratePackage.NativeExterns (1.3s)
✔ [110/165] Built Vir.IRDependencies (680ms)
✔ [111/165] Built Vir.IRDependencies:c.o (378ms)
✔ [112/165] Built Vir.InterfaceValidation (1.7s)
✔ [113/165] Built Vir.GeneratePackage.CachedImports:c.o (754ms)
✔ [114/165] Built Vir.ClientNativeExternManifest (773ms)
✔ [115/165] Built Vir.ExportValidation (902ms)
✔ [116/165] Built Vir.Interface.Classify.Error (2.3s)
✔ [117/165] Built Vir.GeneratePackage.NativeExterns:c.o (967ms)
✔ [118/165] Built Vir.InterfaceValidation:c.o (1.3s)
✔ [119/165] Built Vir.ClientNativeExternManifest:c.o (880ms)
✔ [120/165] Built Vir.ExportValidation:c.o (852ms)
✔ [121/165] Built Vir.Interface.Classify.Error:c.o (1.5s)
✔ [122/165] Built Vir.Interface.Model (7.8s)
✔ [123/165] Built Vir.GeneratePackage.Basic (643ms)
✔ [124/165] Built Vir.GeneratePackage.Basic:c.o (256ms)
✔ [125/165] Built Vir.GeneratePackage.Json (386ms)
✔ [126/165] Built Vir.GeneratePackage.Json:c.o (157ms)
✔ [127/165] Built Vir.Interface.Model:c.o (1.3s)
✔ [128/165] Built Vir.Interface.Classify.Basic (1.4s)
✔ [129/165] Built Vir.GeneratePackage.Interface.Encode (544ms)
✔ [130/165] Built Vir.GeneratePackage.Inputs (954ms)
✔ [131/165] Built Vir.GeneratePackage.Closure (552ms)
✔ [132/165] Built Vir.GeneratePackage.Interface.Encode:c.o (616ms)
✔ [133/165] Built Vir.Interface.Classify.Basic:c.o (1.2s)
✔ [134/165] Built Vir.GeneratePackage.Closure:c.o (764ms)
✔ [135/165] Built Vir.Interface.Classify.Core (1.5s)
✔ [136/165] Built Vir.GeneratePackage.Inputs:c.o (1.5s)
✔ [137/165] Built Vir.Interface.Classify.Signature (895ms)
✔ [138/165] Built Vir.Interface.Classify.Core:c.o (1.5s)
✔ [139/165] Built Vir.Interface.Classify.Signature:c.o (543ms)
✔ [140/165] Built Vir.HostValidation (932ms)
✔ [141/165] Built Vir.Attributes (964ms)
ℹ [142/165] Replayed VersoSlides.VirPrettyM
info: VersoSlides/VirPrettyM.lean:14:2: deferred validation of imported dependency `VersoSlides.Pretty.formatSegments` (via VersoSlides.VirPrettyM.formatSegments -> VersoSlides.Pretty.formatSegments) because its compiled IR is opaque in this module; `:vir` package generation loads and validates the owning module's compiled IR
✔ [143/165] Built Vir.HostValidation:c.o (471ms)
✔ [144/165] Built Vir.Host (878ms)
✔ [145/165] Built Vir.Host:c.o (421ms)
✔ [146/165] Built Vir.GeneratePackage.Interface.Collect (1.3s)
✔ [147/165] Built Vir.GeneratePackage.Manifest (907ms)
✔ [148/165] Built Vir.GeneratePackage.Interface.Collect:c.o (1.1s)
✔ [149/165] Built Vir.GeneratePackage.Manifest:c.o (421ms)
✔ [150/165] Built Vir.GeneratePackage.Manifest.Encode (956ms)
✔ [151/165] Built Vir.GeneratePackage.Report (1.2s)
✔ [152/165] Built Vir.GeneratePackage.Manifest.Encode:c.o (367ms)
✔ [153/165] Built Vir.GeneratePackage.Report:c.o (463ms)
✔ [154/165] Built Vir.GeneratePackage.Emit (1.3s)
✔ [155/165] Built Vir.GeneratePackage.Run (1.5s)
✔ [156/165] Built Vir.GeneratePackage.Emit:c.o (1.9s)
✔ [157/165] Built Vir.GeneratePackage (621ms)
✔ [158/165] Built Vir.GeneratePackage:c.o (91ms)
✔ [159/165] Built Vir.GeneratePackage.Run:c.o (1.2s)
✔ [160/165] Built tools.VirProgram (1.4s)
✔ [161/165] Built tools.VirProgram:c.o (691ms)
✔ [162/165] Built vir_program:exe (970ms)
ℹ [163/165] Built «verso-slides»/VersoSlides.VirPrettyM:virProgram (1.5s)
info: stdout:
wrote /tmp/tmp.XXtk4RAE/program.irpkg-set.json
wrote /tmp/tmp.XXtk4RAE/program.irpkg
wrote /tmp/tmp.XXtk4RAE/report.md
package set members: 7
package format: 11
declarations: 93 (72 Lean IR, 21 native externs)
interface exports: 1
ℹ [164/698] Built «verso-slides»/VersoSlidesVendored:virResourcePack (72ms)
info: stdout:
ba68416b65643b594d5a21cbdcf893bc41b80d0df8f2d4e5e1c60fb24145862a
✔ [692/741] Built Vir.BinaryLiteral (441ms)
✔ [702/741] Built Vir.Resources.Site (417ms)
✔ [703/741] Built Vir.BinaryLiteral.ToExpr (344ms)
✔ [704/741] Built Vir.Resources (327ms)
✔ [705/741] Built Vir.BinaryLiteral:c.o (403ms)
✔ [706/741] Built Vir.Resources.Site:c.o (283ms)
✔ [707/741] Built Vir.BinaryLiteral.ToExpr:c.o (113ms)
✔ [708/741] Built Vir.Resources:c.o (99ms)
✔ [709/741] Built Vir.Resources.Embed (973ms)
✔ [710/741] Built Vir.Resources.Embed:c.o (528ms)
✔ [711/741] Built VersoSlidesVendored (1.8s)
✔ [731/741] Built Vir.Resources.Runtime (10s)
✔ [736/741] Built Vir.Resources.Runtime:c.o (151ms)
✔ [737/741] Built MyTalk.Slides (943ms)
✔ [738/741] Built MyTalk.Slides:c.o (116ms)
✔ [739/741] Built Main (810ms)
✔ [740/741] Built Main:c.o (126ms)
✔ [741/741] Built «my-talk»:exe (792ms)
Build completed successfully (741 jobs).
