✔ [75/103] Built Vir.LeanName (265ms)
✔ [76/103] Built Vir.GeneratePackage.PackageFormat (255ms)
✔ [77/103] Built VersoSlides.ImgSrc (320ms)
✔ [78/103] Built Vir.GeneratePackage.PackageFormat:c.o (76ms)
✔ [79/103] Built Vir.Hash (377ms)
✔ [80/103] Built Vir.LeanName:c.o (152ms)
✔ [81/103] Built Vir.Resources.Types (510ms)
✔ [82/103] Built Vir.GeneratePackage.PackageSet (328ms)
✔ [83/103] Built Vir.Hash:c.o (342ms)
✔ [84/103] Built Vir.GeneratePackage.PackageSet:c.o (211ms)
✔ [85/103] Built Vir.Resources.Types:c.o (548ms)
✔ [86/103] Built Vir.NativePayload (780ms)
✔ [87/103] Built Vir.Resources.Validate (657ms)
✔ [88/103] Built Vir.Resources.Pack (389ms)
✔ [89/103] Built Vir.NativePayload:c.o (606ms)
✔ [90/103] Built Vir.Resources.Pack:c.o (456ms)
✔ [91/103] Built Vir.Resources.Build (756ms)
✔ [92/103] Built Vir.Resources.Validate:c.o (1.4s)
✔ [93/103] Built Vir.Resources.Program (619ms)
✔ [94/103] Built Vir.Resources.Build:c.o (591ms)
✔ [95/103] Built tools.VirResourcePack (1.1s)
✔ [96/103] Built tools.VirResourcePack:c.o (434ms)
✔ [97/103] Built tools.VirResourceProgram (993ms)
✔ [98/103] Built tools.VirResourceProgram:c.o (256ms)
✔ [99/103] Built Vir.Resources.Program:c.o (1.2s)
✔ [100/103] Built vir_resource_pack:exe (849ms)
✔ [101/164] Built vir_resource_program:exe (729ms)
✔ [102/164] Built Vir.HostMetadata (574ms)
✔ [103/164] Built Vir.GeneratePackage.PackageIRTags (551ms)
✔ [104/164] Built Vir.GeneratePackage.PackageIRTags:c.o (117ms)
✔ [105/164] Built Vir.HostMetadata:c.o (291ms)
✔ [106/164] Built Vir.GeneratePackage.CachedImports (915ms)
✔ [107/164] Built Vir.GeneratePackage.NativeExterns (1.2s)
✔ [108/164] Built Vir.IRDependencies (659ms)
✔ [109/164] Built VersoSlides.Pretty (1.2s)
✔ [110/164] Built Vir.GeneratePackage.CachedImports:c.o (492ms)
✔ [111/164] Built Vir.IRDependencies:c.o (279ms)
✔ [112/164] Built Vir.InterfaceValidation (1.5s)
✔ [113/164] Built Vir.ExportValidation (622ms)
✔ [114/164] Built Vir.Interface.Classify.Error (1.8s)
✔ [115/164] Built Vir.ClientNativeExternManifest (569ms)
✔ [116/164] Built Vir.GeneratePackage.NativeExterns:c.o (604ms)
✔ [117/164] Built Vir.ExportValidation:c.o (505ms)
✔ [118/164] Built Vir.InterfaceValidation:c.o (727ms)
✔ [119/164] Built Vir.ClientNativeExternManifest:c.o (493ms)
✔ [120/164] Built Vir.Interface.Classify.Error:c.o (922ms)
✔ [121/164] Built Vir.Interface.Model (6.4s)
✔ [122/164] Built Vir.GeneratePackage.Basic (649ms)
✔ [123/164] Built Vir.GeneratePackage.Basic:c.o (255ms)
✔ [124/164] Built Vir.GeneratePackage.Json (440ms)
✔ [125/164] Built Vir.Interface.Model:c.o (1.2s)
✔ [126/164] Built Vir.Interface.Classify.Basic (1.3s)
✔ [127/164] Built Vir.GeneratePackage.Json:c.o (171ms)
✔ [128/164] Built Vir.GeneratePackage.Interface.Encode (554ms)
✔ [129/164] Built Vir.GeneratePackage.Inputs (1.1s)
✔ [130/164] Built Vir.GeneratePackage.Interface.Encode:c.o (527ms)
✔ [131/164] Built Vir.GeneratePackage.Closure (589ms)
✔ [132/164] Built Vir.Interface.Classify.Basic:c.o (1.2s)
✔ [133/164] Built Vir.Interface.Classify.Core (1.4s)
✔ [134/164] Built Vir.GeneratePackage.Closure:c.o (679ms)
✔ [135/164] Built Vir.GeneratePackage.Inputs:c.o (1.3s)
✔ [136/164] Built Vir.Interface.Classify.Signature (832ms)
✔ [137/164] Built Vir.Interface.Classify.Core:c.o (1.4s)
✔ [138/164] Built Vir.Interface.Classify.Signature:c.o (580ms)
✔ [139/164] Built Vir.HostValidation (992ms)
✔ [140/164] Built Vir.Attributes (1.0s)
✔ [141/164] Built Vir.HostValidation:c.o (471ms)
✔ [142/164] Built Vir.Host (786ms)
ℹ [143/164] Built VersoSlides.VirPrettyM (769ms)
info: VersoSlides/VirPrettyM.lean:14:2: deferred validation of imported dependency `VersoSlides.Pretty.formatSegments` (via VersoSlides.VirPrettyM.formatSegments -> VersoSlides.Pretty.formatSegments) because its compiled IR is opaque in this module; `:vir` package generation loads and validates the owning module's compiled IR
✔ [144/164] Built Vir.Host:c.o (409ms)
✔ [145/164] Built Vir.GeneratePackage.Interface.Collect (933ms)
✔ [146/164] Built Vir.GeneratePackage.Manifest (756ms)
✔ [147/164] Built Vir.GeneratePackage.Interface.Collect:c.o (869ms)
✔ [148/164] Built Vir.GeneratePackage.Manifest:c.o (326ms)
✔ [149/164] Built Vir.GeneratePackage.Manifest.Encode (709ms)
✔ [150/164] Built Vir.GeneratePackage.Report (987ms)
✔ [151/164] Built Vir.GeneratePackage.Manifest.Encode:c.o (286ms)
✔ [152/164] Built Vir.GeneratePackage.Report:c.o (402ms)
✔ [153/164] Built Vir.GeneratePackage.Emit (1.1s)
✔ [154/164] Built Vir.GeneratePackage.Run (1.1s)
✔ [155/164] Built Vir.GeneratePackage.Emit:c.o (1.6s)
✔ [156/164] Built Vir.GeneratePackage (825ms)
✔ [157/164] Built Vir.GeneratePackage:c.o (103ms)
✔ [158/164] Built Vir.GeneratePackage.Run:c.o (1.2s)
✔ [159/164] Built tools.VirProgram (1.5s)
✔ [160/164] Built tools.VirProgram:c.o (718ms)
✔ [161/164] Built vir_program:exe (980ms)
ℹ [162/164] Built «verso-slides»/VersoSlides.VirPrettyM:virProgram (1.5s)
info: stdout:
wrote /tmp/tmp.XXkYjibS/program.irpkg-set.json
wrote /tmp/tmp.XXkYjibS/program.irpkg
wrote /tmp/tmp.XXkYjibS/report.md
package set members: 7
package format: 11
declarations: 93 (72 Lean IR, 21 native externs)
interface exports: 1
ℹ [163/697] Built «verso-slides»/VersoSlidesVendored:virResourcePack (69ms)
info: stdout:
ba68416b65643b594d5a21cbdcf893bc41b80d0df8f2d4e5e1c60fb24145862a
✔ [686/699] Built Vir.BinaryLiteral (423ms)
✔ [687/699] Built Vir.Resources.Site (430ms)
✔ [688/711] Built Vir.BinaryLiteral.ToExpr (337ms)
✔ [690/711] Built Vir.Resources (385ms)
✔ [691/711] Built VersoSlides.SlideCode.CommentParsers (1.4s)
✔ [692/711] Built VersoSlides.ImageWidget (1.1s)
✔ [693/711] Built Vir.Resources.Embed (1.2s)
✔ [694/711] Built VersoSlidesVendored (1.0s)
✔ [695/711] Built VersoSlides.SlideCode (2.7s)
✔ [696/711] Built VersoSlides.SlideCode.Export (1.6s)
✔ [697/711] Built VersoSlides.SlideCode.Render (1.8s)
✔ [698/711] Built VersoSlides.Basic (3.6s)
✔ [699/711] Built VersoSlides.Attributes (1.1s)
✔ [700/711] Built VersoSlides.OtherLanguages (1.6s)
✔ [701/711] Built VersoSlides.Diagram (2.1s)
✔ [702/739] Built verso/Verso.Code.External:highlighted (9.3s)
✔ [704/741] Built Vir.BinaryLiteral.ToExpr:c.o (191ms)
✔ [705/741] Built Vir.Resources:c.o (258ms)
✔ [706/741] Built VersoSlides.ImgSrc:c.o (383ms)
✔ [707/741] Built VersoSlides.Attributes:c.o (495ms)
✔ [708/741] Built Vir.BinaryLiteral:c.o (561ms)
✔ [709/741] Built Vir.Resources.Site:c.o (514ms)
✔ [710/741] Built VersoSlides.ImageWidget:c.o (522ms)
✔ [711/741] Built Vir.Resources.Runtime (9.3s)
✔ [712/741] Built Vir.Resources.Embed:c.o (921ms)
✔ [713/741] Built VersoSlides.SlideCode.Render:c.o (1.0s)
✔ [714/741] Built VersoSlides.Pretty:c.o (1.0s)
✔ [715/741] Built Vir.Resources.Runtime:c.o (166ms)
✔ [716/741] Built VersoSlidesVendored:c.o (1.4s)
✔ [717/741] Built VersoSlides.SlideCode.CommentParsers:c.o (1.5s)
✔ [718/741] Built VersoSlides.InlineLean (4.5s)
✔ [719/741] Built VersoSlides.Animate (2.4s)
✔ [720/741] Built VersoSlides.SlideCode.Export:c.o (1.9s)
✔ [721/741] Built VersoSlides.Directives (4.8s)
✔ [722/741] Built VersoSlides.OtherLanguages:c.o (3.4s)
✔ [723/741] Built VersoSlides.Diagram:c.o (3.8s)
✔ [724/741] Built VersoSlides.SlideCode:c.o (4.9s)
✔ [725/741] Built VersoSlides.Render (4.3s)
✔ [726/741] Built VersoSlides.Basic:c.o (5.2s)
✔ [727/741] Built VersoSlides.Animate:c.o (3.9s)
✔ [728/741] Built VersoSlides.ModuleExample (5.8s)
✔ [729/741] Built VersoSlides.Directives:c.o (6.1s)
✔ [730/741] Built VersoSlides.InlineLean:c.o (8.3s)
✔ [731/741] Built VersoSlides.Render:c.o (5.5s)
✔ [732/741] Built VersoSlides.LibModule (4.4s)
✔ [733/741] Built VersoSlides (790ms)
✔ [734/741] Built VersoSlides:c.o (105ms)
✔ [735/741] Built VersoSlides.ModuleExample:c.o (9.6s)
✔ [736/741] Built VersoSlides.LibModule:c.o (6.6s)
✔ [737/741] Built Demo (15s)
✔ [738/741] Built Main (855ms)
✔ [739/741] Built Main:c.o (113ms)
✔ [740/741] Built Demo:c.o (1.4s)
✔ [741/741] Built «demo-slides»:exe (803ms)
Build completed successfully (741 jobs).
