✔ inclusive small input budgets and one over (3.064649ms)
✔ strict constructors, exact numeric scalars, Unicode and cyclic input (2.68743ms)
✔ admission rejects before ABI calls; finite v2 failures leave adapter usable (0.790719ms)
✔ plain text and hard lines survive HTML escaping exactly (4.46702ms)
✔ full exact tag stacks survive; nearest registered annotation owns presentation (3.09659ms)
✔ annotation classes and binding attributes cannot introduce HTML attributes (1.733614ms)
✔ goal structure shares indexed formats and escapes names/prefixes (2.047885ms)
✔ pixel-to-column conversion calls only the typed VIR facade without changing text (2.077371ms)
✔ one DOM measurer accounts for Reveal scaling and releases its probe (1.447004ms)
✔ shared signature rendering always releases measurement (success) (3.264687ms)
✔ shared signature rendering always releases measurement (failure) (1.295058ms)
✔ shared goal rendering always releases measurement (success) (1.293345ms)
✔ shared goal rendering always releases measurement (failure) (1.342207ms)
✔ formatting failure reports raw evidence and deliberate presentation (1.278637ms)
✔ loading notification import-retry preserves the observed current promise without unhandled errors (57.67524ms)
✔ loading notification creation-retry preserves the observed current promise without unhandled errors (54.948836ms)
✔ loading notification terminal preserves the observed current promise without unhandled errors (56.580028ms)
✔ loading notification persisted preserves the observed current promise without unhandled errors (52.17324ms)
✔ pending creation receives independent expectedExports/signal; pagehide aborts without a facade (4.258548ms)
✔ cancellation before import finishes skips creation and cannot publish a facade (1.745777ms)
✔ retry before module acquisition completes only starts the latest creation (1.645539ms)
✔ late success during creation is disposed once and never handed off (1.775873ms)
✔ slow initialization shows loading without publishing a facade (1.444039ms)
✔ failure keeps raw diagnostics and explicit button retry owns a fresh program (1.798196ms)
✔ overlapping attempts (old first) never install an obsolete success (1.445241ms)
✔ overlapping attempts (new first) never install an obsolete success (1.197625ms)
✔ obsolete rejection cannot replace a newer ready view with a failure (1.20029ms)
✔ ready retry and terminal pagehide contain raw disposal failure (object) (1.65689ms)
✔ ready retry and terminal pagehide contain raw disposal failure (object) (1.40741ms)
✔ ready retry and terminal pagehide contain raw disposal failure (undefined) (1.14182ms)
✔ late obsolete retry success reports raw cleanup failure (object) (1.6409ms)
✔ late obsolete retry success reports raw cleanup failure (object) (1.352447ms)
✔ late obsolete retry success reports raw cleanup failure (undefined) (1.39192ms)
✔ ignored retry rejection/ready cleanup (Error) and throwing diagnostics produce no unhandled errors (42.761811ms)
✔ ignored retry rejection/ready cleanup (null) and throwing diagnostics produce no unhandled errors (54.480875ms)
✔ ignored retry rejection/ready cleanup (undefined) and throwing diagnostics produce no unhandled errors (35.163004ms)
✔ obsolete cancellation reports own raw cleanup evidence (undefined) (1.318062ms)
✔ obsolete cancellation reports own raw cleanup evidence (object) (0.846053ms)
✔ obsolete cancellation reports own raw cleanup evidence (object) (1.394375ms)
✔ resolved lifetime preserves bfcache and disposes on terminal pagehide (0.705969ms)
✔ late disposal throwing Error retains/reports evidence without an unhandled rejection (52.293317ms)
✔ late disposal throwing null retains/reports evidence without an unhandled rejection (59.224376ms)
✔ late disposal throwing undefined retains/reports evidence without an unhandled rejection (57.337774ms)
✔ late disposal diagnostics tolerate a throwing reporting sink (56.427911ms)
✔ arbitrary creation rejection (null) reports without coercion or a secondary unhandled rejection (40.476479ms)
✔ arbitrary creation rejection (undefined) reports without coercion or a secondary unhandled rejection (47.567409ms)
✔ arbitrary creation rejection (primitive) reports without coercion or a secondary unhandled rejection (49.781938ms)
✔ arbitrary creation rejection (proxy) reports without coercion or a secondary unhandled rejection (41.881313ms)
✔ arbitrary creation rejection (sink) reports without coercion or a secondary unhandled rejection (42.121725ms)
✔ primary creation wrapper/context and untouched raw cause are logged (2.046643ms)
ℹ tests 50
ℹ suites 0
ℹ pass 50
ℹ fail 0
ℹ cancelled 0
ℹ skipped 0
ℹ todo 0
ℹ duration_ms 928.039831
