✔ [160/165] Built VersoSlides.ImgSrc (310ms)
✔ [161/165] Built VersoSlides.Pretty (606ms)
ℹ [162/165] Built VersoSlides.VirPrettyM (539ms)
info: VersoSlides/VirPrettyM.lean:14:2: deferred validation of imported dependency `VersoSlides.Pretty.formatSegments` (via VersoSlides.VirPrettyM.formatSegments -> VersoSlides.Pretty.formatSegments) because its compiled IR is opaque in this module; `:vir` package generation loads and validates the owning module's compiled IR
ℹ [163/165] Built «verso-slides»/VersoSlides.VirPrettyM:virProgram (1.1s)
info: stdout:
wrote /tmp/tmp.XXbYTP5c/program.irpkg-set.json
wrote /tmp/tmp.XXbYTP5c/program.irpkg
wrote /tmp/tmp.XXbYTP5c/report.md
package set members: 7
package format: 11
declarations: 93 (72 Lean IR, 21 native externs)
interface exports: 1
ℹ [164/191] Built «verso-slides»/VersoSlidesVendored:virResourcePack (105ms)
info: stdout:
ba68416b65643b594d5a21cbdcf893bc41b80d0df8f2d4e5e1c60fb24145862a
✔ [704/742] Built VersoSlides.ImageWidget (594ms)
✔ [706/742] Built VersoSlides.SlideCode.CommentParsers (911ms)
✔ [708/742] Built VersoSlidesVendored (1.2s)
✔ [710/742] Built VersoSlides.SlideCode (1.7s)
✔ [712/742] Built VersoSlides.SlideCode.Render (900ms)
✔ [713/742] Built VersoSlides.SlideCode.Export (912ms)
✔ [716/742] Built VersoSlides.Basic (2.5s)
✔ [718/742] Built VersoSlides.Attributes (823ms)
✔ [720/742] Built VersoSlides.OtherLanguages (1.2s)
✔ [722/742] Built VersoSlides.Diagram (1.4s)
✔ [724/742] Built VersoSlides.Directives (2.4s)
✔ [726/742] Built VersoSlides.Animate (1.4s)
✔ [728/742] Built VersoSlides.InlineLean (2.0s)
✔ [730/742] Built VersoSlides.Render (2.5s)
✔ [731/742] Built VersoSlides.ModuleExample (3.5s)
✔ [733/742] Built VersoSlides.Render:c.o (3.2s)
✔ [734/742] Built VersoSlides.LibModule (2.9s)
✔ [736/742] Built VersoSlides (650ms)
✔ [742/742] Built «demo-slides»:exe (652ms)
Build completed successfully (742 jobs).
