info: my-talk: no previous manifest, creating one from scratch
info: toolchain not updated; already up-to-date
warning: subverso: ignoring missing manifest:
  /home/egallego/lean/verso-slides/.worktrees/vir-prettym-scoped/examples/default-deck/.lake/packages/subverso/lake-manifest.json
ℹ [163/166] Replayed VersoSlides.VirPrettyM
info: VersoSlides/VirPrettyM.lean:14:2: deferred validation of imported dependency `VersoSlides.Pretty.formatSegments` (via VersoSlides.VirPrettyM.formatSegments -> VersoSlides.Pretty.formatSegments) because its compiled IR is opaque in this module; `:vir` package generation loads and validates the owning module's compiled IR
ℹ [164/166] Built «verso-slides»/VersoSlides.VirPrettyM:virProgram (1.1s)
info: stdout:
wrote /tmp/tmp.XXc9Cnis/program.irpkg-set.json
wrote /tmp/tmp.XXc9Cnis/program.irpkg
wrote /tmp/tmp.XXc9Cnis/report.md
package set members: 7
package format: 11
declarations: 93 (72 Lean IR, 21 native externs)
interface exports: 1
ℹ [165/701] Built «verso-slides»/VersoSlidesVendored:virResourcePack (52ms)
info: stdout:
ba68416b65643b594d5a21cbdcf893bc41b80d0df8f2d4e5e1c60fb24145862a
✔ [714/742] Built VersoSlidesVendored (1.2s)
✔ [738/742] Built MyTalk.Slides (642ms)
✔ [739/742] Built MyTalk.Slides:c.o (74ms)
✔ [740/742] Built Main (629ms)
✔ [741/742] Built Main:c.o (76ms)
✔ [742/742] Built «my-talk»:exe (599ms)
Build completed successfully (742 jobs).
