✔ [118/122] Built VersoSlides.Pretty (520ms)
ℹ [119/122] Replayed VersoSlides.VirPrettyM
info: VersoSlides/VirPrettyM.lean:14:2: deferred validation of imported dependency `VersoSlides.Pretty.formatSegments` (via VersoSlides.VirPrettyM.formatSegments -> VersoSlides.Pretty.formatSegments) because its compiled IR is opaque in this module; `:vir` package generation loads and validates the owning module's compiled IR
ℹ [120/122] Built «verso-slides»/VersoSlides.VirPrettyM:virProgram (1.1s)
info: stdout:
wrote /tmp/tmp.XXc8XRUl/program.irpkg-set.json
wrote /tmp/tmp.XXc8XRUl/program.irpkg
wrote /tmp/tmp.XXc8XRUl/report.md
package set members: 7
package format: 11
declarations: 93 (72 Lean IR, 21 native externs)
interface exports: 1
ℹ [121/192] Built «verso-slides»/VersoSlidesVirPrettyMResources:virResourcePack (50ms)
info: stdout:
6533441116b4390058891c6045874e2400e99cc72719f92f420c606c7215f995
✔ [693/713] Built VersoSlides.ImgSrc (293ms)
✔ [710/758] Built VersoSlides.ImageWidget (588ms)
✔ [712/758] Built VersoSlidesVirPrettyMResources (836ms)
✔ [715/758] Built VersoSlides.SlideCode.CommentParsers (967ms)
✔ [717/758] Built VersoSlides.SlideCode (1.6s)
✔ [719/758] Built VersoSlides.Basic (2.4s)
✔ [721/758] Built VersoSlides.Attributes (874ms)
✔ [723/758] Built VersoSlides.SlideCode.Render (1.0s)
✔ [724/758] Built VersoSlides.SlideCode.Export (1.0s)
✔ [727/758] Built VersoSlides.OtherLanguages (1.1s)
✔ [729/758] Built VersoSlides.Diagram (1.4s)
✔ [731/758] Built VersoSlides.Directives (2.6s)
✔ [733/758] Built VersoSlides.Animate (1.5s)
✔ [735/758] Built VersoSlides.Render (2.1s)
✔ [743/758] Built VersoSlides.InlineLean (2.3s)
✔ [745/758] Built VersoSlides.ModuleExample (3.2s)
✔ [747/758] Built VersoSlides.LibModule (3.2s)
✔ [749/758] Built VersoSlides (651ms)
✔ [754/758] Built Demo (9.9s)
✔ [756/758] Built Main (577ms)
✔ [758/758] Built «demo-slides»:exe (585ms)
Build completed successfully (758 jobs).
