ℹ [698/701] Replayed VersoSlides.VirPrettyM
info: VersoSlides/VirPrettyM.lean:14:2: deferred validation of imported dependency `VersoSlides.Pretty.formatSegments` (via VersoSlides.VirPrettyM.formatSegments -> VersoSlides.Pretty.formatSegments) because its compiled IR is opaque in this module; `:vir` package generation loads and validates the owning module's compiled IR
ℹ [699/701] Built «verso-slides»/VersoSlides.VirPrettyM:virProgram (976ms)
info: stdout:
wrote /tmp/tmp.XXCSSYHf/program.irpkg-set.json
wrote /tmp/tmp.XXCSSYHf/program.irpkg
wrote /tmp/tmp.XXCSSYHf/report.md
package set members: 7
package format: 11
declarations: 93 (72 Lean IR, 21 native externs)
interface exports: 1
ℹ [701/743] Built «verso-slides»/VersoSlidesVirPrettyMResources:virResourcePack (45ms)
info: stdout:
6533441116b4390058891c6045874e2400e99cc72719f92f420c606c7215f995
✔ [727/743] Built VersoSlidesVirPrettyMResources (844ms)
✔ [731/743] Built VersoSlides.InlineLean (2.3s)
✔ [733/743] Built VersoSlides.ModuleExample (2.5s)
✔ [735/743] Built VersoSlides.LibModule (2.6s)
✔ [737/743] Built VersoSlides (535ms)
✔ [739/743] Built MyTalk.Slides (581ms)
✔ [741/743] Built Main (545ms)
✔ [743/743] Built «my-talk»:exe (581ms)
Build completed successfully (743 jobs).
