✔ plain text and hard lines survive HTML escaping exactly (1.844131ms)
✔ full exact tag stacks survive; nearest registered annotation owns presentation (1.305748ms)
✔ annotation classes and binding attributes cannot introduce HTML attributes (0.584861ms)
✔ goal structure shares indexed formats and escapes names/prefixes (0.731147ms)
✔ pixel-to-column conversion calls only the typed VIR facade without changing text (0.955929ms)
✔ one DOM measurer accounts for Reveal scaling and releases its probe (0.682154ms)
✔ shared signature rendering always releases measurement (success) (0.694989ms)
✔ shared signature rendering always releases measurement (failure) (1.221229ms)
✔ shared goal rendering always releases measurement (success) (0.703604ms)
✔ shared goal rendering always releases measurement (failure) (0.678518ms)
✔ formatting failure reports raw evidence and deliberate presentation (0.607944ms)
✔ compact adapter passes scalar values and dimensions unchanged to VIR (0.704376ms)
✔ loading notification terminal preserves the observed current promise without unhandled errors (37.754628ms)
✔ loading notification persisted preserves the observed current promise without unhandled errors (27.803416ms)
✔ pending creation receives resource URLs/signal; pagehide aborts without a facade (6.197185ms)
✔ cancellation before import finishes skips creation and cannot publish a facade (1.525852ms)
✔ late success during creation is disposed once and never handed off (0.765381ms)
✔ slow initialization shows loading without publishing a facade (0.713212ms)
✔ creation failure reports once without a retry control or another creation (3.772712ms)
✔ malformed compact input leaves the same program usable (1.00428ms)
✔ active program survives request rejection (object) with raw diagnostics (0.799074ms)
✔ active program survives request rejection (object) with raw diagnostics (0.683497ms)
✔ active program survives request rejection (undefined) with raw diagnostics (0.6057ms)
✔ unexpected runtime failure (object) closes formatting without recreation or replay (0.841524ms)
✔ unexpected runtime failure (object) closes formatting without recreation or replay (0.659922ms)
✔ unexpected runtime failure (undefined) closes formatting without recreation or replay (0.543062ms)
✔ terminal document cleanup reports raw disposal failure (object) once (0.667316ms)
✔ terminal document cleanup reports raw disposal failure (object) once (1.1851ms)
✔ terminal document cleanup reports raw disposal failure (undefined) once (0.585842ms)
✔ obsolete cancellation reports own raw cleanup evidence (undefined) (0.649303ms)
✔ obsolete cancellation reports own raw cleanup evidence (object) (0.581264ms)
✔ obsolete cancellation reports own raw cleanup evidence (object) (0.569111ms)
✔ resolved lifetime preserves bfcache and disposes on terminal pagehide (0.590902ms)
✔ late disposal throwing Error retains/reports evidence without an unhandled rejection (32.966896ms)
✔ late disposal throwing null retains/reports evidence without an unhandled rejection (31.139626ms)
✔ late disposal throwing undefined retains/reports evidence without an unhandled rejection (30.556048ms)
✔ late disposal diagnostics tolerate a throwing reporting sink (32.550862ms)
✔ arbitrary creation rejection (null) reports without coercion or a secondary unhandled rejection (28.896233ms)
✔ arbitrary creation rejection (undefined) reports without coercion or a secondary unhandled rejection (31.744975ms)
✔ arbitrary creation rejection (primitive) reports without coercion or a secondary unhandled rejection (27.499945ms)
✔ arbitrary creation rejection (proxy) reports without coercion or a secondary unhandled rejection (26.284918ms)
✔ arbitrary creation rejection (sink) reports without coercion or a secondary unhandled rejection (27.596677ms)
✔ primary creation wrapper/context and untouched raw cause are logged (1.033566ms)
ℹ tests 43
ℹ suites 0
ℹ pass 43
ℹ fail 0
ℹ cancelled 0
ℹ skipped 0
ℹ todo 0
ℹ duration_ms 417.572213
