✔ [77/104] Built Vir.LeanName (235ms)
✔ [78/104] Built Vir.GeneratePackage.PackageFormat (194ms)
✔ [79/104] Built Vir.Hash (375ms)
✔ [80/104] Built Vir.LeanName:c.o (114ms)
✔ [81/104] Built Vir.GeneratePackage.PackageFormat:c.o (81ms)
✔ [82/104] Built Vir.Resources.Types (500ms)
✔ [83/104] Built Vir.GeneratePackage.PackageSet (307ms)
✔ [84/104] Built Vir.Hash:c.o (303ms)
✔ [85/104] Built Vir.GeneratePackage.PackageSet:c.o (127ms)
✔ [86/104] Built Vir.Resources.Types:c.o (395ms)
✔ [87/104] Built Vir.Resources.Validate (571ms)
✔ [88/104] Built Vir.NativePayload (730ms)
✔ [89/104] Built Vir.Resources.Pack (322ms)
✔ [90/104] Built Vir.NativePayload:c.o (489ms)
✔ [91/104] Built Vir.Resources.Pack:c.o (372ms)
✔ [92/104] Built Vir.Resources.Build (655ms)
✔ [93/104] Built Vir.Resources.Validate:c.o (928ms)
✔ [94/104] Built Vir.Resources.Build:c.o (371ms)
✔ [95/104] Built Vir.Resources.Program (529ms)
✔ [96/104] Built tools.VirResourcePack (964ms)
✔ [97/104] Built Vir.Resources.Program:c.o (743ms)
✔ [98/104] Built tools.VirResourcePack:c.o (301ms)
✔ [99/104] Built tools.VirResourceProgram (857ms)
✔ [100/104] Built tools.VirResourceProgram:c.o (174ms)
✔ [101/104] Built vir_resource_pack:exe (587ms)
✔ [102/165] Built vir_resource_program:exe (584ms)
✔ [104/165] Built Vir.HostMetadata (311ms)
✔ [105/165] Built Vir.GeneratePackage.PackageIRTags (288ms)
✔ [106/165] Built Vir.HostMetadata:c.o (179ms)
✔ [107/165] Built Vir.GeneratePackage.PackageIRTags:c.o (83ms)
✔ [108/165] Built Vir.GeneratePackage.CachedImports (564ms)
✔ [109/165] Built Vir.GeneratePackage.NativeExterns (545ms)
✔ [110/165] Built Vir.IRDependencies (382ms)
✔ [111/165] Built Vir.GeneratePackage.CachedImports:c.o (425ms)
✔ [112/165] Built Vir.IRDependencies:c.o (223ms)
✔ [113/165] Built Vir.InterfaceValidation (978ms)
✔ [114/165] Built Vir.ClientNativeExternManifest (504ms)
✔ [115/165] Built Vir.GeneratePackage.NativeExterns:c.o (516ms)
✔ [116/165] Built Vir.ExportValidation (407ms)
✔ [117/165] Built Vir.Interface.Classify.Error (1.1s)
✔ [118/165] Built Vir.ExportValidation:c.o (318ms)
✔ [119/165] Built Vir.ClientNativeExternManifest:c.o (379ms)
✔ [120/165] Built Vir.InterfaceValidation:c.o (567ms)
✔ [121/165] Built Vir.Interface.Classify.Error:c.o (642ms)
✔ [122/165] Built Vir.Interface.Model (4.3s)
✔ [123/165] Built Vir.GeneratePackage.Basic (466ms)
✔ [124/165] Built Vir.Interface.Model:c.o (688ms)
✔ [125/165] Built Vir.GeneratePackage.Basic:c.o (192ms)
✔ [126/165] Built Vir.GeneratePackage.Json (286ms)
✔ [127/165] Built Vir.GeneratePackage.Json:c.o (107ms)
✔ [128/165] Built Vir.Interface.Classify.Basic (963ms)
✔ [129/165] Built Vir.GeneratePackage.Inputs (626ms)
✔ [130/165] Built Vir.GeneratePackage.Interface.Encode (418ms)
✔ [131/165] Built Vir.GeneratePackage.Closure (440ms)
✔ [132/165] Built Vir.GeneratePackage.Interface.Encode:c.o (400ms)
✔ [133/165] Built Vir.Interface.Classify.Basic:c.o (703ms)
✔ [134/165] Built Vir.Interface.Classify.Core (1.1s)
✔ [135/165] Built Vir.GeneratePackage.Closure:c.o (518ms)
✔ [136/165] Built Vir.GeneratePackage.Inputs:c.o (1.1s)
✔ [137/165] Built Vir.Interface.Classify.Signature (603ms)
✔ [138/165] Built Vir.Interface.Classify.Core:c.o (849ms)
✔ [139/165] Built Vir.Interface.Classify.Signature:c.o (311ms)
✔ [140/165] Built Vir.HostValidation (667ms)
✔ [141/165] Built Vir.Attributes (692ms)
ℹ [142/165] Replayed VersoSlides.VirPrettyM
info: VersoSlides/VirPrettyM.lean:14:2: deferred validation of imported dependency `VersoSlides.Pretty.formatSegments` (via VersoSlides.VirPrettyM.formatSegments -> VersoSlides.Pretty.formatSegments) because its compiled IR is opaque in this module; `:vir` package generation loads and validates the owning module's compiled IR
✔ [143/165] Built Vir.HostValidation:c.o (246ms)
✔ [144/165] Built Vir.Host (571ms)
✔ [145/165] Built Vir.Host:c.o (222ms)
✔ [146/165] Built Vir.GeneratePackage.Interface.Collect (703ms)
✔ [147/165] Built Vir.GeneratePackage.Interface.Collect:c.o (505ms)
✔ [148/165] Built Vir.GeneratePackage.Manifest (556ms)
✔ [149/165] Built Vir.GeneratePackage.Manifest:c.o (192ms)
✔ [150/165] Built Vir.GeneratePackage.Manifest.Encode (548ms)
✔ [151/165] Built Vir.GeneratePackage.Report (662ms)
✔ [152/165] Built Vir.GeneratePackage.Manifest.Encode:c.o (182ms)
✔ [153/165] Built Vir.GeneratePackage.Report:c.o (229ms)
✔ [154/165] Built Vir.GeneratePackage.Emit (734ms)
✔ [155/165] Built Vir.GeneratePackage.Run (804ms)
✔ [156/165] Built Vir.GeneratePackage.Emit:c.o (932ms)
✔ [157/165] Built Vir.GeneratePackage (456ms)
✔ [158/165] Built Vir.GeneratePackage:c.o (57ms)
✔ [159/165] Built Vir.GeneratePackage.Run:c.o (632ms)
✔ [160/165] Built tools.VirProgram (893ms)
✔ [161/165] Built tools.VirProgram:c.o (384ms)
✔ [162/165] Built vir_program:exe (691ms)
ℹ [163/165] Built «verso-slides»/VersoSlides.VirPrettyM:virProgram (1.0s)
info: stdout:
wrote /tmp/tmp.XXLE8GQf/program.irpkg-set.json
wrote /tmp/tmp.XXLE8GQf/program.irpkg
wrote /tmp/tmp.XXLE8GQf/report.md
package set members: 7
package format: 11
declarations: 93 (72 Lean IR, 21 native externs)
interface exports: 1
ℹ [164/398] Built «verso-slides»/VersoSlidesVendored:virResourcePack (52ms)
info: stdout:
ba68416b65643b594d5a21cbdcf893bc41b80d0df8f2d4e5e1c60fb24145862a
✔ [691/700] Built Vir.BinaryLiteral (308ms)
✔ [692/700] Built Vir.Resources.Site (290ms)
✔ [694/741] Built Vir.BinaryLiteral.ToExpr (225ms)
✔ [695/741] Built Vir.Resources (210ms)
✔ [705/741] Built Vir.BinaryLiteral.ToExpr:c.o (63ms)
✔ [706/741] Built Vir.Resources:c.o (66ms)
✔ [707/741] Built Vir.Resources.Site:c.o (159ms)
✔ [708/741] Built Vir.BinaryLiteral:c.o (280ms)
✔ [709/741] Built Vir.Resources.Embed (643ms)
✔ [710/741] Built Vir.Resources.Embed:c.o (382ms)
✔ [711/741] Built VersoSlidesVendored (1.1s)
✔ [731/741] Built Vir.Resources.Runtime (7.5s)
✔ [736/741] Built Vir.Resources.Runtime:c.o (106ms)
✔ [737/741] Built MyTalk.Slides (732ms)
✔ [738/741] Built MyTalk.Slides:c.o (96ms)
✔ [739/741] Built Main (714ms)
✔ [740/741] Built Main:c.o (86ms)
✔ [741/741] Built «my-talk»:exe (693ms)
Build completed successfully (741 jobs).
