✔ [75/103] Built Vir.LeanName (231ms)
✔ [76/103] Built Vir.GeneratePackage.PackageFormat (230ms)
✔ [77/103] Built VersoSlides.ImgSrc (306ms)
✔ [78/103] Built Vir.Hash (325ms)
✔ [79/103] Built Vir.LeanName:c.o (118ms)
✔ [80/103] Built Vir.GeneratePackage.PackageFormat:c.o (67ms)
✔ [81/103] Built Vir.Resources.Types (498ms)
✔ [82/103] Built Vir.GeneratePackage.PackageSet (267ms)
✔ [83/103] Built Vir.Hash:c.o (301ms)
✔ [84/103] Built Vir.GeneratePackage.PackageSet:c.o (155ms)
✔ [85/103] Built Vir.Resources.Types:c.o (414ms)
✔ [86/103] Built Vir.NativePayload (649ms)
✔ [87/103] Built Vir.Resources.Validate (605ms)
✔ [88/103] Built Vir.Resources.Pack (354ms)
✔ [89/103] Built Vir.NativePayload:c.o (512ms)
✔ [90/103] Built Vir.Resources.Pack:c.o (392ms)
✔ [91/103] Built Vir.Resources.Build (686ms)
✔ [92/103] Built Vir.Resources.Validate:c.o (1.1s)
✔ [93/103] Built Vir.Resources.Program (493ms)
✔ [94/103] Built Vir.Resources.Build:c.o (438ms)
✔ [95/103] Built tools.VirResourcePack (1.0s)
✔ [96/103] Built tools.VirResourcePack:c.o (310ms)
✔ [97/103] Built tools.VirResourceProgram (842ms)
✔ [98/103] Built Vir.Resources.Program:c.o (902ms)
✔ [99/103] Built tools.VirResourceProgram:c.o (179ms)
✔ [100/103] Built vir_resource_pack:exe (633ms)
✔ [101/164] Built vir_resource_program:exe (638ms)
✔ [102/164] Built Vir.HostMetadata (382ms)
✔ [103/164] Built Vir.GeneratePackage.PackageIRTags (348ms)
✔ [104/164] Built Vir.GeneratePackage.PackageIRTags:c.o (106ms)
✔ [105/164] Built Vir.GeneratePackage.CachedImports (609ms)
✔ [106/164] Built Vir.HostMetadata:c.o (212ms)
✔ [107/164] Built VersoSlides.Pretty (652ms)
✔ [108/164] Built Vir.GeneratePackage.NativeExterns (852ms)
✔ [109/164] Built Vir.IRDependencies (441ms)
✔ [110/164] Built Vir.IRDependencies:c.o (225ms)
✔ [111/164] Built Vir.InterfaceValidation (1.1s)
✔ [112/164] Built Vir.GeneratePackage.CachedImports:c.o (472ms)
✔ [113/164] Built Vir.Interface.Classify.Error (1.2s)
✔ [114/164] Built Vir.ClientNativeExternManifest (512ms)
✔ [115/164] Built Vir.GeneratePackage.NativeExterns:c.o (506ms)
✔ [116/164] Built Vir.ExportValidation (551ms)
✔ [117/164] Built Vir.ExportValidation:c.o (433ms)
✔ [118/164] Built Vir.InterfaceValidation:c.o (718ms)
✔ [119/164] Built Vir.ClientNativeExternManifest:c.o (485ms)
✔ [120/164] Built Vir.Interface.Classify.Error:c.o (802ms)
✔ [121/164] Built Vir.Interface.Model (5.2s)
✔ [122/164] Built Vir.GeneratePackage.Basic (527ms)
✔ [123/164] Built Vir.GeneratePackage.Basic:c.o (163ms)
✔ [124/164] Built Vir.GeneratePackage.Json (312ms)
✔ [125/164] Built Vir.Interface.Model:c.o (1.0s)
✔ [126/164] Built Vir.GeneratePackage.Json:c.o (128ms)
✔ [127/164] Built Vir.Interface.Classify.Basic (1.1s)
✔ [128/164] Built Vir.GeneratePackage.Inputs (622ms)
✔ [129/164] Built Vir.GeneratePackage.Interface.Encode (481ms)
✔ [130/164] Built Vir.GeneratePackage.Closure (472ms)
✔ [131/164] Built Vir.GeneratePackage.Interface.Encode:c.o (372ms)
✔ [132/164] Built Vir.Interface.Classify.Basic:c.o (964ms)
✔ [133/164] Built Vir.GeneratePackage.Closure:c.o (527ms)
✔ [134/164] Built Vir.Interface.Classify.Core (1.2s)
✔ [135/164] Built Vir.GeneratePackage.Inputs:c.o (1.2s)
✔ [136/164] Built Vir.Interface.Classify.Signature (734ms)
✔ [137/164] Built Vir.Interface.Classify.Core:c.o (1.1s)
✔ [138/164] Built Vir.Interface.Classify.Signature:c.o (500ms)
✔ [139/164] Built Vir.HostValidation (875ms)
✔ [140/164] Built Vir.Attributes (882ms)
✔ [141/164] Built Vir.HostValidation:c.o (363ms)
✔ [142/164] Built Vir.Host (694ms)
ℹ [143/164] Built VersoSlides.VirPrettyM (658ms)
info: VersoSlides/VirPrettyM.lean:14:2: deferred validation of imported dependency `VersoSlides.Pretty.formatSegments` (via VersoSlides.VirPrettyM.formatSegments -> VersoSlides.Pretty.formatSegments) because its compiled IR is opaque in this module; `:vir` package generation loads and validates the owning module's compiled IR
✔ [144/164] Built Vir.Host:c.o (314ms)
✔ [145/164] Built Vir.GeneratePackage.Interface.Collect (839ms)
✔ [146/164] Built Vir.GeneratePackage.Interface.Collect:c.o (582ms)
✔ [147/164] Built Vir.GeneratePackage.Manifest (650ms)
✔ [148/164] Built Vir.GeneratePackage.Manifest:c.o (287ms)
✔ [149/164] Built Vir.GeneratePackage.Manifest.Encode (651ms)
✔ [150/164] Built Vir.GeneratePackage.Report (792ms)
✔ [151/164] Built Vir.GeneratePackage.Manifest.Encode:c.o (228ms)
✔ [152/164] Built Vir.GeneratePackage.Report:c.o (281ms)
✔ [153/164] Built Vir.GeneratePackage.Emit (846ms)
✔ [154/164] Built Vir.GeneratePackage.Run (960ms)
✔ [155/164] Built Vir.GeneratePackage.Emit:c.o (1.2s)
✔ [156/164] Built Vir.GeneratePackage (510ms)
✔ [157/164] Built Vir.GeneratePackage:c.o (72ms)
✔ [158/164] Built Vir.GeneratePackage.Run:c.o (807ms)
✔ [159/164] Built tools.VirProgram (1.1s)
✔ [160/164] Built tools.VirProgram:c.o (506ms)
✔ [161/164] Built vir_program:exe (805ms)
ℹ [162/164] Built «verso-slides»/VersoSlides.VirPrettyM:virProgram (1.1s)
info: stdout:
wrote /tmp/tmp.XXQdq2Xd/program.irpkg-set.json
wrote /tmp/tmp.XXQdq2Xd/program.irpkg
wrote /tmp/tmp.XXQdq2Xd/report.md
package set members: 7
package format: 11
declarations: 93 (72 Lean IR, 21 native externs)
interface exports: 1
ℹ [163/699] Built «verso-slides»/VersoSlidesVendored:virResourcePack (65ms)
info: stdout:
ba68416b65643b594d5a21cbdcf893bc41b80d0df8f2d4e5e1c60fb24145862a
✔ [686/699] Built Vir.BinaryLiteral (370ms)
✔ [687/699] Built Vir.Resources.Site (344ms)
✔ [688/699] Built Vir.BinaryLiteral.ToExpr (258ms)
✔ [689/699] Built Vir.Resources (243ms)
✔ [691/711] Built VersoSlides.SlideCode.CommentParsers (1.1s)
✔ [692/711] Built Vir.Resources.Embed (794ms)
✔ [693/711] Built VersoSlides.ImageWidget (759ms)
✔ [694/711] Built VersoSlidesVendored (1.5s)
✔ [695/711] Built VersoSlides.SlideCode (1.0s)
✔ [696/711] Built VersoSlides.SlideCode.Render (1.1s)
✔ [697/711] Built VersoSlides.SlideCode.Export (1.0s)
✔ [698/711] Built VersoSlides.Basic (2.7s)
✔ [699/711] Built VersoSlides.Attributes (876ms)
✔ [700/740] Built verso/Verso.Code.External:highlighted (5.8s)
✔ [702/741] Built VersoSlides.OtherLanguages (1.1s)
✔ [703/741] Built Vir.BinaryLiteral.ToExpr:c.o (175ms)
✔ [704/741] Built Vir.Resources:c.o (185ms)
✔ [705/741] Built VersoSlides.ImgSrc:c.o (311ms)
✔ [706/741] Built VersoSlides.Attributes:c.o (349ms)
✔ [707/741] Built Vir.Resources.Site:c.o (291ms)
✔ [708/741] Built VersoSlides.ImageWidget:c.o (311ms)
✔ [709/741] Built Vir.BinaryLiteral:c.o (489ms)
✔ [710/741] Built VersoSlides.Diagram (1.7s)
✔ [711/741] Built Vir.Resources.Embed:c.o (590ms)
✔ [712/741] Built VersoSlides.SlideCode.Render:c.o (715ms)
✔ [713/741] Built VersoSlides.Pretty:c.o (728ms)
✔ [714/741] Built VersoSlidesVendored:c.o (861ms)
✔ [715/741] Built VersoSlides.SlideCode.CommentParsers:c.o (1.2s)
✔ [716/741] Built VersoSlides.SlideCode.Export:c.o (1.4s)
✔ [717/741] Built VersoSlides.Directives (3.0s)
✔ [718/741] Built VersoSlides.Animate (1.9s)
✔ [719/741] Built VersoSlides.OtherLanguages:c.o (2.4s)
✔ [720/741] Built VersoSlides.InlineLean (3.8s)
✔ [721/741] Built VersoSlides.Diagram:c.o (2.6s)
✔ [722/741] Built VersoSlides.SlideCode:c.o (3.6s)
✔ [723/741] Built VersoSlides.Basic:c.o (3.9s)
✔ [724/741] Built Vir.Resources.Runtime (9.3s)
✔ [725/741] Built Vir.Resources.Runtime:c.o (124ms)
✔ [726/741] Built VersoSlides.Animate:c.o (2.9s)
✔ [727/741] Built VersoSlides.Render (2.6s)
✔ [728/741] Built VersoSlides.Directives:c.o (4.7s)
✔ [729/741] Built VersoSlides.ModuleExample (4.3s)
✔ [730/741] Built VersoSlides.InlineLean:c.o (6.4s)
✔ [731/741] Built VersoSlides.LibModule (3.7s)
✔ [732/741] Built VersoSlides.Render:c.o (4.2s)
✔ [733/741] Built VersoSlides (743ms)
✔ [734/741] Built VersoSlides:c.o (102ms)
✔ [735/741] Built VersoSlides.ModuleExample:c.o (6.8s)
✔ [736/741] Built VersoSlides.LibModule:c.o (4.7s)
✔ [737/741] Built Demo (12s)
✔ [738/741] Built Main (584ms)
✔ [739/741] Built Main:c.o (74ms)
✔ [740/741] Built Demo:c.o (779ms)
✔ [741/741] Built «demo-slides»:exe (602ms)
Build completed successfully (741 jobs).
