info: my-talk: no previous manifest, creating one from scratch
info: toolchain not updated; already up-to-date
info: lean_vir: cloning https://github.com/ejgallego/lean-vir.git
info: lean_vir: checking out revision 'ff65dc8823e3c6be1ff5c549d89c3683c18e7fd9'
info: verso: cloning https://github.com/leanprover/verso.git
info: verso: checking out revision 'cad4b633e75ea769b851f12f9ca3b4f0dfcc625f'
info: Cli: cloning https://github.com/leanprover/lean4-cli
info: Cli: checking out revision 'e92c9f15fdfacc8536f31cfb3b7ad26c3c8cd204'
info: illuminate: cloning https://github.com/leanprover/illuminate
info: illuminate: checking out revision 'a1a61c9678da010e958ed24cdfa6f635b85f172a'
info: plausible: cloning https://github.com/leanprover-community/plausible
info: plausible: checking out revision '118aa17ee84656b8bd727fef7c458ee8c833385c'
info: MD4Lean: cloning https://github.com/acmepjz/md4lean
info: MD4Lean: checking out revision '31907cc18f48a95384f99cee5582c00fb39e0f67'
info: subverso: cloning https://github.com/leanprover/subverso
info: subverso: checking out revision '9b90b7f938d6169246325df002351014f49945ef'
warning: subverso: ignoring missing manifest:
  /home/egallego/lean/verso-slides/.worktrees/vir-prettym-three-patch/.qualification-library-carrier-20261005/downstream-deck/.lake/packages/subverso/lake-manifest.json
✔ [4/33] Built SubVerso.Compat (2.0s)
✔ [5/33] Built SubVerso.Highlighting.Messages (594ms)
✔ [6/33] Built SubVerso.Highlighting.Messages:c.o (76ms)
✔ [7/33] Built SubVerso.Compat:c.o (1.9s)
✔ [8/33] Built SubVerso.Highlighting.Highlighted (4.2s)
✔ [9/33] Built SubVerso.Highlighting.String (805ms)
✔ [10/33] Built SubVerso.Highlighting.Split (1000ms)
✔ [11/33] Built SubVerso.Highlighting.String:c.o (269ms)
✔ [12/33] Built SubVerso.Highlighting.Anchors.Basic (1.4s)
✔ [13/33] Built SubVerso.Highlighting.Split:c.o (1.1s)
✔ [14/33] Built SubVerso.Highlighting.Export (2.1s)
✔ [15/33] Built SubVerso.Highlighting.Anchors.Check (771ms)
✔ [16/33] Built SubVerso.Highlighting.Anchors.Check:c.o (386ms)
✔ [17/33] Built SubVerso.Highlighting.Anchors (631ms)
✔ [18/33] Built SubVerso.Highlighting.Anchors:c.o (59ms)
✔ [19/33] Built SubVerso.Highlighting.Anchors.Basic:c.o (1.0s)
✔ [20/33] Built SubVerso.Highlighting.Export:c.o (2.2s)
✔ [21/33] Built SubVerso.Highlighting.Highlighted:c.o (6.3s)
✔ [22/33] Built SubVerso.Highlighting.Code (9.0s)
✔ [23/33] Built SubVerso.Highlighting (609ms)
✔ [24/33] Built SubVerso.Highlighting:c.o (65ms)
✔ [25/33] Built SubVerso.Module (797ms)
✔ [26/33] Built SubVerso.Examples.Env (928ms)
✔ [27/33] Built SubVerso.Module:c.o (337ms)
✔ [28/33] Built SubVerso.Examples.Env:c.o (480ms)
✔ [29/33] Built ExtractModule (1.0s)
✔ [30/33] Built ExtractModule:c.o (379ms)
✔ [31/33] Built SubVerso.Highlighting.Code:c.o (13s)
✔ [32/62] Built «subverso-extract-mod»:exe (914ms)
✔ [38/188] Built Verso.Doc.DocName (536ms)
✔ [39/188] Built Verso.Output.Html.Comments (758ms)
✔ [40/188] Built VersoUtil.WfRec (677ms)
✔ [41/188] Built Verso.BEq (685ms)
✔ [42/188] Built Verso.Output.Html.AttributeName (891ms)
✔ [43/188] Built Verso.Output.Html.Tags (819ms)
✔ [44/188] Built Verso.CLI (753ms)
✔ [46/188] Built Verso.Doc.DocName:c.o (158ms)
✔ [47/188] Built VersoUtil.WfRec:c.o (131ms)
✔ [48/188] Built Verso.Hover (863ms)
✔ [49/188] Built VersoManual.Html.Basic (1.0s)
✔ [50/188] Built MultiVerso.Path (872ms)
✔ [51/189] Built Verso.Output.Html.Entities (1.2s)
✔ [52/189] Built Verso.Output.Html.Comments:c.o (283ms)
✔ [53/189] Built Verso.Output.Html.Tags:c.o (237ms)
✔ [54/189] Built Verso.BEq:c.o (216ms)
✔ [55/189] Built Verso.Parser.Lean (1.0s)
✔ [56/189] Built MultiVerso.InternalId (1.1s)
✔ [57/295] Built Verso.Doc.DocName:dynlib (166ms)
✔ [58/295] Built VersoUtil.WfRec:dynlib (140ms)
✔ [59/295] Built Verso.CLI:c.o (284ms)
✔ [60/295] Built Verso.Hover:c.o (232ms)
✔ [61/295] Built Verso.Output.Html.AttributeName:c.o (327ms)
✔ [62/295] Built Verso.Output.Html.Comments:dynlib (152ms)
✔ [63/295] Built Verso.Output.Html.Tags:dynlib (148ms)
✔ [64/295] Built Verso.Instances.Deriving (1.3s)
✔ [65/295] Built MultiVerso.Path:c.o (250ms)
✔ [66/295] Built SubVerso.Examples.Messages.NormalizeLineNum (1.5s)
✔ [67/295] Built VersoUtil.LzCompress (1.4s)
✔ [68/295] Built VersoManual.Html.Basic:c.o (306ms)
✔ [69/295] Built Verso.Hover:dynlib (134ms)
✔ [70/295] Built Verso.EnvExtension (1.1s)
✔ [71/295] Built Verso.Doc.SourceRange (753ms)
✔ [72/295] Built MD4Lean/md4cEntityObj (119ms)
✔ [73/295] Built Verso.BEq:dynlib (169ms)
✔ [74/295] Built Verso.CLI:dynlib (110ms)
✔ [75/295] Built SubVerso.Examples.Messages.NormalizeMetavars (1.7s)
✔ [76/295] Built SubVerso.Helper.Netstring (1.6s)
✔ [77/295] Built Verso.Output.Html.AttributeName:dynlib (110ms)
✔ [78/295] Built Verso.Parser.Lean:c.o (377ms)
✔ [79/295] Built Verso.Doc.Elab.ExpanderAttribute (895ms)
✔ [80/295] Built MD4Lean/md4cHtmlObj (118ms)
✔ [81/295] Built MD4Lean/wrapperObj (172ms)
✔ [82/295] Built MultiVerso.Path:dynlib (115ms)
✔ [83/295] Built Verso.Doc.Helpers (934ms)
✔ [84/295] Built VersoManual.Html.Basic:dynlib (139ms)
✔ [85/295] Built MD4Lean/md4cCoreObj (525ms)
✔ [86/295] Built MultiVerso.InternalId:c.o (724ms)
✔ [87/295] Built MultiVerso.NameMap (1.9s)
✔ [88/295] Built MultiVerso.Manifest (1.8s)
✔ [89/295] Built Verso.Doc.SourceRange:c.o (230ms)
✔ [90/295] Built MultiVerso.Method (1.0s)
✔ [91/295] Built Verso.Parser.Lean:dynlib (102ms)
✔ [92/295] Built Verso.Doc.Suggestion.Basic (618ms)
✔ [93/295] Built Verso.Hint (668ms)
✔ [94/295] Built Verso.Log (639ms)
✔ [95/295] Built Verso.Code.Highlighted.WebAssets (631ms)
✔ [96/295] Built Verso.Output.Html.CssVars (559ms)
✔ [97/295] Built Verso.Output.Html.ElasticLunr (590ms)
✔ [98/295] Built SubVerso.Examples.Messages.NormalizeLineNum:c.o (592ms)
✔ [99/295] Built MultiVerso.InternalId:dynlib (106ms)
✔ [100/295] Built Verso.EnvExtension:c.o (403ms)
✔ [101/295] Built Verso.Doc.Elab.ExpanderAttribute:c.o (242ms)
✔ [102/295] Built Verso.Doc.SourceRange:dynlib (105ms)
✔ [103/295] Built Verso.SmartSuggestions (687ms)
✔ [104/295] Built SubVerso.Helper.Netstring:c.o (347ms)
✔ [105/295] Built Verso.Output.Html.Entities:c.o (1.1s)
✔ [106/295] Built Verso.Instances.Deriving:c.o (736ms)
✔ [107/295] Built Verso.Doc.Helpers:c.o (262ms)
✔ [108/295] Built Verso.Doc.Suggestion.Basic:c.o (138ms)
✔ [109/295] Built Verso.Output.Html.CssVars:c.o (162ms)
✔ [110/295] Built Verso.Output.Html.Entities:dynlib (133ms)
✔ [111/295] Built Verso.Doc.Elab.ExpanderAttribute:dynlib (146ms)
✔ [112/295] Built Verso.EnvExtension:dynlib (130ms)
✔ [113/295] Built Verso.Hint:c.o (184ms)
✔ [114/295] Built Verso.Log:c.o (162ms)
✔ [115/295] Built Verso.Doc.Helpers:dynlib (135ms)
✔ [116/295] Built Verso.Code.Highlighted.WebAssets:c.o (156ms)
✔ [117/295] Built Verso.Output.Html.ElasticLunr:c.o (183ms)
✔ [118/295] Built SubVerso.Signature (2.6s)
✔ [119/295] Built Verso.Instances.Deriving:dynlib (142ms)
✔ [120/295] Built Verso.Doc.Suggestion.Basic:dynlib (129ms)
✔ [121/295] Built Verso.Hint:dynlib (121ms)
✔ [122/295] Built Verso.Log:dynlib (136ms)
✔ [123/295] Built Verso.Output.Html.CssVars:dynlib (174ms)
✔ [124/333] Built SubVerso.Examples.Messages.NormalizeMetavars:c.o (624ms)
✔ [125/333] Built Verso.SmartSuggestions:c.o (299ms)
✔ [126/333] Built Verso.Code.Highlighted.WebAssets:dynlib (150ms)
✔ [127/333] Built Verso.Output.Html.ElasticLunr:dynlib (149ms)
✔ [128/423] Built Verso.SmartSuggestions:dynlib (124ms)
✔ [129/423] Built Verso.Doc.Name (1.2s)
✔ [130/423] Built VersoManual.Html.CssFile (681ms)
✔ [131/423] Built Verso.BuildLog (1.4s)
✔ [132/423] Built VersoUtil.LzCompress:c.o (1.4s)
✔ [133/423] Built MD4Lean.Basic (1.7s)
✔ [134/423] Built MultiVerso.Method:c.o (962ms)
✔ [135/423] Built Verso.Doc.PointOfInterest (869ms)
✔ [136/424] Built VersoUtil.Zip (3.3s)
✔ [137/424] Built Verso.Doc.Elab.InlineString (765ms)
✔ [138/424] Built VersoManual.TeX (601ms)
✔ [139/424] Built SubVerso.Examples.Messages (1.2s)
✔ [140/424] Built VersoManual.Ext (753ms)
✔ [141/424] Built VersoManual.TeX.Config (694ms)
✔ [142/424] Built VersoManual.Html.Style (516ms)
✔ [143/424] Built VersoManual.Docstring.Config (529ms)
✔ [144/425] Built VersoUtil.LzCompress:dynlib (133ms)
✔ [145/425] Built MultiVerso.Method:dynlib (108ms)
✔ [146/425] Built MultiVerso.NameMap:c.o (1.3s)
✔ [147/425] Built Verso.Doc.Suggestion (939ms)
✔ [148/425] Built VersoManual.LicenseInfo (852ms)
✔ [149/425] Built Verso.Doc.PointOfInterest:c.o (184ms)
✔ [150/425] Built VersoManual.WebAssets (591ms)
✔ [151/425] Built VersoManual.Linters.Options (491ms)
✔ [152/428] Built Verso.Doc.Name:c.o (467ms)
✔ [153/428] Built Verso.Doc.Elab.InlineString:c.o (269ms)
✔ [154/428] Built VersoManual.Html.CssFile:c.o (401ms)
✔ [155/428] Built VersoManual.TeX:c.o (233ms)
✔ [156/428] Built VersoManual.Html.Style:c.o (182ms)
✔ [157/428] Built SubVerso.Examples.Messages:c.o (323ms)
✔ [158/428] Built SubVerso.Helper (1.7s)
✔ [159/428] Built VersoManual.Html.JsFile (1.2s)
✔ [160/428] Built VersoManual.Docstring.Config:c.o (280ms)
✔ [161/431] Built MultiVerso.Manifest:c.o (1.8s)
✔ [162/431] Built MultiVerso.NameMap:dynlib (166ms)
✔ [163/431] Built Verso.Doc.PointOfInterest:dynlib (125ms)
✔ [164/431] Built VersoManual.Ext:c.o (319ms)
✔ [165/431] Built VersoManual.TeX.Config:c.o (346ms)
✔ [166/431] Built VersoManual.Linters.Options:c.o (193ms)
✔ [167/431] Built VersoManual.InlineLean.IO.Context (690ms)
✔ [168/431] Built VersoManual.InlineLean.LongLines (646ms)
✔ [169/439] Built Verso.Doc.Name:dynlib (141ms)
✔ [170/439] Built Verso.Instances (1.5s)
✔ [171/439] Built Verso.Doc.Elab.InlineString:dynlib (111ms)
✔ [172/439] Built Verso.Doc.Suggestion:c.o (309ms)
✔ [173/439] Built VersoManual.Html.CssFile:dynlib (149ms)
✔ [174/439] Built VersoSearch.PorterStemmer (1.4s)
✔ [175/439] Built VersoManual.Html.Style:dynlib (171ms)
✔ [176/439] Built VersoManual.WebAssets:c.o (201ms)
✔ [177/495] Built VersoUtil.BinFiles.Z85 (4.1s)
✔ [178/495] Built MultiVerso.Manifest:dynlib (89ms)
✔ [179/495] Built Verso.Doc.Suggestion:dynlib (101ms)
✔ [180/495] Built Verso.BuildLog:c.o (847ms)
✔ [181/495] Built VersoManual.Ext:dynlib (147ms)
✔ [182/495] Built VersoManual.Docstring.Config:dynlib (134ms)
✔ [183/495] Built VersoManual.Linters.Options:dynlib (148ms)
✔ [184/495] Built VersoManual.InlineLean.Scopes (995ms)
✔ [187/599] Built Verso.BuildLog:dynlib (109ms)
✔ [188/599] Built VersoManual.Docstring.PrettyPrint (1.3s)
✔ [189/599] Built VersoManual.InlineLean.IO.Context:c.o (299ms)
✔ [190/609] Built VersoManual.InlineLean.IO.Context:dynlib (109ms)
✔ [191/609] Built VersoManual.InlineLean.LongLines:c.o (400ms)
✔ [192/609] Built VersoManual.TeX:dynlib (112ms)
✔ [193/609] Built VersoManual.TeX.Config:dynlib (168ms)
✔ [194/609] Built VersoManual.WebAssets:dynlib (151ms)
✔ [199/626] Built VersoUtil.BinFiles.Z85:c.o (426ms)
✔ [200/626] Built VersoManual.LicenseInfo:c.o (791ms)
✔ [203/626] Built SubVerso.Signature:c.o (1.0s)
✔ [204/626] Built VersoManual.LicenseInfo:dynlib (141ms)
✔ [205/626] Built VersoManual.InlineLean.Scopes:c.o (471ms)
✔ [206/626] Built VersoManual.InlineLean.LongLines:dynlib (135ms)
✔ [207/626] Built Illuminate.Geometry.Basic (421ms)
✔ [208/626] Built SubVerso.Helper:c.o (708ms)
✔ [209/626] Built VersoUtil.BinFiles.Z85:dynlib (128ms)
✔ [210/626] Built VersoManual.InlineLean.Scopes:dynlib (111ms)
✔ [211/626] Built Illuminate.Geometry.Basic:c.o (144ms)
✔ [212/626] Built VersoManual.Html.JsFile:c.o (853ms)
✔ [213/626] Built MD4Lean.Basic:c.o (1.5s)
✔ [214/626] Built Verso.FS (547ms)
✔ [215/626] Built Vir.GeneratePackage.PackageFormat (459ms)
✔ [216/626] Built VersoManual.Html.JsFile:dynlib (136ms)
✔ [217/626] Built Illuminate.Animation.Types (827ms)
✔ [218/626] Built Vir.GeneratePackage.PackageFormat:c.o (116ms)
✔ [219/626] Built MD4Lean.Basic:dynlib (197ms)
✔ [220/626] Built VersoManual.LicenseInfo.Licenses (487ms)
✔ [221/626] Built VersoSearch.PorterStemmer:c.o (996ms)
✔ [222/626] Built Illuminate.Animation.Easing (550ms)
✔ [223/626] Built Verso.Instances:c.o (1.1s)
✔ [224/626] Built Verso.FS:c.o (308ms)
✔ [225/626] Built VersoSearch.PorterStemmer:dynlib (132ms)
✔ [226/626] Built Vir.Hash (856ms)
✔ [227/626] Built Verso.Instances:dynlib (108ms)
✔ [228/626] Built Verso.FS:dynlib (118ms)
✔ [229/626] Built VersoManual.LicenseInfo.Licenses:c.o (155ms)
✔ [230/626] Built Illuminate.Geometry.Types (1.2s)
✔ [231/626] Built Illuminate.Animation.Easing:c.o (188ms)
✔ [232/626] Built VersoUtil.Zip:c.o (1.9s)
✔ [233/626] Built VersoManual.LicenseInfo.Licenses:dynlib (104ms)
✔ [234/626] Built VersoUtil.BinFiles (859ms)
✔ [235/626] Built VersoUtil.Zip:dynlib (88ms)
✔ [236/626] Built VersoManual.Docstring.PrettyPrint:c.o (1.3s)
✔ [237/626] Built Illuminate.Animation.Animate (528ms)
✔ [238/626] Built Vir.Resources.Types (1.2s)
✔ [239/626] Built Verso.Output.Html (3.1s)
✔ [240/626] Built MD4Lean.FFI (468ms)
✔ [241/626] Built VersoManual.Docstring.PrettyPrint:dynlib (98ms)
✔ [242/626] Built VersoLiterate.Config (1.8s)
✔ [243/626] Built Illuminate.Animation.Render (639ms)
✔ [244/626] Built Illuminate.Animation.Types:c.o (599ms)
✔ [245/626] Built Vir.Hash:c.o (416ms)
✔ [246/626] Built MD4Lean.FFI:c.o (164ms)
✔ [247/626] Built Illuminate.Geometry.Point (416ms)
✔ [248/626] Built Illuminate.Geometry.Matrix (419ms)
✔ [249/626] Built Illuminate.Animation.Animate:c.o (218ms)
✔ [250/626] Built MD4Lean.FFI:dynlib (89ms)
✔ [251/626] Built Illuminate.Style.Arrow (572ms)
✔ [252/626] Built Illuminate.Geometry.Point:c.o (134ms)
✔ [253/626] Built Illuminate.Geometry.Vec2 (591ms)
✔ [254/626] Built Illuminate.Geometry.Types:c.o (605ms)
✔ [255/626] Built Illuminate.Geometry.Matrix:c.o (206ms)
✔ [256/626] Built VersoUtil.BinFiles:c.o (495ms)
✔ [257/626] Built VersoUtil.BinFiles:dynlib (83ms)
✔ [258/626] Built Illuminate.Geometry.PathData (750ms)
✔ [259/626] Built Illuminate.Geometry.Vec2:c.o (227ms)
✔ [260/626] Built Illuminate.Style.Arrow:c.o (232ms)
✔ [261/626] Built MD4Lean (453ms)
✔ [262/626] Built Illuminate.Animation.Render:c.o (571ms)
✔ [263/626] Built MD4Lean:c.o (112ms)
✔ [264/626] Built Vir.Resources.Types:c.o (789ms)
✔ [265/626] Built MD4Lean:shared (85ms)
✔ [266/626] Built Illuminate.Geometry.Envelope (529ms)
✔ [267/626] Built Illuminate.Geometry.PathData:c.o (452ms)
✔ [268/626] Built Vir.NativePayload (1.2s)
✔ [269/626] Built VersoUtil (452ms)
✔ [270/626] Built Vir.Resources.Validate (1.0s)
✔ [271/626] Built VersoUtil:c.o (101ms)
✔ [272/626] Built VersoUtil:shared (70ms)
✔ [273/626] Built Illuminate.Style.Types (989ms)
✔ [274/626] Built Illuminate.Geometry.Envelope:c.o (399ms)
✔ [275/626] Built Vir.Resources.Pack (426ms)
✔ [276/626] Built Vir.Resources.Site (454ms)
✔ [277/626] Built Illuminate.Style.Stroke (407ms)
✔ [278/626] Built Vir.Resources (259ms)
✔ [279/626] Built Verso.Output.Html.KaTeX (692ms)
✔ [280/626] Built Illuminate.Style.Stroke:c.o (145ms)
✔ [281/626] Built Vir.NativePayload:c.o (879ms)
✔ [282/626] Built Illuminate.Style.Text (643ms)
✔ [283/626] Built Illuminate.Render.DrawCmd (612ms)
✔ [284/626] Built Illuminate.Animation.Interpolate (583ms)
✔ [285/626] Built Illuminate.Animation.Morph.CubicSeg (1.4s)
✔ [286/626] Built SubVerso.Examples (3.9s)
✔ [287/626] Built Illuminate.Animation.Interpolate:c.o (151ms)
✔ [288/626] Built Illuminate.Render.DrawCmd:c.o (185ms)
✔ [289/626] Built Verso.Output.Html.KaTeX:c.o (429ms)
✔ [290/626] Built Illuminate.Style.Text:c.o (294ms)
✔ [291/626] Built Verso.Output.Html.KaTeX:dynlib (110ms)
✔ [292/626] Built Illuminate.Geometry.Trace (1.8s)
✔ [293/626] Built Vir.Resources.Build (904ms)
✔ [294/626] Built Vir.Resources.Pack:c.o (903ms)
✔ [295/626] Built Illuminate.Geometry (266ms)
✔ [296/626] Built Illuminate.Geometry:c.o (132ms)
✔ [297/626] Built Illuminate.Style.Types:c.o (1.4s)
✔ [298/626] Built SubVerso (810ms)
✔ [299/626] Built Verso.Output.Html:c.o (2.8s)
✔ [300/626] Built Illuminate.Style.Color (1.5s)
✔ [301/626] Built Verso.Output.Html:dynlib (75ms)
✔ [302/626] Built VersoLiterate.Config:c.o (2.9s)
✔ [303/626] Built SubVerso:c.o (122ms)
✔ [304/626] Built VersoLiterate.Config:dynlib (68ms)
✔ [305/626] Built Vir.Resources.Validate:c.o (1.0s)
✔ [306/626] Built Vir.Resources.Build:c.o (767ms)
✔ [307/626] Built Illuminate.Render.Svg (1.3s)
✔ [308/626] Built Illuminate.Style.ColorWidget (587ms)
✔ [309/626] Built Illuminate.Animation.Morph.CubicSeg:c.o (1.4s)
✔ [310/626] Built Illuminate.Diagram.Types (1.1s)
✔ [311/626] Built Illuminate.Animation.Morph.Style (682ms)
✔ [312/626] Built Illuminate.Render (304ms)
✔ [313/626] Built Illuminate.Render:c.o (112ms)
✔ [314/626] Built Illuminate.Style (370ms)
✔ [315/626] Built Illuminate.Backend.SVG (376ms)
✔ [316/626] Built Illuminate.Animation.Effects (462ms)
✔ [317/626] Built Illuminate.Style:c.o (99ms)
✔ [318/626] Built tools.VirResourcePack (1.5s)
✔ [319/626] Built Illuminate.Geometry.Trace:c.o (1.6s)
✔ [320/626] Built Illuminate.Backend.SVG:c.o (140ms)
✔ [321/626] Built Illuminate.Animation.Effects:c.o (120ms)
✔ [322/626] Built Illuminate.Animation.Morph.Types (600ms)
✔ [323/626] Built Illuminate.Style.Color:c.o (1.2s)
✔ [324/626] Built Illuminate.Animation.Morph.Style:c.o (566ms)
✔ [325/626] Built Illuminate.Diagram.Basic (701ms)
✔ [326/626] Built Illuminate.Animation.Morph.Types:c.o (152ms)
✔ [327/626] Built Illuminate.Animation.Morph.Evaluate (371ms)
✔ [328/626] Built Illuminate.Style.ColorWidget:c.o (992ms)
✔ [329/626] Built Illuminate.Diagram.Types:c.o (905ms)
✔ [330/626] Built tools.VirResourcePack:c.o (428ms)
✔ [331/626] Built Illuminate.Diagram.Basic:c.o (566ms)
✔ [332/626] Built Illuminate.Render.Svg:c.o (1.5s)
✔ [333/626] Built Illuminate.Animation.Morph.Evaluate:c.o (262ms)
✔ [334/626] Built Illuminate.Shapes.Arrows (620ms)
✔ [335/626] Built vir_resource_pack:exe (637ms)
✔ [336/626] Built Illuminate.Shapes.Arrows:c.o (290ms)
✔ [338/640] Built SubVerso.Examples:c.o (3.7s)
✔ [339/640] Built SubVerso:shared (82ms)
✔ [340/640] Built Vir.LeanName (289ms)
✔ [341/640] Built Vir.BinaryLiteral (369ms)
✔ [342/640] Built Vir.GeneratePackage.PackageSet (331ms)
✔ [343/640] Built Vir.LeanName:c.o (132ms)
✔ [344/640] Built Vir.GeneratePackage.PackageSet:c.o (204ms)
✔ [345/640] Built Verso.ExpectString (473ms)
✔ [346/640] Built Vir.BinaryLiteral.ToExpr (287ms)
✔ [347/640] Built Verso.WithoutAsync (512ms)
✔ [348/640] Built Verso.ExpectString:c.o (181ms)
✔ [349/640] Built Verso.WithoutAsync:c.o (103ms)
✔ [350/640] Built Vir.Resources.Program (556ms)
✔ [351/640] Built Verso.Code.External.Env (725ms)
✔ [352/640] Built Verso.ExpectString:dynlib (66ms)
✔ [353/640] Built Verso.WithoutAsync:dynlib (73ms)
✔ [354/640] Built Verso.Code.External.Env:c.o (86ms)
✔ [355/640] Built Verso.Code.External.Env:dynlib (52ms)
✔ [356/640] Built Verso.Code.External.Code (1.1s)
✔ [357/640] Built Illuminate.Diagram.Placement (2.9s)
✔ [358/640] Built Vir.Resources.Embed (784ms)
✔ [359/640] Built MultiVerso.Slug (9.2s)
✔ [360/640] Built Illuminate.Diagram.HitTest (596ms)
✔ [361/640] Built Illuminate.Diagram.CurlyBrace (786ms)
✔ [362/640] Built Illuminate.Animation.Filmstrip (854ms)
✔ [363/640] Built Illuminate.Shapes.Flowchart (803ms)
✔ [364/640] Built Verso.Code.External.Files (1.3s)
✔ [365/640] Built Illuminate.Diagram.Paper (1.0s)
✔ [366/640] Built Illuminate.Shapes.Bubbles (998ms)
✔ [367/640] Built Illuminate.Shapes.Operators (1.0s)
✔ [368/640] Built Vir.Resources.Program:c.o (1.6s)
✔ [369/640] Built Illuminate.Shapes.Decorative (1.1s)
✔ [370/640] Built Illuminate.Diagram.CurlyBrace:c.o (318ms)
✔ [371/640] Built Illuminate.Diagram.HitTest:c.o (488ms)
✔ [372/640] Built tools.VirResourceProgram (1.7s)
✔ [373/640] Built Verso.Code.External.Code:c.o (1.3s)
✔ [374/640] Built Illuminate.Shapes.Flowchart:c.o (453ms)
✔ [375/640] Built Verso.Code.External.Code:dynlib (91ms)
✔ [376/640] Built Illuminate.Diagram.Paper:c.o (251ms)
✔ [377/640] Built Illuminate.Diagram.Arrow (1.4s)
✔ [378/640] Built Illuminate.Shapes (485ms)
✔ [379/640] Built Illuminate.Shapes.Decorative:c.o (486ms)
✔ [380/640] Built Illuminate.Shapes.Operators:c.o (518ms)
✔ [381/640] Built Illuminate.Animation.Morph.Prepare (1.6s)
✔ [382/640] Built Illuminate.Animation.Filmstrip:c.o (798ms)
✔ [383/640] Built Illuminate.Shapes.Bubbles:c.o (649ms)
✔ [384/640] Built Illuminate.Shapes:c.o (132ms)
✔ [385/640] Built Verso.Doc (3.0s)
✔ [386/640] Built tools.VirResourceProgram:c.o (894ms)
✔ [387/640] Built Verso.Code.External.Files:c.o (1.2s)
✔ [388/640] Built Illuminate.Animation.Morph (514ms)
✔ [389/640] Built Verso.Code.External.Files:dynlib (73ms)
✔ [390/640] Built Illuminate.DSL.StateDiagram (878ms)
✔ [391/640] Built Illuminate.Diagram.Arrow:c.o (861ms)
✔ [392/640] Built Illuminate.DSL.CommDiag (920ms)
✔ [393/640] Built Illuminate.Animation.Morph:c.o (140ms)
✔ [394/640] Built Illuminate.Diagram.Compile (1.0s)
✔ [395/640] Built Illuminate.DSL (316ms)
✔ [396/640] Built Illuminate.DSL.StateDiagram:c.o (412ms)
✔ [397/640] Built Illuminate.DSL:c.o (95ms)
✔ [398/640] Built vir_resource_program:exe (857ms)
✔ [399/664] Built Illuminate.Diagram.Compile:c.o (538ms)
✔ [400/701] Built Illuminate.Diagram.Validate (586ms)
✔ [401/701] Built Illuminate.Diagram.Placement:c.o (3.0s)
✔ [403/701] Built Illuminate.Diagram.TreeLayout (1.9s)
✔ [404/701] Built Illuminate.DSL.CommDiag:c.o (957ms)
✔ [405/701] Built Illuminate.Diagram.Validate:c.o (306ms)
✔ [406/701] Built Illuminate.Animation.Morph.Prepare:c.o (1.8s)
✔ [407/701] Built Vir.HostMetadata (502ms)
✔ [408/701] Built Vir.GeneratePackage.PackageIRTags (496ms)
✔ [409/701] Built MultiVerso.Slug:c.o (3.1s)
✔ [410/701] Built MultiVerso.Slug:dynlib (71ms)
✔ [411/701] Built Vir.GeneratePackage.PackageIRTags:c.o (116ms)
✔ [412/701] Built Vir.GeneratePackage.CachedImports (779ms)
✔ [413/701] Built Vir.HostMetadata:c.o (293ms)
✔ [414/701] Built Illuminate.Diagram (491ms)
✔ [415/701] Built Illuminate.Diagram:c.o (123ms)
✔ [416/701] Built Vir.IRDependencies (592ms)
✔ [417/701] Built Vir.GeneratePackage.NativeExterns (1.2s)
✔ [418/701] Built MultiVerso.Link (646ms)
✔ [419/701] Built Vir.GeneratePackage.CachedImports:c.o (623ms)
✔ [420/701] Built Illuminate.Animation.Compile (1.9s)
✔ [421/701] Built Vir.InterfaceValidation (1.4s)
✔ [422/701] Built Vir.IRDependencies:c.o (330ms)
✔ [423/701] Built Vir.Interface.Classify.Error (1.6s)
✔ [424/701] Built Vir.ClientNativeExternManifest (521ms)
✔ [425/701] Built MultiVerso.Link:c.o (602ms)
✔ [426/701] Built MultiVerso.Link:dynlib (66ms)
✔ [427/701] Built Vir.GeneratePackage.NativeExterns:c.o (698ms)
✔ [428/701] Built Illuminate.Diagram.TreeLayout:c.o (1.7s)
✔ [429/701] Built Vir.ExportValidation (790ms)
✔ [430/701] Built Illuminate.Widget (2.3s)
✔ [431/701] Built Vir.ClientNativeExternManifest:c.o (625ms)
✔ [432/701] Built Vir.InterfaceValidation:c.o (971ms)
✔ [433/701] Built Vir.ExportValidation:c.o (559ms)
✔ [434/701] Built Vir.Interface.Classify.Error:c.o (1.1s)
✔ [435/701] Built Verso.Doc:c.o (3.9s)
✔ [436/701] Built Verso.Doc:dynlib (59ms)
✔ [437/701] Built Illuminate.Animation.Widget (586ms)
✔ [438/701] Built Illuminate.Animation.Widget:c.o (185ms)
✔ [439/701] Built Illuminate.Animation (393ms)
✔ [440/701] Built Illuminate.Animation:c.o (90ms)
✔ [441/701] Built Illuminate (401ms)
✔ [442/701] Built MultiVerso (1.9s)
✔ [443/701] Built Illuminate:c.o (86ms)
✔ [444/701] Built Verso.Doc.Elab.Basic (1.4s)
✔ [445/701] Built Illuminate.Animation.Compile:c.o (2.9s)
✔ [446/701] Built Verso.Doc.Elab.Basic:c.o (973ms)
✔ [447/701] Built Verso.Doc.Elab.Basic:dynlib (59ms)
✔ [448/701] Built Vir.Interface.Model (5.3s)
✔ [449/701] Built Vir.Resources.Runtime (8.4s)
✔ [450/701] Built Illuminate.Widget:c.o (3.4s)
✔ [451/701] Built Illuminate:shared (79ms)
✔ [452/701] Built Vir.GeneratePackage.Basic (591ms)
✔ [453/701] Built Vir.GeneratePackage.Basic:c.o (183ms)
✔ [454/701] Built Vir.GeneratePackage.Json (346ms)
✔ [455/701] Built Vir.GeneratePackage.Json:c.o (139ms)
✔ [456/701] Built Vir.Interface.Model:c.o (1.1s)
✔ [457/701] Built Vir.Interface.Classify.Basic (1.2s)
✔ [458/701] Built Vir.GeneratePackage.Interface.Encode (512ms)
✔ [459/701] Built Vir.GeneratePackage.Inputs (904ms)
✔ [460/701] Built Vir.GeneratePackage.Closure (478ms)
✔ [461/701] Built Vir.GeneratePackage.Interface.Encode:c.o (481ms)
✔ [462/701] Built Vir.Interface.Classify.Basic:c.o (950ms)
✔ [463/701] Built MultiVerso:c.o (3.7s)
✔ [464/701] Built MultiVerso:shared (59ms)
✔ [465/701] Built Vir.Interface.Classify.Core (1.2s)
✔ [466/701] Built Vir.GeneratePackage.Closure:c.o (512ms)
✔ [467/701] Built Verso.Method (275ms)
✔ [468/701] Built Verso.Method:c.o (77ms)
✔ [469/701] Built Vir.GeneratePackage.Inputs:c.o (1.2s)
✔ [470/701] Built Verso.Method:dynlib (58ms)
✔ [471/701] Built Vir.Interface.Classify.Signature (764ms)
✔ [472/701] Built Vir.Interface.Classify.Core:c.o (909ms)
✔ [473/701] Built Vir.Interface.Classify.Signature:c.o (445ms)
✔ [474/701] Built Verso.Output.TeX (1.5s)
✔ [475/701] Built Vir.HostValidation (811ms)
✔ [476/701] Built Vir.Attributes (841ms)
ℹ [477/701] Replayed VersoSlides.VirPrettyM
info: VersoSlides/VirPrettyM.lean:14:2: deferred validation of imported dependency `VersoSlides.Pretty.formatSegments` (via VersoSlides.VirPrettyM.formatSegments -> VersoSlides.Pretty.formatSegments) because its compiled IR is opaque in this module; `:vir` package generation loads and validates the owning module's compiled IR
✔ [478/701] Built Verso.SyntaxUtils (1.4s)
✔ [479/701] Built Vir.HostValidation:c.o (371ms)
✔ [480/701] Built Vir.Host (669ms)
✔ [481/701] Built Verso.Output.TeX:c.o (1.1s)
✔ [482/701] Built Verso.Output.TeX:dynlib (55ms)
✔ [483/701] Built Vir.Host:c.o (266ms)
✔ [484/701] Built Verso.Output (333ms)
✔ [485/701] Built Verso.Output:c.o (83ms)
✔ [486/701] Built Verso.Output:dynlib (59ms)
✔ [487/701] Built Vir.GeneratePackage.Interface.Collect (890ms)
✔ [488/701] Built Verso.SyntaxUtils:c.o (1.6s)
✔ [489/701] Built Verso.SyntaxUtils:dynlib (55ms)
✔ [490/701] Built Vir.GeneratePackage.Manifest (601ms)
✔ [491/701] Built Verso.Doc.TeX (1.2s)
✔ [492/701] Built Vir.GeneratePackage.Interface.Collect:c.o (770ms)
✔ [493/701] Built Vir.GeneratePackage.Manifest:c.o (320ms)
✔ [494/701] Built Vir.GeneratePackage.Manifest.Encode (789ms)
✔ [495/701] Built Vir.GeneratePackage.Report (910ms)
✔ [496/701] Built Vir.GeneratePackage.Manifest.Encode:c.o (287ms)
✔ [497/701] Built Verso.Doc.TeX:c.o (1.2s)
✔ [498/701] Built Verso.Doc.TeX:dynlib (65ms)
✔ [499/701] Built Vir.GeneratePackage.Report:c.o (370ms)
✔ [500/701] Built Verso.Parser (2.1s)
✔ [501/701] Built Vir.GeneratePackage.Emit (1.1s)
✔ [502/701] Built Verso.Code.Highlighted (3.2s)
✔ [503/701] Built Vir.GeneratePackage.Run (1.1s)
✔ [504/701] Built Vir.GeneratePackage.Emit:c.o (1.4s)
✔ [505/701] Built Vir.GeneratePackage (595ms)
✔ [506/701] Built Vir.GeneratePackage:c.o (94ms)
✔ [507/701] Built Vir.GeneratePackage.Run:c.o (987ms)
✔ [508/701] Built Verso.Parser:c.o (3.0s)
✔ [509/701] Built Verso.Parser:dynlib (68ms)
✔ [510/701] Built tools.VirProgram (1.4s)
✔ [511/701] Built Verso.Code.Highlighted:c.o (3.4s)
✔ [512/701] Built Verso.Code.Highlighted:dynlib (73ms)
✔ [513/701] Built tools.VirProgram:c.o (663ms)
✔ [514/701] Built Verso.Linters (791ms)
✔ [515/701] Built vir_program:exe (1.4s)
✔ [516/701] Built Verso.Doc.Html (1.6s)
✔ [517/701] Built Verso.Linters:c.o (1.5s)
✔ [518/701] Built Verso.Code.HighlightedToTex (1.7s)
✔ [519/701] Built Verso.Linters:dynlib (59ms)
✔ [520/701] Built Verso.Code.HighlightedToTex:c.o (470ms)
✔ [521/701] Built Verso.Code.HighlightedToTex:dynlib (68ms)
✔ [522/701] Built Verso.Doc.Html:c.o (721ms)
✔ [523/701] Built Verso.Doc.Html:dynlib (57ms)
ℹ [524/701] Built «verso-slides»/VersoSlides.VirPrettyM:virProgram (1.3s)
info: stdout:
wrote /tmp/tmp.XX8A0jd5/program.irpkg-set.json
wrote /tmp/tmp.XX8A0jd5/program.irpkg
wrote /tmp/tmp.XX8A0jd5/report.md
package set members: 7
package format: 11
declarations: 93 (72 Lean IR, 21 native externs)
interface exports: 1
ℹ [525/737] Built «verso-slides»/VersoSlidesVirPrettyMResources:virResourcePack (58ms)
info: stdout:
f8c7b00eb26eb097f7894d13abb2a6198ff827b0fb09deffd3b86cedf475aede
✔ [533/745] Built Vir.Resources:c.o (83ms)
✔ [534/745] Built Vir.BinaryLiteral.ToExpr:c.o (105ms)
✔ [536/745] Built Vir.Resources.Site:c.o (186ms)
✔ [537/745] Built Vir.Resources.Runtime:c.o (151ms)
✔ [538/745] Built Vir.BinaryLiteral:c.o (244ms)
✔ [539/745] Built Verso.Doc.ArgParse (4.2s)
✔ [540/745] Built Vir.Resources.Embed:c.o (535ms)
✔ [541/745] Built VersoSlides.VirPrettyMResources (1.0s)
✔ [545/745] Built Verso.Doc.ArgParse:c.o (2.6s)
✔ [546/745] Built Verso.Doc.ArgParse:dynlib (47ms)
✔ [547/745] Built Verso.Code.External.Config (686ms)
✔ [548/745] Built Verso.Code.External.Config:c.o (307ms)
✔ [549/745] Built Verso.Code.External.Config:dynlib (50ms)
✔ [550/745] Built Verso.Doc.Elab.Monad (2.0s)
✔ [551/745] Built Verso.Doc.Elab.Monad:c.o (5.8s)
✔ [552/745] Built Verso.Doc.Elab.Monad:dynlib (57ms)
✔ [553/745] Built Verso.Doc.Elab.Inline (831ms)
✔ [554/745] Built Verso.Doc.Elab.ExtensionResolution (1.2s)
✔ [555/745] Built Verso.Doc.Elab.Inline:c.o (998ms)
✔ [556/745] Built Verso.Doc.Elab.Inline:dynlib (51ms)
✔ [557/745] Built Verso.Doc.Lsp (2.4s)
✔ [558/745] Built Verso.Doc.Elab.ExtensionResolution:c.o (1.3s)
✔ [559/745] Built Verso.Doc.Elab.ExtensionResolution:dynlib (49ms)
✔ [560/745] Built Verso.Doc.Elab.Block (899ms)
✔ [561/745] Built Verso.Doc.Elab.Block:c.o (1.1s)
✔ [562/745] Built Verso.Doc.Elab.Block:dynlib (57ms)
✔ [563/745] Built Verso.Doc.Lsp:c.o (3.3s)
✔ [564/745] Built Verso.Doc.Lsp:dynlib (47ms)
✔ [565/745] Built Verso.Doc.Elab (2.4s)
✔ [566/745] Built Verso.Doc.Elab:c.o (3.1s)
✔ [567/745] Built Verso.Doc.Elab:dynlib (44ms)
✔ [568/745] Built Verso.Doc.Concrete.InlineString (775ms)
✔ [569/745] Built Verso.Doc.Concrete.InlineString:c.o (414ms)
✔ [570/745] Built Verso.Doc.Concrete.InlineString:dynlib (45ms)
✔ [571/745] Built Verso.Doc.Concrete (1.8s)
✔ [572/745] Built Verso.Code.External (4.5s)
✔ [573/745] Built Verso.Doc.Concrete:c.o (1.6s)
✔ [574/745] Built Verso.Doc.Concrete:dynlib (48ms)
✔ [575/745] Built Verso.Code.External:c.o (8.9s)
✔ [576/745] Built Verso.Code.External:dynlib (53ms)
✔ [577/745] Built Verso.Code (475ms)
✔ [578/745] Built Verso.Code:c.o (64ms)
✔ [579/745] Built Verso.Code:dynlib (44ms)
✔ [580/745] Built Verso (496ms)
✔ [581/745] Built Verso:c.o (83ms)
✔ [582/745] Built Verso:shared (85ms)
✔ [585/745] Built VersoManual.Html.DataFile (386ms)
✔ [586/745] Built VersoManual.Docstring.Basic (460ms)
✔ [587/745] Built VersoManual.Html.DataFile:c.o (200ms)
✔ [588/745] Built VersoManual.Html.DataFile:dynlib (58ms)
✔ [589/745] Built VersoManual.Html.SoftHyphenate (572ms)
✔ [590/745] Built VersoManual.Docstring.Basic:c.o (196ms)
✔ [591/745] Built VersoManual.Docstring.Basic:dynlib (57ms)
✔ [592/745] Built VersoManual.InlineLean.Outputs (726ms)
✔ [593/745] Built VersoManual.Html.SoftHyphenate:c.o (247ms)
✔ [594/745] Built VersoSearch.DomainSearch (969ms)
✔ [595/745] Built VersoManual.Html.SoftHyphenate:dynlib (54ms)
✔ [596/745] Built VersoManual.InlineLean.Outputs:c.o (160ms)
✔ [597/745] Built VersoManual.InlineLean.Outputs:dynlib (53ms)
✔ [598/745] Built VersoManual.Linters (1.1s)
✔ [599/745] Built VersoIlluminate (1.3s)
✔ [600/745] Built VersoLiterate.Basic (1.5s)
✔ [601/745] Built VersoManual.Linters:c.o (572ms)
✔ [602/745] Built VersoManual.Linters:dynlib (53ms)
✔ [603/745] Built VersoManual.Html.Features (1.2s)
✔ [604/745] Built VersoManual.Docstring.DocName (1.2s)
✔ [605/745] Built VersoSearch.DomainSearch:c.o (1.1s)
✔ [606/745] Built VersoSearch.DomainSearch:dynlib (52ms)
✔ [607/745] Built VersoIlluminate:c.o (1.0s)
✔ [608/745] Built VersoIlluminate:shared (52ms)
✔ [609/745] Built VersoLiterate.Basic:c.o (1.0s)
✔ [610/745] Built VersoLiterate.Basic:dynlib (48ms)
✔ [611/745] Built VersoManual.Html.Features:c.o (1.7s)
✔ [612/745] Built VersoManual.Html.Features:dynlib (50ms)
✔ [613/745] Built VersoManual.Html.Config (388ms)
✔ [614/745] Built VersoSearch (2.0s)
✔ [615/745] Built VersoManual.Docstring.DocName:c.o (2.1s)
✔ [616/745] Built VersoManual.Docstring.DocName:dynlib (53ms)
✔ [617/745] Built VersoManual.Html.Config:c.o (270ms)
✔ [618/745] Built VersoManual.Html.Config:dynlib (46ms)
✔ [619/745] Built VersoLiterate.Exported (2.3s)
✔ [620/745] Built VersoSearch:c.o (2.9s)
✔ [621/745] Built VersoSearch:shared (46ms)
✔ [622/745] Built VersoLiterate.Search (598ms)
✔ [623/745] Built VersoLiterate.Search:c.o (73ms)
✔ [624/745] Built VersoLiterate.Search:dynlib (48ms)
✔ [625/745] Built VersoLiterate.Exported:c.o (3.8s)
✔ [626/745] Built VersoLiterate.Exported:dynlib (48ms)
✔ [627/745] Built VersoLiterate.Module (721ms)
✔ [628/745] Built VersoLiterate.Module:c.o (278ms)
✔ [629/745] Built VersoLiterate.Module:dynlib (49ms)
✔ [630/745] Built VersoLiterate (517ms)
✔ [631/745] Built VersoLiterate:c.o (65ms)
✔ [632/745] Built VersoLiterate:shared (57ms)
✔ [633/745] Built VersoManual.Basic (5.2s)
✔ [634/745] Built VersoManual.Basic:c.o (6.7s)
✔ [635/745] Built VersoManual.Basic:dynlib (51ms)
✔ [636/745] Built VersoManual.Glossary.Norm (973ms)
✔ [637/745] Built VersoManual.WordCount (1.2s)
✔ [638/745] Built VersoManual.Glossary.Norm:c.o (371ms)
✔ [639/745] Built VersoManual.Glossary.Norm:dynlib (82ms)
✔ [640/745] Built VersoManual.Draft (1.7s)
✔ [641/745] Built VersoManual.License (1.7s)
✔ [642/745] Built VersoManual.WordCount:c.o (590ms)
✔ [643/745] Built VersoManual.LocalContents (1.8s)
✔ [644/745] Built VersoManual.Marginalia (1.8s)
✔ [645/745] Built VersoManual.Html (1.9s)
✔ [646/745] Built VersoManual.Row (1.8s)
✔ [647/745] Built VersoManual.Diagrams (1.9s)
✔ [648/745] Built VersoManual.WordCount:dynlib (68ms)
✔ [649/745] Built VersoManual.Markdown (2.3s)
✔ [650/745] Built VersoManual.Table (3.1s)
✔ [651/745] Built VersoManual.Index (3.3s)
✔ [652/745] Built VersoManual.LocalContents:c.o (2.1s)
✔ [653/745] Built VersoManual.LocalContents:dynlib (50ms)
✔ [654/745] Built VersoManual.Html:c.o (2.1s)
✔ [655/745] Built VersoManual.Html:dynlib (60ms)
✔ [656/745] Built VersoManual.Docstring.Progress (4.4s)
✔ [657/745] Built VersoManual.License:c.o (3.1s)
✔ [658/745] Built VersoManual.License:dynlib (66ms)
✔ [659/745] Built VersoManual.Marginalia:c.o (2.0s)
✔ [660/745] Built VersoManual.Draft:c.o (3.2s)
✔ [661/745] Built VersoManual.Glossary (3.5s)
✔ [662/745] Built VersoManual.Marginalia:dynlib (66ms)
✔ [663/745] Built VersoManual.Row:c.o (3.2s)
✔ [664/745] Built VersoManual.Draft:dynlib (69ms)
✔ [665/745] Built VersoManual.Row:dynlib (64ms)
✔ [666/745] Built VersoManual.Markdown:c.o (2.9s)
✔ [667/745] Built VersoManual.Markdown:dynlib (62ms)
✔ [668/745] Built VersoManual.Diagrams:c.o (3.7s)
✔ [669/745] Built VersoManual.HighlightedCode (938ms)
✔ [670/745] Built VersoManual.Diagrams:dynlib (74ms)
✔ [671/745] Built VersoManual.HighlightedCode:c.o (431ms)
✔ [672/745] Built VersoManual.HighlightedCode:dynlib (57ms)
✔ [673/745] Built VersoManual.InlineLean.Block (1.2s)
✔ [674/745] Built VersoManual.Table:c.o (4.4s)
✔ [675/745] Built VersoManual.Table:dynlib (55ms)
✔ [676/745] Built VersoManual.InlineLean.Option (1.6s)
✔ [677/745] Built VersoManual.ExternalLean (1.8s)
✔ [678/745] Built VersoManual.Bibliography (3.4s)
✔ [679/745] Built VersoManual.InlineLean.Block:c.o (874ms)
✔ [680/745] Built VersoManual.InlineLean.Block:dynlib (66ms)
✔ [681/745] Built VersoManual.InlineLean.Signature (2.1s)
✔ [682/745] Built VersoManual.InlineLean.SyntaxError (2.2s)
✔ [683/745] Built VersoManual.Glossary:c.o (3.8s)
✔ [684/745] Built VersoManual.Glossary:dynlib (77ms)
✔ [685/745] Built VersoManual.Docstring.Progress:c.o (4.5s)
✔ [686/745] Built VersoManual.Docstring.Progress:dynlib (66ms)
✔ [687/745] Built VersoManual.ExternalLean:c.o (1.7s)
✔ [688/745] Built VersoManual.ExternalLean:dynlib (54ms)
✔ [689/745] Built VersoManual.InlineLean.Option:c.o (2.2s)
✔ [690/745] Built VersoManual.InlineLean.Option:dynlib (58ms)
✔ [691/745] Built VersoManual.Index:c.o (6.9s)
✔ [692/745] Built VersoManual.Index:dynlib (58ms)
✔ [693/745] Built VersoManual.InlineLean.IO (2.5s)
✔ [694/745] Built VersoManual.InlineLean.SyntaxError:c.o (2.7s)
✔ [695/745] Built VersoManual.Imports (1.4s)
✔ [696/745] Built VersoManual.InlineLean.Signature:c.o (2.9s)
✔ [697/745] Built VersoManual.InlineLean.SyntaxError:dynlib (62ms)
✔ [698/745] Built VersoManual.InlineLean.Signature:dynlib (58ms)
✔ [699/745] Built VersoManual.Literate (1.9s)
✔ [700/745] Built VersoManual.Imports:c.o (2.2s)
✔ [701/745] Built VersoManual.Imports:dynlib (50ms)
✔ [702/745] Built VersoManual.Bibliography:c.o (6.9s)
✔ [703/745] Built VersoManual.Bibliography:dynlib (62ms)
✔ [704/745] Built VersoManual.InlineLean.IO:c.o (4.8s)
✔ [705/745] Built VersoManual.InlineLean.IO:dynlib (62ms)
✔ [706/745] Built VersoManual.Literate:c.o (4.5s)
✔ [707/745] Built VersoManual.Literate:dynlib (59ms)
✔ [708/745] Built VersoManual.Docstring (8.3s)
✔ [709/745] Built VersoManual.InlineLean (5.2s)
✔ [710/745] Built VersoManual.InlineLean:c.o (10s)
✔ [711/745] Built VersoManual.InlineLean:dynlib (55ms)
✔ [712/745] Built VersoManual.Docstring:c.o (16s)
✔ [713/745] Built VersoManual.Docstring:dynlib (57ms)
✔ [714/745] Built VersoManual (5.0s)
✔ [715/745] Built VersoManual:c.o (12s)
✔ [716/745] Built VersoManual:shared (110ms)
✔ [733/745] Built VersoSlides.InlineLean (2.2s)
✔ [735/745] Built VersoSlides.ModuleExample (3.0s)
✔ [737/745] Built VersoSlides.LibModule (2.6s)
✔ [739/745] Built VersoSlides (607ms)
✔ [741/745] Built MyTalk.Slides (666ms)
✔ [742/745] Built MyTalk.Slides:c.o (73ms)
✔ [743/745] Built Main (536ms)
✔ [744/745] Built Main:c.o (70ms)
✔ [745/745] Built «my-talk»:exe (558ms)
Build completed successfully (745 jobs).
