✔ [630/700] Built VersoSlides.ImgSrc (363ms)
✔ [689/700] Built VersoSlides.VirResourceSite (324ms)
✔ [690/700] Built VersoSlides.SlideCode.CommentParsers (996ms)
✔ [691/700] Built VersoSlides.Pretty (718ms)
ℹ [692/700] Built VersoSlides.VirPrettyM (614ms)
info: VersoSlides/VirPrettyM.lean:14:2: deferred validation of imported dependency `VersoSlides.Pretty.formatSegments` (via VersoSlides.VirPrettyM.formatSegments -> VersoSlides.Pretty.formatSegments) because its compiled IR is opaque in this module; `:vir` package generation loads and validates the owning module's compiled IR
✔ [693/700] Built VersoSlides.Basic (2.1s)
✔ [694/700] Built VersoSlides.SlideCode (1.7s)
ℹ [695/700] Built «verso-slides»/VersoSlides.VirPrettyM:virProgram (1.1s)
info: stdout:
wrote /tmp/tmp.XXxrFxM0/program.irpkg-set.json
wrote /tmp/tmp.XXxrFxM0/program.irpkg
wrote /tmp/tmp.XXxrFxM0/report.md
package set members: 7
package format: 11
declarations: 93 (72 Lean IR, 21 native externs)
interface exports: 1
ℹ [696/713] Built «verso-slides»/VersoSlidesVirPrettyMResources:virResourcePack (57ms)
info: stdout:
f8c7b00eb26eb097f7894d13abb2a6198ff827b0fb09deffd3b86cedf475aede
✔ [712/753] Built VersoSlides.Attributes (775ms)
✔ [714/753] Built VersoSlides.ImageWidget (718ms)
✔ [716/753] Built VersoSlides.Pretty:c.o (814ms)
✔ [717/753] Built VersoSlides.SlideCode.Export (1.1s)
✔ [719/753] Built Tests.Pretty (905ms)
✔ [720/753] Built VersoSlides.SlideCode.Render (1.3s)
✔ [721/753] Built VersoSlides.VirPrettyMResources (1.1s)
✔ [722/753] Built VersoSlides.OtherLanguages (1.1s)
✔ [723/753] Built VersoSlides.Diagram (1.1s)
✔ [727/753] Built VersoSlides.VirPrettyMResources:c.o (101ms)
✔ [728/753] Built VersoSlides.VirResources (411ms)
✔ [730/753] Built Tests.Pretty:c.o (614ms)
✔ [731/753] Built «test-pretty»:exe (689ms)
✔ [732/753] Built VersoSlides.Animate (1.6s)
✔ [734/753] Built VersoSlides.InlineLean (2.4s)
✔ [736/753] Built VersoSlides.Render (2.2s)
✔ [739/753] Built VersoSlides.Directives (3.1s)
✔ [741/753] Built VersoSlides.ModuleExample (3.3s)
✔ [743/753] Built VersoSlides.Render:c.o (3.4s)
✔ [744/753] Built «test-vir-publication»:exe (592ms)
✔ [745/753] Built VersoSlides.LibModule (2.9s)
✔ [747/753] Built VersoSlides (563ms)
✔ [749/753] Built Demo (10s)
✔ [751/753] Built Main (652ms)
✔ [753/753] Built «demo-slides»:exe (664ms)
Build completed successfully (753 jobs).
