✔ plain text and hard lines survive HTML escaping exactly (2.694782ms)
✔ full exact tag stacks survive; nearest registered annotation owns presentation (2.179773ms)
✔ annotation classes and binding attributes cannot introduce HTML attributes (0.907909ms)
✔ goal structure shares indexed formats and escapes names/prefixes (1.074864ms)
✔ pixel-to-column conversion calls only the typed VIR facade without changing text (1.25868ms)
✔ one DOM measurer accounts for Reveal scaling and releases its probe (0.869878ms)
✔ shared signature rendering always releases measurement (success) (2.136161ms)
✔ shared signature rendering always releases measurement (failure) (1.085744ms)
✔ shared goal rendering always releases measurement (success) (0.912327ms)
✔ shared goal rendering always releases measurement (failure) (0.889053ms)
✔ formatting failure reports raw evidence and deliberate presentation (0.795618ms)
✔ compact adapter passes scalar values and dimensions unchanged to VIR (0.921244ms)
✔ loading notification terminal preserves the observed current promise without unhandled errors (51.699505ms)
✔ loading notification persisted preserves the observed current promise without unhandled errors (47.63293ms)
✔ pending creation receives resource URLs/signal; pagehide aborts without a facade (4.236134ms)
✔ cancellation before import finishes skips creation and cannot publish a facade (2.959591ms)
✔ late success during creation is disposed once and never handed off (1.587488ms)
✔ slow initialization shows loading without publishing a facade (1.566028ms)
✔ creation failure reports once without a retry control or another creation (10.492159ms)
✔ malformed compact input leaves the same program usable (2.408082ms)
✔ active program survives request rejection (object) with raw diagnostics (1.936194ms)
✔ active program survives request rejection (object) with raw diagnostics (1.408091ms)
✔ active program survives request rejection (undefined) with raw diagnostics (1.261615ms)
✔ unexpected runtime failure (object) closes formatting without recreation or replay (1.648653ms)
✔ unexpected runtime failure (object) closes formatting without recreation or replay (1.157559ms)
✔ unexpected runtime failure (undefined) closes formatting without recreation or replay (1.013407ms)
✔ terminal document cleanup reports raw disposal failure (object) once (1.298444ms)
✔ terminal document cleanup reports raw disposal failure (object) once (2.103079ms)
✔ terminal document cleanup reports raw disposal failure (undefined) once (1.145085ms)
✔ obsolete cancellation reports own raw cleanup evidence (undefined) (1.238211ms)
✔ obsolete cancellation reports own raw cleanup evidence (object) (1.001194ms)
✔ obsolete cancellation reports own raw cleanup evidence (object) (1.0094ms)
✔ resolved lifetime preserves bfcache and disposes on terminal pagehide (0.96665ms)
✔ late disposal throwing Error retains/reports evidence without an unhandled rejection (36.073121ms)
✔ late disposal throwing null retains/reports evidence without an unhandled rejection (47.539554ms)
✔ late disposal throwing undefined retains/reports evidence without an unhandled rejection (38.269155ms)
✔ late disposal diagnostics tolerate a throwing reporting sink (36.641321ms)
✔ arbitrary creation rejection (null) reports without coercion or a secondary unhandled rejection (37.262269ms)
✔ arbitrary creation rejection (undefined) reports without coercion or a secondary unhandled rejection (36.042603ms)
✔ arbitrary creation rejection (primitive) reports without coercion or a secondary unhandled rejection (49.831989ms)
✔ arbitrary creation rejection (proxy) reports without coercion or a secondary unhandled rejection (37.540854ms)
✔ arbitrary creation rejection (sink) reports without coercion or a secondary unhandled rejection (45.036713ms)
✔ primary creation wrapper/context and untouched raw cause are logged (1.855182ms)
ℹ tests 43
ℹ suites 0
ℹ pass 43
ℹ fail 0
ℹ cancelled 0
ℹ skipped 0
ℹ todo 0
ℹ duration_ms 593.159464
