✔ [687/700] Built VersoSlides.ImgSrc (287ms)
✔ [688/700] Built VersoSlides.VirResourceSite (313ms)
✔ [690/700] Built VersoSlides.SlideCode.CommentParsers (717ms)
✔ [691/700] Built VersoSlides.Pretty (673ms)
ℹ [692/700] Built VersoSlides.VirPrettyM (639ms)
info: VersoSlides/VirPrettyM.lean:14:2: deferred validation of imported dependency `VersoSlides.Pretty.formatSegments` (via VersoSlides.VirPrettyM.formatSegments -> VersoSlides.Pretty.formatSegments) because its compiled IR is opaque in this module; `:vir` package generation loads and validates the owning module's compiled IR
✔ [693/700] Built VersoSlides.SlideCode (1.5s)
✔ [694/700] Built VersoSlides.Basic (2.5s)
ℹ [695/700] Built «verso-slides»/VersoSlides.VirPrettyM:virProgram (1.1s)
info: stdout:
wrote /tmp/tmp.XXB0dNpo/program.irpkg-set.json
wrote /tmp/tmp.XXB0dNpo/program.irpkg
wrote /tmp/tmp.XXB0dNpo/report.md
package set members: 7
package format: 11
declarations: 93 (72 Lean IR, 21 native externs)
interface exports: 1
ℹ [696/713] Built «verso-slides»/VersoSlidesVirPrettyMResources:virResourcePack (56ms)
info: stdout:
6533441116b4390058891c6045874e2400e99cc72719f92f420c606c7215f995
✔ [712/753] Built VersoSlides.SlideCode.Export (1.0s)
✔ [714/753] Built VersoSlides.SlideCode.Render (1.2s)
✔ [716/753] Built VersoSlides.Pretty:c.o (543ms)
✔ [717/753] Built VersoSlides.Attributes (802ms)
✔ [719/753] Built VersoSlides.ImageWidget (804ms)
✔ [721/753] Built VersoSlides.VirPrettyMResources (980ms)
✔ [722/753] Built Tests.Pretty (848ms)
✔ [723/753] Built VersoSlides.VirPrettyMResources:c.o (110ms)
✔ [724/753] Built VersoSlides.OtherLanguages (1.2s)
✔ [726/753] Built VersoSlides.VirResources (499ms)
✔ [727/753] Built VersoSlides.Diagram (1.5s)
✔ [730/753] Built Tests.Pretty:c.o (618ms)
✔ [731/753] Built «test-pretty»:exe (700ms)
✔ [732/753] Built VersoSlides.Animate (1.5s)
✔ [734/753] Built VersoSlides.InlineLean (3.1s)
✔ [736/753] Built VersoSlides.Directives (3.1s)
✔ [738/753] Built VersoSlides.Render (2.8s)
✔ [741/753] Built VersoSlides.ModuleExample (3.8s)
✔ [743/753] Built VersoSlides.Render:c.o (3.7s)
✔ [744/753] Built «test-vir-publication»:exe (714ms)
✔ [745/753] Built VersoSlides.LibModule (3.0s)
✔ [747/753] Built VersoSlides (634ms)
✔ [749/753] Built Demo (11s)
✔ [751/753] Built Main (809ms)
✔ [753/753] Built «demo-slides»:exe (725ms)
Build completed successfully (753 jobs).
