ℹ [161/164] Replayed VersoSlides.VirPrettyM
info: VersoSlides/VirPrettyM.lean:14:2: deferred validation of imported dependency `VersoSlides.Pretty.formatSegments` (via VersoSlides.VirPrettyM.formatSegments -> VersoSlides.Pretty.formatSegments) because its compiled IR is opaque in this module; `:vir` package generation loads and validates the owning module's compiled IR
ℹ [162/164] Built «verso-slides»/VersoSlides.VirPrettyM:virProgram (1000ms)
info: stdout:
wrote /tmp/tmp.XXj8vDBV/program.irpkg-set.json
wrote /tmp/tmp.XXj8vDBV/program.irpkg
wrote /tmp/tmp.XXj8vDBV/report.md
package set members: 7
package format: 11
declarations: 93 (72 Lean IR, 21 native externs)
interface exports: 1
ℹ [163/389] Built «verso-slides»/VersoSlidesVendored:virResourcePack (51ms)
info: stdout:
6533441116b4390058891c6045874e2400e99cc72719f92f420c606c7215f995
✔ [713/741] Built VersoSlidesVendored (1.3s)
✔ [729/741] Built VersoSlides.InlineLean (2.2s)
✔ [731/741] Built VersoSlides.ModuleExample (2.0s)
✔ [733/741] Built VersoSlides.LibModule (2.5s)
✔ [735/741] Built VersoSlides (584ms)
Build completed successfully (741 jobs).
