ℹ [162/165] Replayed VersoSlides.VirPrettyM
info: VersoSlides/VirPrettyM.lean:14:2: deferred validation of imported dependency `VersoSlides.Pretty.formatSegments` (via VersoSlides.VirPrettyM.formatSegments -> VersoSlides.Pretty.formatSegments) because its compiled IR is opaque in this module; `:vir` package generation loads and validates the owning module's compiled IR
ℹ [163/165] Built «verso-slides»/VersoSlides.VirPrettyM:virProgram (902ms)
info: stdout:
wrote /tmp/tmp.XXxecK8u/program.irpkg-set.json
wrote /tmp/tmp.XXxecK8u/program.irpkg
wrote /tmp/tmp.XXxecK8u/report.md
package set members: 7
package format: 11
declarations: 93 (72 Lean IR, 21 native externs)
interface exports: 1
ℹ [164/333] Built «verso-slides»/VersoSlidesVendored:virResourcePack (54ms)
info: stdout:
6533441116b4390058891c6045874e2400e99cc72719f92f420c606c7215f995
✔ [713/741] Built VersoSlidesVendored (1.1s)
✔ [729/741] Built VersoSlides.InlineLean (2.5s)
✔ [731/741] Built VersoSlides.ModuleExample (2.5s)
✔ [733/741] Built VersoSlides.LibModule (2.8s)
✔ [735/741] Built VersoSlides (600ms)
✔ [737/741] Built MyTalk.Slides (587ms)
✔ [739/741] Built Main (568ms)
✔ [741/741] Built «my-talk»:exe (575ms)
Build completed successfully (741 jobs).
