ℹ [161/164] Replayed VersoSlides.VirPrettyM
info: VersoSlides/VirPrettyM.lean:14:2: deferred validation of imported dependency `VersoSlides.Pretty.formatSegments` (via VersoSlides.VirPrettyM.formatSegments -> VersoSlides.Pretty.formatSegments) because its compiled IR is opaque in this module; `:vir` package generation loads and validates the owning module's compiled IR
ℹ [162/164] Replayed «verso-slides»/VersoSlides.VirPrettyM:virProgram
info: stdout:
wrote /tmp/tmp.XXNipXLU/program.irpkg-set.json
wrote /tmp/tmp.XXNipXLU/program.irpkg
wrote /tmp/tmp.XXNipXLU/report.md
package set members: 7
package format: 11
declarations: 93 (72 Lean IR, 21 native externs)
interface exports: 1
ℹ [163/387] Built «verso-slides»/VersoSlidesVendored:virResourcePack (47ms)
info: stdout:
6533441116b4390058891c6045874e2400e99cc72719f92f420c606c7215f995
✔ [713/741] Built VersoSlidesVendored (1.3s)
✔ [714/741] Built VersoSlidesVendored:c.o (631ms)
✔ [715/741] Built VersoSlides.Basic (2.3s)
✔ [717/741] Built VersoSlides.Attributes (744ms)
✔ [719/741] Built VersoSlides.OtherLanguages (1.2s)
✔ [721/741] Built VersoSlides.Diagram (1.3s)
✔ [723/741] Built VersoSlides.InlineLean (2.4s)
✔ [725/741] Built VersoSlides.Animate (1.3s)
✔ [727/741] Built VersoSlides.Directives (2.7s)
✔ [729/741] Built VersoSlides.Render (2.7s)
✔ [730/741] Built VersoSlides.ModuleExample (3.8s)
✔ [732/741] Built VersoSlides.Render:c.o (3.3s)
✔ [733/741] Built VersoSlides.LibModule (3.3s)
✔ [735/741] Built VersoSlides (663ms)
✔ [737/741] Built Demo (10s)
✔ [739/741] Built Main (711ms)
✔ [741/741] Built «demo-slides»:exe (749ms)
Build completed successfully (741 jobs).
