✔ [78/105] Built Vir.LeanName (218ms)
✔ [79/105] Built Vir.GeneratePackage.PackageFormat (207ms)
✔ [80/105] Built Vir.GeneratePackage.PackageFormat:c.o (56ms)
✔ [81/105] Built Vir.Hash (344ms)
✔ [82/105] Built Vir.LeanName:c.o (111ms)
✔ [83/105] Built Vir.Resources.Types (447ms)
✔ [84/105] Built Vir.GeneratePackage.PackageSet (284ms)
✔ [85/105] Built Vir.Hash:c.o (305ms)
✔ [86/105] Built Vir.GeneratePackage.PackageSet:c.o (126ms)
✔ [87/105] Built Vir.Resources.Types:c.o (395ms)
✔ [88/105] Built Vir.NativePayload (697ms)
✔ [89/105] Built Vir.Resources.Validate (575ms)
✔ [90/105] Built Vir.Resources.Pack (387ms)
✔ [91/105] Built Vir.NativePayload:c.o (582ms)
✔ [92/105] Built Vir.Resources.Pack:c.o (455ms)
✔ [93/105] Built Vir.Resources.Build (586ms)
✔ [94/105] Built Vir.Resources.Validate:c.o (1.1s)
✔ [95/105] Built Vir.Resources.Build:c.o (434ms)
✔ [96/105] Built Vir.Resources.Program (583ms)
✔ [97/105] Built tools.VirResourcePack (1.0s)
✔ [98/105] Built tools.VirResourcePack:c.o (288ms)
✔ [99/105] Built tools.VirResourceProgram (872ms)
✔ [100/105] Built Vir.Resources.Program:c.o (926ms)
✔ [101/105] Built tools.VirResourceProgram:c.o (185ms)
✔ [102/105] Built vir_resource_pack:exe (615ms)
✔ [103/166] Built vir_resource_program:exe (589ms)
✔ [105/166] Built Vir.HostMetadata (341ms)
✔ [106/166] Built Vir.GeneratePackage.PackageIRTags (296ms)
✔ [107/166] Built Vir.GeneratePackage.CachedImports (440ms)
✔ [108/166] Built Vir.GeneratePackage.PackageIRTags:c.o (84ms)
✔ [109/166] Built Vir.HostMetadata:c.o (155ms)
✔ [110/166] Built Vir.GeneratePackage.NativeExterns (721ms)
✔ [111/166] Built Vir.IRDependencies (359ms)
✔ [112/166] Built Vir.GeneratePackage.CachedImports:c.o (339ms)
✔ [113/166] Built Vir.IRDependencies:c.o (209ms)
✔ [114/166] Built Vir.InterfaceValidation (940ms)
✔ [115/166] Built Vir.ExportValidation (445ms)
✔ [116/166] Built Vir.Interface.Classify.Error (1.2s)
✔ [117/166] Built Vir.ClientNativeExternManifest (458ms)
✔ [118/166] Built Vir.GeneratePackage.NativeExterns:c.o (523ms)
✔ [119/166] Built Vir.ExportValidation:c.o (366ms)
✔ [120/166] Built Vir.InterfaceValidation:c.o (622ms)
✔ [121/166] Built Vir.ClientNativeExternManifest:c.o (443ms)
✔ [122/166] Built Vir.Interface.Classify.Error:c.o (658ms)
✔ [123/166] Built Vir.Interface.Model (3.7s)
✔ [124/166] Built Vir.GeneratePackage.Basic (475ms)
✔ [125/166] Built Vir.GeneratePackage.Basic:c.o (208ms)
✔ [126/166] Built Vir.GeneratePackage.Json (332ms)
✔ [127/166] Built Vir.Interface.Model:c.o (909ms)
✔ [128/166] Built Vir.GeneratePackage.Json:c.o (137ms)
✔ [129/166] Built Vir.Interface.Classify.Basic (1.1s)
✔ [130/166] Built Vir.GeneratePackage.Interface.Encode (436ms)
✔ [131/166] Built Vir.GeneratePackage.Inputs (779ms)
✔ [132/166] Built Vir.GeneratePackage.Interface.Encode:c.o (392ms)
✔ [133/166] Built Vir.GeneratePackage.Closure (426ms)
✔ [134/166] Built Vir.Interface.Classify.Basic:c.o (778ms)
✔ [135/166] Built Vir.Interface.Classify.Core (861ms)
✔ [136/166] Built Vir.GeneratePackage.Closure:c.o (461ms)
✔ [137/166] Built Vir.GeneratePackage.Inputs:c.o (940ms)
✔ [138/166] Built Vir.Interface.Classify.Signature (633ms)
✔ [139/166] Built Vir.Interface.Classify.Core:c.o (775ms)
✔ [140/166] Built Vir.Interface.Classify.Signature:c.o (391ms)
✔ [141/166] Built Vir.HostValidation (701ms)
✔ [142/166] Built Vir.Attributes (701ms)
ℹ [143/166] Replayed VersoSlides.VirPrettyM
info: VersoSlides/VirPrettyM.lean:14:2: deferred validation of imported dependency `VersoSlides.Pretty.formatSegments` (via VersoSlides.VirPrettyM.formatSegments -> VersoSlides.Pretty.formatSegments) because its compiled IR is opaque in this module; `:vir` package generation loads and validates the owning module's compiled IR
✔ [144/166] Built Vir.HostValidation:c.o (292ms)
✔ [145/166] Built Vir.Host (579ms)
✔ [146/166] Built Vir.Host:c.o (218ms)
✔ [147/166] Built Vir.GeneratePackage.Interface.Collect (732ms)
✔ [148/166] Built Vir.GeneratePackage.Interface.Collect:c.o (475ms)
✔ [149/166] Built Vir.GeneratePackage.Manifest (529ms)
✔ [150/166] Built Vir.GeneratePackage.Manifest:c.o (192ms)
✔ [151/166] Built Vir.GeneratePackage.Manifest.Encode (537ms)
✔ [152/166] Built Vir.GeneratePackage.Report (686ms)
✔ [153/166] Built Vir.GeneratePackage.Manifest.Encode:c.o (198ms)
✔ [154/166] Built Vir.GeneratePackage.Report:c.o (266ms)
✔ [155/166] Built Vir.GeneratePackage.Emit (808ms)
✔ [156/166] Built Vir.GeneratePackage.Run (747ms)
✔ [157/166] Built Vir.GeneratePackage.Emit:c.o (954ms)
✔ [158/166] Built Vir.GeneratePackage (470ms)
✔ [159/166] Built Vir.GeneratePackage:c.o (56ms)
✔ [160/166] Built Vir.GeneratePackage.Run:c.o (723ms)
✔ [161/166] Built tools.VirProgram (988ms)
✔ [162/166] Built tools.VirProgram:c.o (391ms)
✔ [163/166] Built vir_program:exe (695ms)
ℹ [164/166] Built «verso-slides»/VersoSlides.VirPrettyM:virProgram (1.2s)
info: stdout:
wrote /tmp/tmp.XX0gwAgD/program.irpkg-set.json
wrote /tmp/tmp.XX0gwAgD/program.irpkg
wrote /tmp/tmp.XX0gwAgD/report.md
package set members: 7
package format: 11
declarations: 93 (72 Lean IR, 21 native externs)
interface exports: 1
ℹ [165/701] Built «verso-slides»/VersoSlidesVendored:virResourcePack (52ms)
info: stdout:
ba68416b65643b594d5a21cbdcf893bc41b80d0df8f2d4e5e1c60fb24145862a
✔ [692/701] Built Vir.BinaryLiteral (361ms)
✔ [693/701] Built Vir.Resources.Site (318ms)
✔ [694/701] Built Vir.BinaryLiteral.ToExpr (287ms)
✔ [695/701] Built Vir.Resources (269ms)
✔ [700/742] Built Vir.BinaryLiteral.ToExpr:c.o (74ms)
✔ [705/742] Built Vir.Resources:c.o (84ms)
✔ [708/742] Built Vir.BinaryLiteral:c.o (265ms)
✔ [709/742] Built Vir.Resources.Site:c.o (198ms)
✔ [710/742] Built Vir.Resources.Embed (721ms)
✔ [711/742] Built Vir.Resources.Embed:c.o (372ms)
✔ [712/742] Built VersoSlidesVendored (1.3s)
✔ [732/742] Built Vir.Resources.Runtime (6.0s)
✔ [737/742] Built Vir.Resources.Runtime:c.o (111ms)
✔ [738/742] Built MyTalk.Slides (769ms)
✔ [739/742] Built MyTalk.Slides:c.o (84ms)
✔ [740/742] Built Main (687ms)
✔ [741/742] Built Main:c.o (87ms)
✔ [742/742] Built «my-talk»:exe (612ms)
Build completed successfully (742 jobs).
