✔ [76/104] Built Vir.LeanName (242ms)
✔ [77/104] Built Vir.GeneratePackage.PackageFormat (199ms)
✔ [78/104] Built VersoSlides.ImgSrc (326ms)
✔ [79/104] Built Vir.LeanName:c.o (128ms)
✔ [80/104] Built Vir.GeneratePackage.PackageFormat:c.o (78ms)
✔ [81/104] Built Vir.Hash (365ms)
✔ [82/104] Built Vir.Resources.Types (508ms)
✔ [83/104] Built Vir.GeneratePackage.PackageSet (270ms)
✔ [84/104] Built Vir.Hash:c.o (275ms)
✔ [85/104] Built Vir.GeneratePackage.PackageSet:c.o (131ms)
✔ [86/104] Built Vir.Resources.Types:c.o (403ms)
✔ [87/104] Built Vir.NativePayload (636ms)
✔ [88/104] Built Vir.Resources.Validate (561ms)
✔ [89/104] Built Vir.Resources.Pack (331ms)
✔ [90/104] Built Vir.NativePayload:c.o (480ms)
✔ [91/104] Built Vir.Resources.Pack:c.o (360ms)
✔ [92/104] Built Vir.Resources.Build (631ms)
✔ [93/104] Built Vir.Resources.Validate:c.o (950ms)
✔ [94/104] Built Vir.Resources.Build:c.o (383ms)
✔ [95/104] Built Vir.Resources.Program (508ms)
✔ [96/104] Built tools.VirResourcePack (871ms)
✔ [97/104] Built tools.VirResourcePack:c.o (339ms)
✔ [98/104] Built tools.VirResourceProgram (839ms)
✔ [99/104] Built Vir.Resources.Program:c.o (754ms)
✔ [100/104] Built tools.VirResourceProgram:c.o (160ms)
✔ [101/104] Built vir_resource_pack:exe (587ms)
✔ [102/165] Built vir_resource_program:exe (568ms)
✔ [103/165] Built Vir.HostMetadata (313ms)
✔ [104/165] Built Vir.GeneratePackage.PackageIRTags (290ms)
✔ [105/165] Built Vir.GeneratePackage.PackageIRTags:c.o (65ms)
✔ [106/165] Built Vir.GeneratePackage.CachedImports (551ms)
✔ [107/165] Built Vir.GeneratePackage.NativeExterns (568ms)
✔ [108/165] Built Vir.HostMetadata:c.o (179ms)
✔ [109/165] Built Vir.IRDependencies (385ms)
✔ [110/165] Built VersoSlides.Pretty (699ms)
✔ [111/165] Built Vir.IRDependencies:c.o (213ms)
✔ [112/165] Built Vir.InterfaceValidation (963ms)
✔ [113/165] Built Vir.GeneratePackage.CachedImports:c.o (428ms)
✔ [114/165] Built Vir.ExportValidation (408ms)
✔ [115/165] Built Vir.ClientNativeExternManifest (515ms)
✔ [116/165] Built Vir.GeneratePackage.NativeExterns:c.o (552ms)
✔ [117/165] Built Vir.Interface.Classify.Error (1.2s)
✔ [118/165] Built Vir.ExportValidation:c.o (336ms)
✔ [119/165] Built Vir.InterfaceValidation:c.o (576ms)
✔ [120/165] Built Vir.ClientNativeExternManifest:c.o (402ms)
✔ [121/165] Built Vir.Interface.Classify.Error:c.o (604ms)
✔ [122/165] Built Vir.Interface.Model (4.3s)
✔ [123/165] Built Vir.GeneratePackage.Basic (461ms)
✔ [124/165] Built Vir.GeneratePackage.Basic:c.o (171ms)
✔ [125/165] Built Vir.GeneratePackage.Json (287ms)
✔ [126/165] Built Vir.Interface.Model:c.o (765ms)
✔ [127/165] Built Vir.GeneratePackage.Json:c.o (115ms)
✔ [128/165] Built Vir.Interface.Classify.Basic (958ms)
✔ [129/165] Built Vir.GeneratePackage.Interface.Encode (411ms)
✔ [130/165] Built Vir.GeneratePackage.Inputs (704ms)
✔ [131/165] Built Vir.GeneratePackage.Interface.Encode:c.o (325ms)
✔ [132/165] Built Vir.GeneratePackage.Closure (399ms)
✔ [133/165] Built Vir.Interface.Classify.Basic:c.o (822ms)
✔ [134/165] Built Vir.Interface.Classify.Core (933ms)
✔ [135/165] Built Vir.GeneratePackage.Closure:c.o (396ms)
✔ [136/165] Built Vir.GeneratePackage.Inputs:c.o (923ms)
✔ [137/165] Built Vir.Interface.Classify.Signature (578ms)
✔ [138/165] Built Vir.Interface.Classify.Core:c.o (779ms)
✔ [139/165] Built Vir.Interface.Classify.Signature:c.o (304ms)
✔ [140/165] Built Vir.HostValidation (624ms)
✔ [141/165] Built Vir.Attributes (665ms)
✔ [142/165] Built Vir.HostValidation:c.o (255ms)
✔ [143/165] Built Vir.Host (504ms)
✔ [144/165] Built Vir.Host:c.o (199ms)
ℹ [145/165] Built VersoSlides.VirPrettyM (575ms)
info: VersoSlides/VirPrettyM.lean:14:2: deferred validation of imported dependency `VersoSlides.Pretty.formatSegments` (via VersoSlides.VirPrettyM.formatSegments -> VersoSlides.Pretty.formatSegments) because its compiled IR is opaque in this module; `:vir` package generation loads and validates the owning module's compiled IR
✔ [146/165] Built Vir.GeneratePackage.Interface.Collect (663ms)
✔ [147/165] Built Vir.GeneratePackage.Manifest (533ms)
✔ [148/165] Built Vir.GeneratePackage.Interface.Collect:c.o (461ms)
✔ [149/165] Built Vir.GeneratePackage.Manifest:c.o (187ms)
✔ [150/165] Built Vir.GeneratePackage.Manifest.Encode (548ms)
✔ [151/165] Built Vir.GeneratePackage.Report (649ms)
✔ [152/165] Built Vir.GeneratePackage.Manifest.Encode:c.o (175ms)
✔ [153/165] Built Vir.GeneratePackage.Report:c.o (252ms)
✔ [154/165] Built Vir.GeneratePackage.Emit (763ms)
✔ [155/165] Built Vir.GeneratePackage.Run (788ms)
✔ [156/165] Built Vir.GeneratePackage.Emit:c.o (855ms)
✔ [157/165] Built Vir.GeneratePackage (401ms)
✔ [158/165] Built Vir.GeneratePackage:c.o (61ms)
✔ [159/165] Built Vir.GeneratePackage.Run:c.o (601ms)
✔ [160/165] Built tools.VirProgram (873ms)
✔ [161/165] Built tools.VirProgram:c.o (378ms)
✔ [162/165] Built vir_program:exe (661ms)
ℹ [163/165] Built «verso-slides»/VersoSlides.VirPrettyM:virProgram (926ms)
info: stdout:
wrote /tmp/tmp.XXvUm7m3/program.irpkg-set.json
wrote /tmp/tmp.XXvUm7m3/program.irpkg
wrote /tmp/tmp.XXvUm7m3/report.md
package set members: 7
package format: 11
declarations: 93 (72 Lean IR, 21 native externs)
interface exports: 1
ℹ [164/700] Built «verso-slides»/VersoSlidesVendored:virResourcePack (54ms)
info: stdout:
ba68416b65643b594d5a21cbdcf893bc41b80d0df8f2d4e5e1c60fb24145862a
✔ [687/700] Built Vir.BinaryLiteral (272ms)
✔ [688/700] Built Vir.Resources.Site (284ms)
✔ [689/700] Built Vir.BinaryLiteral.ToExpr (246ms)
✔ [690/700] Built Vir.Resources (219ms)
✔ [692/712] Built VersoSlides.SlideCode.CommentParsers (962ms)
✔ [693/712] Built Vir.Resources.Embed (714ms)
✔ [694/712] Built VersoSlides.ImageWidget (628ms)
✔ [695/712] Built VersoSlidesVendored (1.3s)
✔ [696/712] Built VersoSlides.SlideCode (1.6s)
✔ [697/712] Built VersoSlides.SlideCode.Render (1.3s)
✔ [698/712] Built VersoSlides.SlideCode.Export (1.3s)
✔ [699/712] Built VersoSlides.Basic (2.9s)
✔ [700/712] Built VersoSlides.Attributes (885ms)
✔ [701/712] Built VersoSlides.OtherLanguages (1.2s)
✔ [702/712] Built VersoSlides.Diagram (1.5s)
✔ [703/740] Built verso/Verso.Code.External:highlighted (6.7s)
✔ [705/742] Built Vir.BinaryLiteral.ToExpr:c.o (171ms)
✔ [706/742] Built Vir.Resources:c.o (145ms)
✔ [707/742] Built VersoSlides.ImgSrc:c.o (313ms)
✔ [708/742] Built VersoSlides.Attributes:c.o (408ms)
✔ [709/742] Built Vir.Resources.Site:c.o (395ms)
✔ [710/742] Built VersoSlides.ImageWidget:c.o (433ms)
✔ [711/742] Built Vir.BinaryLiteral:c.o (591ms)
✔ [712/742] Built VersoSlides.Directives (2.0s)
✔ [713/742] Built Vir.Resources.Embed:c.o (897ms)
✔ [714/742] Built VersoSlides.SlideCode.CommentParsers:c.o (976ms)
✔ [715/742] Built VersoSlides.SlideCode.Render:c.o (885ms)
✔ [716/742] Built VersoSlides.Pretty:c.o (851ms)
✔ [717/742] Built VersoSlidesVendored:c.o (1.1s)
✔ [718/742] Built Vir.Resources.Runtime (7.4s)
✔ [719/742] Built VersoSlides.InlineLean (3.2s)
✔ [720/742] Built VersoSlides.Animate (1.7s)
✔ [721/742] Built VersoSlides.SlideCode.Export:c.o (1.3s)
✔ [722/742] Built Vir.Resources.Runtime:c.o (126ms)
✔ [723/742] Built VersoSlides.OtherLanguages:c.o (2.6s)
✔ [724/742] Built VersoSlides.Diagram:c.o (2.9s)
✔ [725/742] Built VersoSlides.SlideCode:c.o (3.6s)
✔ [726/742] Built VersoSlides.Basic:c.o (3.8s)
✔ [727/742] Built VersoSlides.Render (2.7s)
✔ [728/742] Built VersoSlides.Animate:c.o (2.7s)
✔ [729/742] Built VersoSlides.ModuleExample (4.3s)
✔ [730/742] Built VersoSlides.Directives:c.o (4.8s)
✔ [731/742] Built VersoSlides.InlineLean:c.o (5.6s)
✔ [732/742] Built VersoSlides.Render:c.o (3.5s)
✔ [733/742] Built VersoSlides.LibModule (3.3s)
✔ [734/742] Built VersoSlides (676ms)
✔ [735/742] Built VersoSlides:c.o (88ms)
✔ [736/742] Built VersoSlides.ModuleExample:c.o (6.2s)
✔ [737/742] Built VersoSlides.LibModule:c.o (3.9s)
✔ [738/742] Built Demo (11s)
✔ [739/742] Built Main (717ms)
✔ [740/742] Built Main:c.o (103ms)
✔ [741/742] Built Demo:c.o (947ms)
✔ [742/742] Built «demo-slides»:exe (646ms)
Build completed successfully (742 jobs).
