✔ [97/104] Built VersoSlides.ImgSrc (293ms)
✔ [98/104] Built Vir.Resources.Program (443ms)
✔ [99/104] Built tools.VirResourceProgram (752ms)
✔ [100/104] Built Vir.Resources.Program:c.o (740ms)
✔ [101/104] Built tools.VirResourceProgram:c.o (142ms)
✔ [102/104] Built vir_resource_program:exe (535ms)
✔ [158/165] Built VersoSlides.Pretty (582ms)
✔ [159/165] Built tools.VirProgram (839ms)
ℹ [160/165] Built VersoSlides.VirPrettyM (488ms)
info: VersoSlides/VirPrettyM.lean:14:2: deferred validation of imported dependency `VersoSlides.Pretty.formatSegments` (via VersoSlides.VirPrettyM.formatSegments -> VersoSlides.Pretty.formatSegments) because its compiled IR is opaque in this module; `:vir` package generation loads and validates the owning module's compiled IR
✔ [161/165] Built tools.VirProgram:c.o (387ms)
✔ [162/165] Built vir_program:exe (679ms)
ℹ [163/165] Built «verso-slides»/VersoSlides.VirPrettyM:virProgram (1.0s)
info: stdout:
wrote /tmp/tmp.XX8vcQv8/program.irpkg-set.json
wrote /tmp/tmp.XX8vcQv8/program.irpkg
wrote /tmp/tmp.XX8vcQv8/report.md
package set members: 7
package format: 11
declarations: 93 (72 Lean IR, 21 native externs)
interface exports: 1
ℹ [164/700] Built «verso-slides»/VersoSlidesVendored:virResourcePack (48ms)
info: stdout:
ba68416b65643b594d5a21cbdcf893bc41b80d0df8f2d4e5e1c60fb24145862a
✔ [696/742] Built Vir.Resources.Site (320ms)
✔ [697/742] Built Vir.Resources (243ms)
✔ [698/742] Built Vir.Resources.Site:c.o (197ms)
✔ [700/742] Built Vir.Resources.Embed (727ms)
✔ [701/742] Built VersoSlides.ImageWidget (648ms)
✔ [703/742] Built VersoSlides.SlideCode.CommentParsers (817ms)
✔ [705/742] Built Vir.Resources.Embed:c.o (475ms)
✔ [706/742] Built VersoSlidesVendored (1.3s)
✔ [707/742] Built VersoSlides.SlideCode (1.6s)
✔ [709/742] Built VersoSlidesVendored:c.o (592ms)
✔ [710/742] Built VersoSlides.SlideCode.Render (902ms)
✔ [711/742] Built VersoSlides.SlideCode.Export (866ms)
✔ [714/742] Built VersoSlides.Basic (2.4s)
✔ [716/742] Built VersoSlides.Attributes (804ms)
✔ [718/742] Built VersoSlides.OtherLanguages (1.1s)
✔ [720/742] Built VersoSlides.Diagram (1.4s)
✔ [722/742] Built VersoSlides.Directives (2.5s)
✔ [724/742] Built VersoSlides.Animate (1.5s)
✔ [726/742] Built VersoSlides.InlineLean (3.0s)
✔ [728/742] Built Vir.Resources.Runtime (6.0s)
✔ [729/742] Built Vir.Resources.Runtime:c.o (101ms)
✔ [730/742] Built VersoSlides.Render (2.6s)
✔ [731/742] Built VersoSlides.ModuleExample (3.6s)
✔ [733/742] Built VersoSlides.Render:c.o (3.5s)
✔ [734/742] Built VersoSlides.LibModule (3.3s)
✔ [736/742] Built VersoSlides (636ms)
✔ [738/742] Built Demo (9.9s)
✔ [740/742] Built Main (582ms)
✔ [742/742] Built «demo-slides»:exe (582ms)
Build completed successfully (742 jobs).
