✔ plain text and hard lines survive HTML escaping exactly (2.327533ms)
✔ full exact tag stacks survive; nearest registered annotation owns presentation (1.552283ms)
✔ annotation classes and binding attributes cannot introduce HTML attributes (0.701721ms)
✔ goal structure shares indexed formats and escapes names/prefixes (0.952553ms)
✔ pixel-to-column conversion calls only the typed VIR facade without changing text (1.13095ms)
✔ one DOM measurer accounts for Reveal scaling and releases its probe (0.895476ms)
✔ shared signature rendering always releases measurement (success) (1.752861ms)
✔ shared signature rendering always releases measurement (failure) (0.820736ms)
✔ shared goal rendering always releases measurement (success) (0.827268ms)
✔ shared goal rendering always releases measurement (failure) (0.796641ms)
✔ terminal redraw during shared rendering preserves the original formatting failure (1.05685ms)
✔ formatting failure reports raw evidence and deliberate presentation (0.70636ms)
✔ compact adapter passes scalar values and dimensions unchanged to VIR (0.862113ms)
✔ loading notification terminal preserves the observed current promise without unhandled errors (32.429498ms)
✔ loading notification persisted preserves the observed current promise without unhandled errors (27.977995ms)
✔ pending creation receives resource URLs/signal; pagehide aborts without a facade (2.990331ms)
✔ cancellation before import finishes skips creation and cannot publish a facade (2.006438ms)
✔ late success during creation is disposed once and never handed off (0.930553ms)
✔ slow initialization shows loading without publishing a facade (0.821948ms)
✔ creation failure reports once without a retry control or another creation (7.436934ms)
✔ malformed compact input leaves the same program usable (1.410646ms)
✔ active program survives request rejection (object) with raw diagnostics (0.873034ms)
✔ active program survives request rejection (object) with raw diagnostics (0.714526ms)
✔ active program survives request rejection (undefined) with raw diagnostics (0.676463ms)
✔ unexpected runtime failure (object) closes formatting without recreation or replay (0.855672ms)
✔ unexpected runtime failure (object) closes formatting without recreation or replay (0.637039ms)
✔ unexpected runtime failure (undefined) closes formatting without recreation or replay (0.661857ms)
✔ terminal document cleanup reports raw disposal failure (object) once (0.617954ms)
✔ terminal document cleanup reports raw disposal failure (object) once (0.647088ms)
✔ terminal document cleanup reports raw disposal failure (undefined) once (1.466141ms)
✔ obsolete cancellation reports own raw cleanup evidence (undefined) (0.832588ms)
✔ obsolete cancellation reports own raw cleanup evidence (object) (0.641478ms)
✔ obsolete cancellation reports own raw cleanup evidence (object) (0.539596ms)
✔ resolved lifetime preserves bfcache and disposes on terminal pagehide (0.56815ms)
✔ late disposal throwing Error retains/reports evidence without an unhandled rejection (30.750285ms)
✔ late disposal throwing null retains/reports evidence without an unhandled rejection (33.272486ms)
✔ late disposal throwing undefined retains/reports evidence without an unhandled rejection (39.693367ms)
✔ arbitrary creation rejection (null) reports without coercion or a secondary unhandled rejection (38.90386ms)
✔ arbitrary creation rejection (undefined) reports without coercion or a secondary unhandled rejection (36.756045ms)
✔ arbitrary creation rejection (primitive) reports without coercion or a secondary unhandled rejection (34.910681ms)
✔ primary creation wrapper/context and untouched raw cause are logged (1.338199ms)
ℹ tests 41
ℹ suites 0
ℹ pass 41
ℹ fail 0
ℹ cancelled 0
ℹ skipped 0
ℹ todo 0
ℹ duration_ms 358.476515
