✔ [471/490] Built VersoSlides.ImgSrc (315ms)
✔ [472/490] Built VersoSlides.ImageWidget (534ms)
✔ [473/490] Built VersoSlidesVendored (675ms)
✔ [474/490] Built VersoSlides.SlideCode.CommentParsers (978ms)
✔ [475/490] Built VersoSlides.SlideCode (1.3s)
✔ [476/490] Built VersoSlides.Basic (2.4s)
✔ [477/490] Built VersoSlides.SlideCode.Render (835ms)
✔ [478/490] Built VersoSlides.SlideCode.Export (875ms)
✔ [479/490] Built VersoSlides.Attributes (658ms)
✔ [480/490] Built VersoSlides.OtherLanguages (1.0s)
✔ [481/490] Built VersoSlides.Diagram (1.3s)
✔ [482/490] Built VersoSlides.Directives (2.2s)
✔ [483/490] Built VersoSlides.Animate (1.4s)
✔ [484/512] Built VersoSlides.InlineLean (2.7s)
✔ [485/512] Built verso/Verso.Code.External:highlighted (5.8s)
✔ [487/513] Built VersoSlides.ImgSrc:c.o (249ms)
✔ [488/513] Built VersoSlides.Render (2.5s)
✔ [489/513] Built VersoSlides.Attributes:c.o (392ms)
✔ [490/513] Built VersoSlides.ImageWidget:c.o (327ms)
✔ [491/513] Built VersoSlides.SlideCode.Render:c.o (655ms)
✔ [492/513] Built VersoSlidesVendored:c.o (717ms)
✔ [493/513] Built VersoSlides.SlideCode.CommentParsers:c.o (960ms)
✔ [494/513] Built VersoSlides.SlideCode.Export:c.o (1.2s)
✔ [495/513] Built VersoSlides.OtherLanguages:c.o (1.0s)
✔ [496/513] Built VersoSlides.Diagram:c.o (2.1s)
✔ [497/513] Built VersoSlides.Animate:c.o (2.6s)
✔ [498/513] Built VersoSlides.SlideCode:c.o (2.9s)
✔ [499/513] Built VersoSlides.Basic:c.o (3.1s)
✔ [500/513] Built VersoSlides.Render:c.o (3.5s)
✔ [501/513] Built VersoSlides.ModuleExample (3.9s)
✔ [502/513] Built VersoSlides.Directives:c.o (3.8s)
✔ [503/513] Built VersoSlides.InlineLean:c.o (4.0s)
✔ [504/513] Built VersoSlides.LibModule (3.0s)
✔ [505/513] Built VersoSlides (597ms)
✔ [506/513] Built VersoSlides:c.o (79ms)
✔ [507/513] Built VersoSlides.ModuleExample:c.o (4.9s)
✔ [508/513] Built VersoSlides.LibModule:c.o (3.4s)
⚠ [509/513] Built Demo (11s)
warning: Demo.lean: missing `module` header as required by the `requiresModuleSystem` option
warning: Demo.lean: missing `module` header as required by the `requiresModuleSystem` option
⚠ [510/513] Built Main (787ms)
warning: Main.lean: missing `module` header as required by the `requiresModuleSystem` option
warning: Main.lean: missing `module` header as required by the `requiresModuleSystem` option
✔ [511/513] Built Main:c.o (62ms)
✔ [512/513] Built Demo:c.o (863ms)
✔ [513/513] Built «demo-slides»:exe (464ms)
Build completed successfully (513 jobs).
