✔ [471/490] Built VersoSlides.ImgSrc (310ms)
✔ [472/490] Built VersoSlides.ImageWidget (612ms)
✔ [473/490] Built VersoSlidesVendored (649ms)
✔ [474/490] Built VersoSlides.SlideCode.CommentParsers (903ms)
✔ [475/490] Built VersoSlides.SlideCode (1.5s)
✔ [476/490] Built VersoSlides.Basic (2.3s)
✔ [477/490] Built VersoSlides.SlideCode.Export (786ms)
✔ [478/490] Built VersoSlides.SlideCode.Render (1.0s)
✔ [479/490] Built VersoSlides.Attributes (661ms)
✔ [480/490] Built VersoSlides.OtherLanguages (1.1s)
✔ [481/490] Built VersoSlides.Diagram (1.3s)
✔ [482/490] Built VersoSlides.Directives (2.6s)
✔ [483/490] Built VersoSlides.Animate (1.3s)
✔ [485/513] Built verso/Verso.Code.External:highlighted (5.7s)
✔ [486/513] Built VersoSlides.InlineLean (2.7s)
✔ [487/513] Built VersoSlides.Render (2.4s)
✔ [488/513] Built VersoSlides.ImgSrc:c.o (236ms)
✔ [489/513] Built VersoSlides.Attributes:c.o (265ms)
✔ [490/513] Built VersoSlides.ImageWidget:c.o (268ms)
✔ [491/513] Built VersoSlides.SlideCode.Render:c.o (563ms)
✔ [492/513] Built VersoSlidesVendored:c.o (743ms)
✔ [493/513] Built VersoSlides.SlideCode.CommentParsers:c.o (822ms)
✔ [494/513] Built VersoSlides.SlideCode.Export:c.o (1.1s)
✔ [495/513] Built VersoSlides.OtherLanguages:c.o (1.7s)
✔ [496/513] Built VersoSlides.Animate:c.o (2.2s)
✔ [497/513] Built VersoSlides.Diagram:c.o (2.3s)
✔ [498/513] Built VersoSlides.SlideCode:c.o (2.6s)
✔ [499/513] Built VersoSlides.ModuleExample (2.9s)
✔ [500/513] Built VersoSlides.Basic:c.o (3.1s)
✔ [501/513] Built VersoSlides.Render:c.o (3.5s)
✔ [502/513] Built VersoSlides.Directives:c.o (3.7s)
✔ [503/513] Built VersoSlides.InlineLean:c.o (5.1s)
✔ [504/513] Built VersoSlides.LibModule (3.3s)
✔ [505/513] Built VersoSlides (583ms)
✔ [506/513] Built VersoSlides:c.o (75ms)
✔ [507/513] Built VersoSlides.ModuleExample:c.o (5.3s)
✔ [508/513] Built VersoSlides.LibModule:c.o (3.7s)
⚠ [509/513] Built Demo (11s)
warning: Demo.lean: missing `module` header as required by the `requiresModuleSystem` option
warning: Demo.lean: missing `module` header as required by the `requiresModuleSystem` option
⚠ [510/513] Built Main (747ms)
warning: Main.lean: missing `module` header as required by the `requiresModuleSystem` option
warning: Main.lean: missing `module` header as required by the `requiresModuleSystem` option
✔ [511/513] Built Main:c.o (71ms)
✔ [512/513] Built Demo:c.o (868ms)
✔ [513/513] Built «demo-slides»:exe (484ms)
Build completed successfully (513 jobs).
