✔ [128/133] Built VersoSlides.ImgSrc (329ms)
✔ [129/133] Built VersoSlides.Pretty (570ms)
ℹ [130/133] Built VersoSlides.VirPrettyM (629ms)
info: VersoSlides/VirPrettyM.lean:14:2: deferred validation of imported dependency `VersoSlides.Pretty.formatSegments` (via VersoSlides.VirPrettyM.formatSegments -> VersoSlides.Pretty.formatSegments) because its compiled IR is opaque in this module; `:vir` package generation loads and validates the owning module's compiled IR
ℹ [131/133] Built «verso-slides»/VersoSlides.VirPrettyM:virProgram (1.2s)
info: stdout:
wrote /tmp/tmp.XXOqAuwF/program.irpkg-set.json
wrote /tmp/tmp.XXOqAuwF/program.irpkg
wrote /tmp/tmp.XXOqAuwF/report.md
package set members: 7
package format: 11
declarations: 93 (72 Lean IR, 21 native externs)
interface exports: 1
ℹ [132/133] Built «verso-slides»/VersoSlides.VirPrettyM:virResourcePack (55ms)
info: stdout:
00c4cc5794f68178e57d5e37d7b36889abf708abc0ac300337068930db4dd48b
✔ [571/589] Built VersoSlides.ImageWidget (543ms)
✔ [572/589] Built VersoSlides.SlideCode.CommentParsers (1.1s)
✔ [573/589] Built VersoSlidesVendored (1.5s)
✔ [574/589] Built VersoSlides.SlideCode (1.6s)
✔ [575/589] Built VersoSlides.Basic (2.4s)
✔ [576/589] Built VersoSlides.SlideCode.Export (1.1s)
✔ [577/589] Built VersoSlides.SlideCode.Render (1.2s)
✔ [578/589] Built VersoSlides.Attributes (1.0s)
✔ [579/589] Built VersoSlides.OtherLanguages (1.0s)
✔ [580/589] Built VersoSlides.Diagram (1.7s)
✔ [581/589] Built VersoSlides.Directives (2.9s)
✔ [582/589] Built VersoSlides.InlineLean (3.0s)
✔ [583/589] Built VersoSlides.Animate (1.7s)
✔ [585/620] Built verso/Verso.Code.External:highlighted (7.3s)
✔ [593/620] Built VersoSlides.ImgSrc:c.o (253ms)
✔ [594/620] Built VersoSlides.Attributes:c.o (305ms)
✔ [595/620] Built VersoSlides.ImageWidget:c.o (353ms)
✔ [596/620] Built VersoSlides.SlideCode.Render:c.o (688ms)
✔ [597/620] Built VersoSlides.Render (3.3s)
✔ [598/620] Built VersoSlides.Pretty:c.o (776ms)
✔ [599/620] Built VersoSlidesVendored:c.o (938ms)
✔ [600/620] Built VersoSlides.SlideCode.CommentParsers:c.o (1.1s)
✔ [601/620] Built VersoSlides.SlideCode.Export:c.o (1.3s)
✔ [602/620] Built VersoSlides.OtherLanguages:c.o (2.2s)
✔ [603/620] Built VersoSlides.Diagram:c.o (2.7s)
✔ [604/620] Built VersoSlides.ModuleExample (3.5s)
✔ [605/620] Built VersoSlides.Animate:c.o (2.9s)
✔ [606/620] Built VersoSlides.SlideCode:c.o (3.3s)
✔ [607/620] Built VersoSlides.Basic:c.o (3.7s)
✔ [608/620] Built VersoSlides.Directives:c.o (4.7s)
✔ [609/620] Built VersoSlides.Render:c.o (4.3s)
✔ [610/620] Built VersoSlides.InlineLean:c.o (6.1s)
✔ [611/620] Built VersoSlides.LibModule (3.6s)
✔ [612/620] Built VersoSlides (725ms)
✔ [613/620] Built VersoSlides:c.o (80ms)
✔ [614/620] Built VersoSlides.ModuleExample:c.o (6.1s)
✔ [615/620] Built VersoSlides.LibModule:c.o (4.3s)
⚠ [616/620] Built Demo (12s)
warning: Demo.lean: missing `module` header as required by the `requiresModuleSystem` option
warning: Demo.lean: missing `module` header as required by the `requiresModuleSystem` option
⚠ [617/620] Built Main (838ms)
warning: Main.lean: missing `module` header as required by the `requiresModuleSystem` option
warning: Main.lean: missing `module` header as required by the `requiresModuleSystem` option
✔ [618/620] Built Main:c.o (72ms)
✔ [619/620] Built Demo:c.o (822ms)
✔ [620/620] Built «demo-slides»:exe (473ms)
Build completed successfully (620 jobs).
