✔ [471/490] Built VersoSlides.ImgSrc (304ms)
✔ [472/490] Built VersoSlidesVendored (577ms)
✔ [473/490] Built VersoSlides.ImageWidget (615ms)
✔ [474/490] Built VersoSlides.SlideCode.CommentParsers (758ms)
✔ [475/490] Built VersoSlides.SlideCode (1.6s)
✔ [476/490] Built VersoSlides.Basic (2.3s)
✔ [477/490] Built VersoSlides.SlideCode.Export (927ms)
✔ [478/490] Built VersoSlides.SlideCode.Render (1.1s)
✔ [479/490] Built VersoSlides.Attributes (798ms)
✔ [480/490] Built VersoSlides.OtherLanguages (1.1s)
✔ [481/490] Built VersoSlides.Diagram (1.3s)
✔ [482/490] Built VersoSlides.Animate (1.4s)
✔ [483/490] Built VersoSlides.Directives (2.8s)
✔ [484/490] Built VersoSlides.InlineLean (2.7s)
✔ [485/508] Built verso/Verso.Code.External:highlighted (5.9s)
✔ [487/513] Built VersoSlides.ImgSrc:c.o (240ms)
✔ [488/513] Built VersoSlides.Render (2.6s)
✔ [489/513] Built VersoSlides.Attributes:c.o (351ms)
✔ [490/513] Built VersoSlides.ImageWidget:c.o (294ms)
✔ [491/513] Built VersoSlides.SlideCode.Render:c.o (524ms)
✔ [492/513] Built VersoSlidesVendored:c.o (674ms)
✔ [493/513] Built VersoSlides.SlideCode.CommentParsers:c.o (912ms)
✔ [494/513] Built VersoSlides.SlideCode.Export:c.o (1.0s)
✔ [495/513] Built VersoSlides.OtherLanguages:c.o (1.8s)
✔ [496/513] Built VersoSlides.Diagram:c.o (2.0s)
✔ [497/513] Built VersoSlides.Animate:c.o (2.3s)
✔ [498/513] Built VersoSlides.SlideCode:c.o (2.5s)
✔ [499/513] Built VersoSlides.ModuleExample (3.1s)
✔ [500/513] Built VersoSlides.Basic:c.o (3.0s)
✔ [501/513] Built VersoSlides.Render:c.o (3.5s)
✔ [502/513] Built VersoSlides.Directives:c.o (4.0s)
✔ [503/513] Built VersoSlides.InlineLean:c.o (5.1s)
✔ [504/513] Built VersoSlides.LibModule (3.3s)
✔ [505/513] Built VersoSlides (580ms)
✔ [506/513] Built VersoSlides:c.o (85ms)
✔ [507/513] Built VersoSlides.ModuleExample:c.o (5.4s)
✔ [508/513] Built VersoSlides.LibModule:c.o (3.7s)
⚠ [509/513] Built Demo (12s)
warning: Demo.lean: missing `module` header as required by the `requiresModuleSystem` option
warning: Demo.lean: missing `module` header as required by the `requiresModuleSystem` option
⚠ [510/513] Built Main (784ms)
warning: Main.lean: missing `module` header as required by the `requiresModuleSystem` option
warning: Main.lean: missing `module` header as required by the `requiresModuleSystem` option
✔ [511/513] Built Demo:c.o (795ms)
✔ [512/513] Built Main:c.o (75ms)
✔ [513/513] Built «demo-slides»:exe (471ms)
Build completed successfully (513 jobs).
