✔ [616/639] Built VersoSlides.ImgSrc (344ms)
✔ [631/700] Built VersoSlides.VirResourceSite (314ms)
✔ [690/700] Built VersoSlides.SlideCode.CommentParsers (1.1s)
✔ [691/700] Built VersoSlides.Pretty (900ms)
ℹ [692/700] Built VersoSlides.VirPrettyM (803ms)
info: VersoSlides/VirPrettyM.lean:14:2: deferred validation of imported dependency `VersoSlides.Pretty.formatSegments` (via VersoSlides.VirPrettyM.formatSegments -> VersoSlides.Pretty.formatSegments) because its compiled IR is opaque in this module; `:vir` package generation loads and validates the owning module's compiled IR
✔ [693/700] Built VersoSlides.Basic (2.3s)
✔ [694/700] Built VersoSlides.SlideCode (1.8s)
✔ [695/700] Built VersoSlides.Attributes (719ms)
ℹ [696/700] Built «verso-slides»/VersoSlides.VirPrettyM:virProgram (1.2s)
info: stdout:
wrote /tmp/tmp.XXPBdfW1/program.irpkg-set.json
wrote /tmp/tmp.XXPBdfW1/program.irpkg
wrote /tmp/tmp.XXPBdfW1/report.md
package set members: 7
package format: 11
declarations: 93 (72 Lean IR, 21 native externs)
interface exports: 1
ℹ [697/706] Built «verso-slides»/VersoSlidesVirPrettyMResources:virResourcePack (56ms)
info: stdout:
f8c7b00eb26eb097f7894d13abb2a6198ff827b0fb09deffd3b86cedf475aede
✔ [699/753] Built VersoSlides.SlideCode.Export (1.1s)
✔ [716/753] Built VersoSlides.SlideCode.Render (1.2s)
✔ [718/753] Built VersoSlides.ImageWidget (937ms)
✔ [720/753] Built VersoSlides.Pretty:c.o (684ms)
✔ [721/753] Built VersoSlides.VirPrettyMResources (1.2s)
✔ [722/753] Built VersoSlides.OtherLanguages (1.1s)
✔ [724/753] Built VersoSlides.VirPrettyMResources:c.o (108ms)
✔ [725/753] Built Tests.Pretty (1.0s)
✔ [726/753] Built VersoSlides.Diagram (1.4s)
✔ [728/753] Built VersoSlides.VirResources (689ms)
✔ [730/753] Built Tests.Pretty:c.o (587ms)
✔ [731/753] Built «test-pretty»:exe (919ms)
✔ [732/753] Built VersoSlides.Directives (2.5s)
✔ [733/753] Built VersoSlides.Animate (1.0s)
✔ [736/753] Built VersoSlides.InlineLean (3.4s)
✔ [738/753] Built VersoSlides.Render (2.9s)
✔ [741/753] Built VersoSlides.ModuleExample (3.5s)
✔ [743/753] Built VersoSlides.Render:c.o (3.9s)
✔ [744/753] Built «test-vir-publication»:exe (771ms)
✔ [745/753] Built VersoSlides.LibModule (3.2s)
✔ [747/753] Built VersoSlides (619ms)
✔ [749/753] Built Demo (11s)
✔ [751/753] Built Main (583ms)
✔ [753/753] Built «demo-slides»:exe (674ms)
Build completed successfully (753 jobs).
