✔ [78/165] Built Vir.GeneratePackage.PackageFormat (311ms)
✔ [79/165] Built Vir.LeanName (330ms)
✔ [80/165] Built Vir.HostMetadata (463ms)
✔ [81/165] Built Vir.GeneratePackage.PackageIRTags (415ms)
✔ [82/165] Built Vir.GeneratePackage.PackageFormat:c.o (110ms)
✔ [83/165] Built Vir.LeanName:c.o (175ms)
✔ [84/165] Built Vir.GeneratePackage.PackageIRTags:c.o (99ms)
✔ [85/165] Built Vir.Hash (592ms)
✔ [86/165] Built Vir.GeneratePackage.PackageSet (406ms)
✔ [87/165] Built Vir.HostMetadata:c.o (239ms)
✔ [88/165] Built Vir.GeneratePackage.CachedImports (801ms)
✔ [89/165] Built Vir.Resources.Types (792ms)
✔ [90/165] Built Vir.GeneratePackage.PackageSet:c.o (244ms)
✔ [91/165] Built Vir.IRDependencies (538ms)
✔ [92/165] Built Vir.Hash:c.o (498ms)
✔ [93/165] Built Vir.IRDependencies:c.o (263ms)
✔ [94/165] Built Vir.GeneratePackage.NativeExterns (993ms)
✔ [95/165] Built Vir.InterfaceValidation (1.3s)
✔ [96/165] Built Vir.GeneratePackage.CachedImports:c.o (545ms)
✔ [97/165] Built Vir.Resources.Types:c.o (581ms)
✔ [98/165] Built Vir.Interface.Classify.Error (1.5s)
✔ [99/165] Built Vir.NativePayload (1.2s)
✔ [100/165] Built Vir.Resources.Validate (1.1s)
✔ [101/165] Built Vir.GeneratePackage.NativeExterns:c.o (703ms)
✔ [102/165] Built Vir.ExportValidation (811ms)
✔ [103/165] Built Vir.ClientNativeExternManifest (774ms)
✔ [104/165] Built Vir.InterfaceValidation:c.o (955ms)
✔ [105/165] Built Vir.Resources.Pack (678ms)
✔ [106/165] Built Vir.ExportValidation:c.o (545ms)
✔ [107/165] Built Vir.NativePayload:c.o (829ms)
✔ [108/165] Built Vir.Interface.Classify.Error:c.o (1.2s)
✔ [109/165] Built Vir.ClientNativeExternManifest:c.o (616ms)
✔ [110/165] Built Vir.Resources.Pack:c.o (531ms)
✔ [111/165] Built Vir.Resources.Validate:c.o (1.5s)
✔ [112/165] Built Vir.Resources.Build (978ms)
✔ [113/165] Built Vir.Resources.Build:c.o (467ms)
✔ [114/165] Built Vir.Resources.Program (610ms)
✔ [115/165] Built tools.VirResourcePack (950ms)
✔ [116/165] Built tools.VirResourcePack:c.o (335ms)
✔ [117/165] Built Vir.Resources.Program:c.o (855ms)
✔ [118/165] Built tools.VirResourceProgram (981ms)
✔ [119/165] Built tools.VirResourceProgram:c.o (165ms)
✔ [120/165] Built vir_resource_pack:exe (671ms)
✔ [121/165] Built vir_resource_program:exe (685ms)
✔ [122/165] Built Vir.Interface.Model (6.5s)
✔ [123/165] Built Vir.GeneratePackage.Basic (444ms)
✔ [124/165] Built Vir.GeneratePackage.Basic:c.o (187ms)
✔ [125/165] Built Vir.GeneratePackage.Json (357ms)
✔ [126/165] Built Vir.Interface.Model:c.o (903ms)
✔ [127/165] Built Vir.Interface.Classify.Basic (940ms)
✔ [128/165] Built Vir.GeneratePackage.Json:c.o (128ms)
✔ [129/165] Built Vir.GeneratePackage.Interface.Encode (458ms)
✔ [130/165] Built Vir.GeneratePackage.Inputs (802ms)
✔ [131/165] Built Vir.GeneratePackage.Closure (422ms)
✔ [132/165] Built Vir.GeneratePackage.Interface.Encode:c.o (423ms)
✔ [133/165] Built Vir.Interface.Classify.Basic:c.o (892ms)
✔ [134/165] Built Vir.Interface.Classify.Core (1.2s)
✔ [135/165] Built Vir.GeneratePackage.Closure:c.o (571ms)
✔ [136/165] Built Vir.GeneratePackage.Inputs:c.o (1.1s)
✔ [137/165] Built Vir.Interface.Classify.Signature (829ms)
✔ [138/165] Built Vir.Interface.Classify.Core:c.o (1.1s)
✔ [139/165] Built Vir.Interface.Classify.Signature:c.o (415ms)
✔ [140/165] Built Vir.HostValidation (786ms)
✔ [141/165] Built Vir.Attributes (817ms)
ℹ [142/165] Replayed VersoSlides.VirPrettyM
info: VersoSlides/VirPrettyM.lean:14:2: deferred validation of imported dependency `VersoSlides.Pretty.formatSegments` (via VersoSlides.VirPrettyM.formatSegments -> VersoSlides.Pretty.formatSegments) because its compiled IR is opaque in this module; `:vir` package generation loads and validates the owning module's compiled IR
✔ [143/165] Built Vir.HostValidation:c.o (343ms)
✔ [144/165] Built Vir.Host (715ms)
✔ [145/165] Built Vir.Host:c.o (262ms)
✔ [146/165] Built Vir.GeneratePackage.Interface.Collect (808ms)
✔ [147/165] Built Vir.GeneratePackage.Manifest (686ms)
✔ [148/165] Built Vir.GeneratePackage.Interface.Collect:c.o (665ms)
✔ [149/165] Built Vir.GeneratePackage.Manifest:c.o (256ms)
✔ [150/165] Built Vir.GeneratePackage.Manifest.Encode (653ms)
✔ [151/165] Built Vir.GeneratePackage.Report (788ms)
✔ [152/165] Built Vir.GeneratePackage.Manifest.Encode:c.o (217ms)
✔ [153/165] Built Vir.GeneratePackage.Report:c.o (267ms)
✔ [154/165] Built Vir.GeneratePackage.Emit (857ms)
✔ [155/165] Built Vir.GeneratePackage.Run (900ms)
✔ [156/165] Built Vir.GeneratePackage.Emit:c.o (1.1s)
✔ [157/165] Built Vir.GeneratePackage (484ms)
✔ [158/165] Built Vir.GeneratePackage:c.o (69ms)
✔ [159/165] Built Vir.GeneratePackage.Run:c.o (847ms)
✔ [160/165] Built tools.VirProgram (1.1s)
✔ [161/165] Built tools.VirProgram:c.o (445ms)
✔ [162/165] Built vir_program:exe (899ms)
ℹ [163/165] Built «verso-slides»/VersoSlides.VirPrettyM:virProgram (1.5s)
info: stdout:
wrote /tmp/tmp.XXhC6EMI/program.irpkg-set.json
wrote /tmp/tmp.XXhC6EMI/program.irpkg
wrote /tmp/tmp.XXhC6EMI/report.md
package set members: 7
package format: 11
declarations: 93 (72 Lean IR, 21 native externs)
interface exports: 1
ℹ [164/190] Built «verso-slides»/VersoSlides.VirPrettyM:virResourcePack (73ms)
info: stdout:
ba68416b65643b594d5a21cbdcf893bc41b80d0df8f2d4e5e1c60fb24145862a
✔ [701/743] Built Vir.BinaryLiteral (601ms)
✔ [702/743] Built Vir.Resources.Site (510ms)
✔ [703/743] Built Vir.Resources.Site:c.o (376ms)
✔ [704/743] Built Vir.BinaryLiteral.ToExpr (542ms)
✔ [705/743] Built Vir.Resources (510ms)
✔ [706/743] Built Vir.BinaryLiteral:c.o (504ms)
✔ [707/743] Built Vir.BinaryLiteral.ToExpr:c.o (138ms)
✔ [708/743] Built Vir.Resources:c.o (133ms)
✔ [709/743] Built Vir.Resources.Embed (873ms)
✔ [710/743] Built Vir.Resources.Embed:c.o (499ms)
✔ [711/743] Built Vir.Resources.Runtime (10s)
✔ [712/743] Built Vir.Resources.Runtime:c.o (167ms)
✔ [713/743] Built Vir.Resources.Assets (763ms)
✔ [714/743] Built Vir.Resources.Assets:c.o (326ms)
✔ [715/743] Built VersoSlidesVendored (1.6s)
✔ [739/743] Built MyTalk.Slides (872ms)
✔ [740/743] Built MyTalk.Slides:c.o (114ms)
✔ [741/743] Built Main (802ms)
✔ [742/743] Built Main:c.o (107ms)
✔ [743/743] Built «my-talk»:exe (734ms)
Build completed successfully (743 jobs).
