✔ [75/164] Built Vir.GeneratePackage.PackageFormat (311ms)
✔ [76/164] Built Vir.LeanName (326ms)
✔ [77/164] Built VersoSlides.ImgSrc (430ms)
✔ [78/164] Built Vir.HostMetadata (389ms)
✔ [79/164] Built Vir.GeneratePackage.PackageIRTags (368ms)
✔ [80/164] Built Vir.GeneratePackage.PackageFormat:c.o (98ms)
✔ [81/164] Built Vir.LeanName:c.o (190ms)
✔ [82/164] Built Vir.GeneratePackage.PackageIRTags:c.o (107ms)
✔ [83/164] Built Vir.GeneratePackage.CachedImports (581ms)
✔ [84/164] Built Vir.Hash (531ms)
✔ [85/164] Built Vir.HostMetadata:c.o (221ms)
✔ [86/164] Built Vir.GeneratePackage.PackageSet (437ms)
✔ [87/164] Built Vir.IRDependencies (470ms)
✔ [88/164] Built Vir.Resources.Types (724ms)
✔ [89/164] Built Vir.InterfaceValidation (880ms)
✔ [90/164] Built Vir.GeneratePackage.PackageSet:c.o (258ms)
✔ [91/164] Built Vir.GeneratePackage.CachedImports:c.o (486ms)
✔ [92/164] Built VersoSlides.Pretty (981ms)
✔ [93/164] Built Vir.IRDependencies:c.o (292ms)
✔ [94/164] Built Vir.Hash:c.o (500ms)
✔ [95/164] Built Vir.GeneratePackage.NativeExterns (1.0s)
✔ [96/164] Built Vir.Resources.Types:c.o (535ms)
✔ [97/164] Built Vir.Interface.Classify.Error (1.4s)
✔ [98/164] Built Vir.Resources.Validate (879ms)
✔ [99/164] Built Vir.ExportValidation (420ms)
✔ [100/164] Built Vir.NativePayload (1.2s)
✔ [101/164] Built Vir.InterfaceValidation:c.o (866ms)
✔ [102/164] Built Vir.ClientNativeExternManifest (540ms)
✔ [103/164] Built Vir.GeneratePackage.NativeExterns:c.o (603ms)
✔ [104/164] Built Vir.Resources.Pack (457ms)
✔ [105/164] Built Vir.ExportValidation:c.o (470ms)
✔ [106/164] Built Vir.Interface.Classify.Error:c.o (898ms)
✔ [107/164] Built Vir.ClientNativeExternManifest:c.o (524ms)
✔ [108/164] Built Vir.NativePayload:c.o (655ms)
✔ [109/164] Built Vir.Resources.Pack:c.o (468ms)
✔ [110/164] Built Vir.Resources.Build (729ms)
✔ [111/164] Built Vir.Resources.Validate:c.o (1.3s)
✔ [112/164] Built Vir.Resources.Build:c.o (474ms)
✔ [113/164] Built Vir.Resources.Program (548ms)
✔ [114/164] Built tools.VirResourcePack (1.0s)
✔ [115/164] Built Vir.Resources.Program:c.o (837ms)
✔ [116/164] Built tools.VirResourcePack:c.o (313ms)
✔ [117/164] Built tools.VirResourceProgram (935ms)
✔ [118/164] Built tools.VirResourceProgram:c.o (179ms)
✔ [119/164] Built vir_resource_pack:exe (750ms)
✔ [120/164] Built vir_resource_program:exe (683ms)
✔ [121/164] Built Vir.Interface.Model (5.6s)
✔ [122/164] Built Vir.GeneratePackage.Basic (490ms)
✔ [123/164] Built Vir.GeneratePackage.Basic:c.o (189ms)
✔ [124/164] Built Vir.GeneratePackage.Json (281ms)
✔ [125/164] Built Vir.Interface.Model:c.o (957ms)
✔ [126/164] Built Vir.GeneratePackage.Json:c.o (118ms)
✔ [127/164] Built Vir.Interface.Classify.Basic (1.0s)
✔ [128/164] Built Vir.GeneratePackage.Interface.Encode (443ms)
✔ [129/164] Built Vir.GeneratePackage.Inputs (735ms)
✔ [130/164] Built Vir.GeneratePackage.Interface.Encode:c.o (379ms)
✔ [131/164] Built Vir.GeneratePackage.Closure (445ms)
✔ [132/164] Built Vir.Interface.Classify.Basic:c.o (863ms)
✔ [133/164] Built Vir.Interface.Classify.Core (953ms)
✔ [134/164] Built Vir.GeneratePackage.Inputs:c.o (1.0s)
✔ [135/164] Built Vir.GeneratePackage.Closure:c.o (496ms)
✔ [136/164] Built Vir.Interface.Classify.Signature (683ms)
✔ [137/164] Built Vir.Interface.Classify.Core:c.o (1.0s)
✔ [138/164] Built Vir.Interface.Classify.Signature:c.o (351ms)
✔ [139/164] Built Vir.HostValidation (732ms)
✔ [140/164] Built Vir.Attributes (760ms)
✔ [141/164] Built Vir.HostValidation:c.o (321ms)
✔ [142/164] Built Vir.Host (625ms)
ℹ [143/164] Built VersoSlides.VirPrettyM (595ms)
info: VersoSlides/VirPrettyM.lean:14:2: deferred validation of imported dependency `VersoSlides.Pretty.formatSegments` (via VersoSlides.VirPrettyM.formatSegments -> VersoSlides.Pretty.formatSegments) because its compiled IR is opaque in this module; `:vir` package generation loads and validates the owning module's compiled IR
✔ [144/164] Built Vir.Host:c.o (259ms)
✔ [145/164] Built Vir.GeneratePackage.Interface.Collect (758ms)
✔ [146/164] Built Vir.GeneratePackage.Interface.Collect:c.o (565ms)
✔ [147/164] Built Vir.GeneratePackage.Manifest (604ms)
✔ [148/164] Built Vir.GeneratePackage.Manifest:c.o (213ms)
✔ [149/164] Built Vir.GeneratePackage.Manifest.Encode (589ms)
✔ [150/164] Built Vir.GeneratePackage.Report (689ms)
✔ [151/164] Built Vir.GeneratePackage.Manifest.Encode:c.o (180ms)
✔ [152/164] Built Vir.GeneratePackage.Report:c.o (267ms)
✔ [153/164] Built Vir.GeneratePackage.Emit (847ms)
✔ [154/164] Built Vir.GeneratePackage.Run (865ms)
✔ [155/164] Built Vir.GeneratePackage.Emit:c.o (1.0s)
✔ [156/164] Built Vir.GeneratePackage (440ms)
✔ [157/164] Built Vir.GeneratePackage:c.o (70ms)
✔ [158/164] Built Vir.GeneratePackage.Run:c.o (765ms)
✔ [159/164] Built tools.VirProgram (1.0s)
✔ [160/164] Built tools.VirProgram:c.o (412ms)
✔ [161/164] Built vir_program:exe (883ms)
ℹ [162/164] Built «verso-slides»/VersoSlides.VirPrettyM:virProgram (1.1s)
info: stdout:
wrote /tmp/tmp.XXAJ9UbO/program.irpkg-set.json
wrote /tmp/tmp.XXAJ9UbO/program.irpkg
wrote /tmp/tmp.XXAJ9UbO/report.md
package set members: 7
package format: 11
declarations: 93 (72 Lean IR, 21 native externs)
interface exports: 1
ℹ [163/189] Built «verso-slides»/VersoSlides.VirPrettyM:virResourcePack (51ms)
info: stdout:
ba68416b65643b594d5a21cbdcf893bc41b80d0df8f2d4e5e1c60fb24145862a
✔ [687/712] Built Vir.BinaryLiteral (420ms)
✔ [688/712] Built Vir.Resources.Site (417ms)
✔ [689/712] Built Vir.BinaryLiteral.ToExpr (263ms)
✔ [690/712] Built Vir.Resources (240ms)
✔ [691/712] Built VersoSlides.ImageWidget (781ms)
✔ [692/712] Built VersoSlides.SlideCode.CommentParsers (1.2s)
✔ [693/712] Built Vir.Resources.Embed (648ms)
✔ [694/712] Built VersoSlides.SlideCode (1.6s)
✔ [695/712] Built VersoSlides.SlideCode.Export (1.1s)
✔ [696/712] Built VersoSlides.SlideCode.Render (1.2s)
✔ [697/742] Built verso/Verso.Code.External:highlighted (6.8s)
✔ [699/743] Built Vir.BinaryLiteral.ToExpr:c.o (107ms)
✔ [700/743] Built Vir.Resources:c.o (167ms)
✔ [701/743] Built VersoSlides.ImgSrc:c.o (253ms)
✔ [702/743] Built Vir.Resources.Site:c.o (265ms)
✔ [703/743] Built Vir.BinaryLiteral:c.o (396ms)
✔ [704/743] Built VersoSlides.ImageWidget:c.o (339ms)
✔ [705/743] Built Vir.Resources.Embed:c.o (472ms)
✔ [706/743] Built VersoSlides.SlideCode.Render:c.o (590ms)
✔ [707/743] Built VersoSlides.Pretty:c.o (671ms)
✔ [708/743] Built VersoSlides.SlideCode.CommentParsers:c.o (852ms)
✔ [709/743] Built VersoSlides.SlideCode.Export:c.o (1.1s)
✔ [710/743] Built Vir.Resources.Runtime (7.6s)
✔ [711/743] Built Vir.Resources.Runtime:c.o (115ms)
✔ [712/743] Built Vir.Resources.Assets (638ms)
✔ [713/743] Built Vir.Resources.Assets:c.o (281ms)
✔ [714/743] Built VersoSlides.SlideCode:c.o (3.4s)
✔ [715/743] Built VersoSlidesVendored (1.7s)
✔ [716/743] Built VersoSlidesVendored:c.o (707ms)
✔ [717/743] Built VersoSlides.Basic (3.1s)
✔ [718/743] Built VersoSlides.Attributes (925ms)
✔ [719/743] Built VersoSlides.Attributes:c.o (251ms)
✔ [720/743] Built VersoSlides.OtherLanguages (1.5s)
✔ [721/743] Built VersoSlides.Diagram (1.8s)
✔ [722/743] Built VersoSlides.InlineLean (3.1s)
✔ [723/743] Built VersoSlides.Animate (2.1s)
✔ [724/743] Built VersoSlides.Directives (4.0s)
✔ [725/743] Built VersoSlides.OtherLanguages:c.o (2.6s)
✔ [726/743] Built VersoSlides.Basic:c.o (4.3s)
✔ [727/743] Built VersoSlides.Render (3.7s)
✔ [728/743] Built VersoSlides.Diagram:c.o (3.2s)
✔ [729/743] Built VersoSlides.Animate:c.o (3.3s)
✔ [730/743] Built VersoSlides.ModuleExample (4.8s)
✔ [731/743] Built VersoSlides.Directives:c.o (5.3s)
✔ [732/743] Built VersoSlides.Render:c.o (4.7s)
✔ [733/743] Built VersoSlides.InlineLean:c.o (7.1s)
✔ [734/743] Built VersoSlides.LibModule (3.7s)
✔ [735/743] Built VersoSlides (762ms)
✔ [736/743] Built VersoSlides:c.o (95ms)
✔ [737/743] Built VersoSlides.ModuleExample:c.o (6.5s)
✔ [738/743] Built VersoSlides.LibModule:c.o (4.4s)
✔ [739/743] Built Demo (12s)
✔ [740/743] Built Main (571ms)
✔ [741/743] Built Main:c.o (83ms)
✔ [742/743] Built Demo:c.o (736ms)
✔ [743/743] Built «demo-slides»:exe (615ms)
Build completed successfully (743 jobs).
