✔ inclusive small input budgets and one over (3.017029ms)
✔ strict constructors, exact numeric scalars, Unicode and cyclic input (2.680195ms)
✔ admission rejects before ABI calls; finite v2 failures leave adapter usable (0.75971ms)
✔ plain text and hard lines survive HTML escaping exactly (2.607789ms)
✔ full exact tag stacks survive; nearest registered annotation owns presentation (1.612775ms)
✔ annotation classes and binding attributes cannot introduce HTML attributes (0.71698ms)
✔ goal structure shares indexed formats and escapes names/prefixes (0.933557ms)
✔ pixel-to-column conversion calls only the typed VIR facade without changing text (1.250023ms)
✔ one DOM measurer accounts for Reveal scaling and releases its probe (0.843728ms)
✔ shared signature rendering always releases measurement (success) (1.908311ms)
✔ shared signature rendering always releases measurement (failure) (0.688034ms)
✔ shared goal rendering always releases measurement (success) (0.833279ms)
✔ shared goal rendering always releases measurement (failure) (0.812178ms)
✔ formatting failure reports raw evidence and deliberate presentation (0.73855ms)
✔ loading notification terminal preserves the observed current promise without unhandled errors (54.011667ms)
✔ loading notification persisted preserves the observed current promise without unhandled errors (52.177946ms)
✔ pending creation receives independent expectedExports/signal; pagehide aborts without a facade (4.668987ms)
✔ cancellation before import finishes skips creation and cannot publish a facade (3.540463ms)
✔ late success during creation is disposed once and never handed off (1.643584ms)
✔ slow initialization shows loading without publishing a facade (1.416306ms)
✔ creation failure reports once without a retry control or another creation (10.488301ms)
✔ input and Lean Except errors leave the same program usable (2.907042ms)
✔ unexpected runtime failure (object) closes formatting without recreation or replay (1.741828ms)
✔ unexpected runtime failure (object) closes formatting without recreation or replay (1.392792ms)
✔ unexpected runtime failure (undefined) closes formatting without recreation or replay (1.317289ms)
✔ terminal document cleanup reports raw disposal failure (object) once (1.360581ms)
✔ terminal document cleanup reports raw disposal failure (object) once (1.010832ms)
✔ terminal document cleanup reports raw disposal failure (undefined) once (1.048052ms)
✔ obsolete cancellation reports own raw cleanup evidence (undefined) (1.410164ms)
✔ obsolete cancellation reports own raw cleanup evidence (object) (1.152069ms)
✔ obsolete cancellation reports own raw cleanup evidence (object) (1.193517ms)
✔ resolved lifetime preserves bfcache and disposes on terminal pagehide (1.128834ms)
✔ late disposal throwing Error retains/reports evidence without an unhandled rejection (50.36325ms)
✔ late disposal throwing null retains/reports evidence without an unhandled rejection (38.887402ms)
✔ late disposal throwing undefined retains/reports evidence without an unhandled rejection (53.10971ms)
✔ late disposal diagnostics tolerate a throwing reporting sink (35.03487ms)
✔ arbitrary creation rejection (null) reports without coercion or a secondary unhandled rejection (49.628688ms)
✔ arbitrary creation rejection (undefined) reports without coercion or a secondary unhandled rejection (50.259275ms)
✔ arbitrary creation rejection (primitive) reports without coercion or a secondary unhandled rejection (55.937953ms)
✔ arbitrary creation rejection (proxy) reports without coercion or a secondary unhandled rejection (49.200732ms)
✔ arbitrary creation rejection (sink) reports without coercion or a secondary unhandled rejection (50.998927ms)
✔ primary creation wrapper/context and untouched raw cause are logged (1.889446ms)
ℹ tests 42
ℹ suites 0
ℹ pass 42
ℹ fail 0
ℹ cancelled 0
ℹ skipped 0
ℹ todo 0
ℹ duration_ms 675.146598
