✔ [688/700] Built VersoSlides.ImgSrc (460ms)
✔ [689/700] Built VersoSlides.VirResourceSite (313ms)
✔ [690/700] Built VersoSlides.Pretty (872ms)
ℹ [691/700] Replayed VersoSlides.VirPrettyM
info: VersoSlides/VirPrettyM.lean:14:2: deferred validation of imported dependency `VersoSlides.Pretty.formatSegments` (via VersoSlides.VirPrettyM.formatSegments -> VersoSlides.Pretty.formatSegments) because its compiled IR is opaque in this module; `:vir` package generation loads and validates the owning module's compiled IR
✔ [692/700] Built VersoSlides.SlideCode.CommentParsers (1.2s)
ℹ [693/700] Built «verso-slides»/VersoSlides.VirPrettyM:virProgram (1.0s)
info: stdout:
wrote /tmp/tmp.XX1OkvTB/program.irpkg-set.json
wrote /tmp/tmp.XX1OkvTB/program.irpkg
wrote /tmp/tmp.XX1OkvTB/report.md
package set members: 8
package format: 11
declarations: 135 (110 Lean IR, 25 native externs)
interface exports: 1
ℹ [694/713] Built «verso-slides»/VersoSlidesVirPrettyMResources:virResourcePack (66ms)
info: stdout:
97b280b7c42cbed3783f31c98f7753d6eab5b9707f49f6cfbacdde2c0350ef58
✔ [705/743] Built VersoSlides.SlideCode (1.4s)
✔ [707/743] Built VersoSlides.Basic (2.7s)
✔ [708/743] Built VersoSlides.ImageWidget (663ms)
✔ [711/743] Built VersoSlides.SlideCode.Render (911ms)
✔ [713/743] Built VersoSlides.SlideCode.Export (1.0s)
✔ [714/743] Built VersoSlides.VirPrettyMResources (1.3s)
✔ [717/743] Built VersoSlides.Attributes (823ms)
✔ [718/743] Built VersoSlides.VirResources (204ms)
✔ [721/743] Built VersoSlides.OtherLanguages (1.1s)
✔ [723/743] Built VersoSlides.Diagram (1.4s)
✔ [725/743] Built VersoSlides.Directives (2.4s)
✔ [727/743] Built VersoSlides.Animate (1.4s)
✔ [729/743] Built VersoSlides.Render (2.3s)
✔ [730/743] Built VersoSlides.InlineLean (2.8s)
✔ [732/743] Built VersoSlides.ModuleExample (3.6s)
✔ [734/743] Built VersoSlides.Render:c.o (3.9s)
✔ [735/743] Built VersoSlides.LibModule (3.1s)
✔ [737/743] Built VersoSlides (644ms)
✔ [743/743] Built «demo-slides»:exe (735ms)
Build completed successfully (743 jobs).
