✔ plain text and hard lines survive HTML escaping exactly (1.922764ms)
✔ full exact tag stacks survive; nearest registered annotation owns presentation (1.298668ms)
✔ annotation classes and binding attributes cannot introduce HTML attributes (0.573962ms)
✔ goal structure shares indexed formats and escapes names/prefixes (0.800178ms)
✔ pixel-to-column conversion calls only the typed VIR facade without changing text (0.968906ms)
✔ one DOM measurer accounts for Reveal scaling and releases its probe (0.739744ms)
✔ shared signature rendering always releases measurement (success) (1.38494ms)
✔ shared signature rendering always releases measurement (failure) (0.696934ms)
✔ shared goal rendering always releases measurement (success) (0.757648ms)
✔ shared goal rendering always releases measurement (failure) (0.720928ms)
✔ terminal redraw during shared rendering preserves the original formatting failure (0.805198ms)
✔ formatting failure reports raw evidence and deliberate presentation (0.636168ms)
✔ compact adapter passes scalar values and dimensions unchanged to VIR (0.856695ms)
✔ loading notification terminal preserves the observed current promise without unhandled errors (35.116162ms)
✔ loading notification persisted preserves the observed current promise without unhandled errors (27.326ms)
✔ pending creation receives resource URLs/signal; pagehide aborts without a facade (2.496094ms)
✔ cancellation before import finishes skips creation and cannot publish a facade (1.57607ms)
✔ late success during creation is disposed once and never handed off (3.956537ms)
✔ slow initialization shows loading without publishing a facade (0.718314ms)
✔ creation failure reports once without a retry control or another creation (4.109255ms)
✔ malformed compact input leaves the same program usable (1.037515ms)
✔ active program survives request rejection (object) with raw diagnostics (0.80126ms)
✔ active program survives request rejection (object) with raw diagnostics (0.663701ms)
✔ active program survives request rejection (undefined) with raw diagnostics (0.604409ms)
✔ unexpected runtime failure (object) closes formatting without recreation or replay (0.822781ms)
✔ unexpected runtime failure (object) closes formatting without recreation or replay (0.640347ms)
✔ unexpected runtime failure (undefined) closes formatting without recreation or replay (0.549987ms)
✔ terminal document cleanup reports raw disposal failure (object) once (0.668911ms)
✔ terminal document cleanup reports raw disposal failure (object) once (1.206934ms)
✔ terminal document cleanup reports raw disposal failure (undefined) once (0.601093ms)
✔ obsolete cancellation reports own raw cleanup evidence (undefined) (0.833451ms)
✔ obsolete cancellation reports own raw cleanup evidence (object) (0.7962ms)
✔ obsolete cancellation reports own raw cleanup evidence (object) (0.796631ms)
✔ resolved lifetime preserves bfcache and disposes on terminal pagehide (0.802102ms)
✔ late disposal throwing Error retains/reports evidence without an unhandled rejection (32.609607ms)
✔ late disposal throwing null retains/reports evidence without an unhandled rejection (29.827524ms)
✔ late disposal throwing undefined retains/reports evidence without an unhandled rejection (31.847892ms)
✔ late disposal diagnostics tolerate a throwing reporting sink (33.544368ms)
✔ arbitrary creation rejection (null) reports without coercion or a secondary unhandled rejection (35.81585ms)
✔ arbitrary creation rejection (undefined) reports without coercion or a secondary unhandled rejection (31.641523ms)
✔ arbitrary creation rejection (primitive) reports without coercion or a secondary unhandled rejection (37.230476ms)
✔ arbitrary creation rejection (proxy) reports without coercion or a secondary unhandled rejection (34.136595ms)
✔ arbitrary creation rejection (sink) reports without coercion or a secondary unhandled rejection (31.831501ms)
✔ primary creation wrapper/context and untouched raw cause are logged (1.31054ms)
ℹ tests 44
ℹ suites 0
ℹ pass 44
ℹ fail 0
ℹ cancelled 0
ℹ skipped 0
ℹ todo 0
ℹ duration_ms 440.667833
