✔ plain text and hard lines survive HTML escaping exactly (2.443916ms)
✔ full exact tag stacks survive; nearest registered annotation owns presentation (1.712538ms)
✔ annotation classes and binding attributes cannot introduce HTML attributes (0.759952ms)
✔ goal structure shares indexed formats and escapes names/prefixes (1.005966ms)
✔ pixel-to-column conversion calls only the typed VIR facade without changing text (1.256899ms)
✔ one DOM measurer accounts for Reveal scaling and releases its probe (0.932407ms)
✔ shared signature rendering always releases measurement (success) (1.813909ms)
✔ shared signature rendering always releases measurement (failure) (0.952665ms)
✔ shared goal rendering always releases measurement (success) (1.101075ms)
✔ shared goal rendering always releases measurement (failure) (0.871363ms)
✔ terminal redraw during shared rendering preserves the original formatting failure (0.953047ms)
✔ formatting failure reports raw evidence and deliberate presentation (0.707713ms)
✔ compact adapter passes scalar values and dimensions unchanged to VIR (0.906749ms)
✔ loading notification terminal preserves the observed current promise without unhandled errors (40.094153ms)
✔ loading notification persisted preserves the observed current promise without unhandled errors (30.534397ms)
✔ pending creation receives resource URLs/signal; pagehide aborts without a facade (2.866733ms)
✔ cancellation before import finishes skips creation and cannot publish a facade (2.095289ms)
✔ late success during creation is disposed once and never handed off (1.121754ms)
✔ slow initialization shows loading without publishing a facade (0.934331ms)
✔ creation failure reports once without a retry control or another creation (4.924411ms)
✔ malformed compact input leaves the same program usable (1.3792ms)
✔ active program survives request rejection (object) with raw diagnostics (1.050921ms)
✔ active program survives request rejection (object) with raw diagnostics (0.859169ms)
✔ active program survives request rejection (undefined) with raw diagnostics (0.734935ms)
✔ unexpected runtime failure (object) closes formatting without recreation or replay (0.961032ms)
✔ unexpected runtime failure (object) closes formatting without recreation or replay (0.790439ms)
✔ unexpected runtime failure (undefined) closes formatting without recreation or replay (0.688718ms)
✔ terminal document cleanup reports raw disposal failure (object) once (0.728122ms)
✔ terminal document cleanup reports raw disposal failure (object) once (0.777485ms)
✔ terminal document cleanup reports raw disposal failure (undefined) once (1.38495ms)
✔ obsolete cancellation reports own raw cleanup evidence (undefined) (0.881852ms)
✔ obsolete cancellation reports own raw cleanup evidence (object) (0.686344ms)
✔ obsolete cancellation reports own raw cleanup evidence (object) (0.708736ms)
✔ resolved lifetime preserves bfcache and disposes on terminal pagehide (0.739393ms)
✔ late disposal throwing Error retains/reports evidence without an unhandled rejection (37.143673ms)
✔ late disposal throwing null retains/reports evidence without an unhandled rejection (34.730064ms)
✔ late disposal throwing undefined retains/reports evidence without an unhandled rejection (33.698109ms)
✔ arbitrary creation rejection (null) reports without coercion or a secondary unhandled rejection (29.719261ms)
✔ arbitrary creation rejection (undefined) reports without coercion or a secondary unhandled rejection (28.543986ms)
✔ arbitrary creation rejection (primitive) reports without coercion or a secondary unhandled rejection (28.508939ms)
✔ primary creation wrapper/context and untouched raw cause are logged (1.108199ms)
ℹ tests 41
ℹ suites 0
ℹ pass 41
ℹ fail 0
ℹ cancelled 0
ℹ skipped 0
ℹ todo 0
ℹ duration_ms 346.758607
