✔ [618/700] Built VersoSlides.ImgSrc (312ms)
✔ [689/700] Built VersoSlides.VirResourceSite (378ms)
✔ [690/700] Built VersoSlides.SlideCode.CommentParsers (1.1s)
✔ [691/700] Built VersoSlides.Pretty (821ms)
ℹ [692/700] Replayed VersoSlides.VirPrettyM
info: VersoSlides/VirPrettyM.lean:14:2: deferred validation of imported dependency `VersoSlides.Pretty.formatSegments` (via VersoSlides.VirPrettyM.formatSegments -> VersoSlides.Pretty.formatSegments) because its compiled IR is opaque in this module; `:vir` package generation loads and validates the owning module's compiled IR
ℹ [693/700] Built «verso-slides»/VersoSlides.VirPrettyM:virProgram (883ms)
info: stdout:
wrote /tmp/tmp.XXyGxQpC/program.irpkg-set.json
wrote /tmp/tmp.XXyGxQpC/program.irpkg
wrote /tmp/tmp.XXyGxQpC/report.md
package set members: 8
package format: 11
declarations: 135 (110 Lean IR, 25 native externs)
interface exports: 1
ℹ [694/713] Built «verso-slides»/VersoSlidesVirPrettyMResources:virResourcePack (64ms)
info: stdout:
97b280b7c42cbed3783f31c98f7753d6eab5b9707f49f6cfbacdde2c0350ef58
✔ [710/766] Built VersoSlides.SlideCode (1.6s)
✔ [711/766] Built VersoSlides.ImageWidget (511ms)
✔ [714/766] Built VersoSlides.Basic (2.6s)
✔ [715/766] Built VersoSlides.VirPrettyMResources (1.2s)
✔ [717/766] Built VersoSlides.Attributes (764ms)
✔ [718/766] Built VersoSlides.SlideCode.Export (948ms)
✔ [719/766] Built VersoSlides.VirResources (223ms)
✔ [723/766] Built VersoSlides.SlideCode.Render (1.1s)
✔ [725/766] Built VersoSlides.OtherLanguages (1.1s)
✔ [727/766] Built VersoSlides.Diagram (1.2s)
✔ [729/766] Built VersoSlides.Basic:c.o (2.5s)
✔ [730/766] Built VersoSlides.Animate (1.4s)
✔ [732/766] Built VersoSlides.Directives (2.7s)
✔ [734/766] Built VersoSlides.Render (2.2s)
✔ [735/766] Built VersoSlides.InlineLean (2.6s)
✔ [737/766] Built Tests.Render (748ms)
✔ [738/766] Built Tests.Render:c.o (281ms)
✔ [739/766] Built VersoSlides.ModuleExample (3.1s)
✔ [740/766] Built VersoSlides.Render:c.o (3.2s)
✔ [742/766] Built «test-render»:exe (575ms)
✔ [743/766] Built VersoSlides.LibModule (2.6s)
✔ [745/766] Built VersoSlides (640ms)
✔ [747/766] Built TestFixtures.MinimalThemed (634ms)
✔ [748/766] Built TestFixtures.MinimalThemed:c.o (123ms)
✔ [749/766] Built TestFixtures.Markup (812ms)
✔ [750/766] Built TestFixtures.PanelOption (946ms)
✔ [751/766] Built TestFixtures.Theme (946ms)
✔ [752/766] Built TestFixtures.PanelOption:c.o (115ms)
✔ [753/766] Built TestFixtures.Theme:c.o (106ms)
✔ [754/766] Built TestFixtures.Markup:c.o (425ms)
✔ [755/766] Built TestFixtures.DiagramAnim (1.3s)
✔ [756/766] Built TestFixtures.DiagramAnim:c.o (116ms)
⚠ [757/766] Built TestFixtures.Code (1.5s)
warning: TestFixtures/Code.lean:73:0: Line 73 is too long (65 columns exceeds 60).

Note: Example code is shown on mobile devices and other narrow contexts. Long lines are likely to be truncated in the rendered output.

Hint: The limit of this linter can be changed with the option `verso.code.warnLineLength`. This linter can be disabled by setting this option to 0.
warning: TestFixtures/Code.lean:74:0: Line 74 is too long (61 columns exceeds 60).

Note: Example code is shown on mobile devices and other narrow contexts. Long lines are likely to be truncated in the rendered output.

Hint: The limit of this linter can be changed with the option `verso.code.warnLineLength`. This linter can be disabled by setting this option to 0.
warning: TestFixtures/Code.lean:114:0: Line 114 is too long (61 columns exceeds 60).

Note: Example code is shown on mobile devices and other narrow contexts. Long lines are likely to be truncated in the rendered output.

Hint: The limit of this linter can be changed with the option `verso.code.warnLineLength`. This linter can be disabled by setting this option to 0.
✔ [758/766] Built TestFixtures.Code:c.o (188ms)
✔ [759/766] Built TestFixtures.Build (714ms)
✔ [760/766] Built TestFixtures.Build:c.o (174ms)
✔ [761/766] Built «test-fixtures-build»:exe (605ms)
✔ [762/766] Built Demo (10s)
✔ [764/766] Built Main (736ms)
✔ [765/766] Built Main:c.o (91ms)
✔ [766/766] Built «demo-slides»:exe (626ms)
Build completed successfully (766 jobs).
✔ [628/700] Built VersoSlides.ImgSrc (360ms)
✔ [689/700] Built VersoSlides.VirResourceSite (367ms)
✔ [690/700] Built VersoSlides.SlideCode.CommentParsers (1.2s)
✔ [691/700] Built VersoSlides.Pretty (1.1s)
ℹ [692/700] Replayed VersoSlides.VirPrettyM
info: VersoSlides/VirPrettyM.lean:14:2: deferred validation of imported dependency `VersoSlides.Pretty.formatSegments` (via VersoSlides.VirPrettyM.formatSegments -> VersoSlides.Pretty.formatSegments) because its compiled IR is opaque in this module; `:vir` package generation loads and validates the owning module's compiled IR
✔ [693/700] Built VersoSlides.Basic (2.0s)
ℹ [694/700] Built «verso-slides»/VersoSlides.VirPrettyM:virProgram (1.1s)
info: stdout:
wrote /tmp/tmp.XXg11tkw/program.irpkg-set.json
wrote /tmp/tmp.XXg11tkw/program.irpkg
wrote /tmp/tmp.XXg11tkw/report.md
package set members: 8
package format: 11
declarations: 135 (110 Lean IR, 25 native externs)
interface exports: 1
ℹ [696/766] Built «verso-slides»/VersoSlidesVirPrettyMResources:virResourcePack (62ms)
info: stdout:
97b280b7c42cbed3783f31c98f7753d6eab5b9707f49f6cfbacdde2c0350ef58
✔ [712/766] Built VersoSlides.SlideCode (1.7s)
✔ [714/766] Built VersoSlides.Attributes (725ms)
✔ [716/766] Built VersoSlides.ImageWidget (513ms)
✔ [718/766] Built VersoSlides.VirPrettyMResources (1.0s)
✔ [719/766] Built VersoSlides.OtherLanguages (1.0s)
✔ [722/766] Built VersoSlides.SlideCode.Export (941ms)
✔ [723/766] Built VersoSlides.VirResources (232ms)
✔ [726/766] Built VersoSlides.SlideCode.Render (1.0s)
✔ [727/766] Built VersoSlides.Diagram (1.3s)
✔ [730/766] Built VersoSlides.Animate (1.1s)
✔ [732/766] Built VersoSlides.Directives (2.7s)
✔ [734/766] Built VersoSlides.Render (2.3s)
✔ [739/766] Built VersoSlides.InlineLean (2.6s)
✔ [741/766] Built VersoSlides.ModuleExample (3.3s)
✔ [743/766] Built VersoSlides.LibModule (3.2s)
✔ [745/766] Built VersoSlides (538ms)
⚠ [753/766] Replayed TestFixtures.Code
warning: TestFixtures/Code.lean:73:0: Line 73 is too long (65 columns exceeds 60).

Note: Example code is shown on mobile devices and other narrow contexts. Long lines are likely to be truncated in the rendered output.

Hint: The limit of this linter can be changed with the option `verso.code.warnLineLength`. This linter can be disabled by setting this option to 0.
warning: TestFixtures/Code.lean:74:0: Line 74 is too long (61 columns exceeds 60).

Note: Example code is shown on mobile devices and other narrow contexts. Long lines are likely to be truncated in the rendered output.

Hint: The limit of this linter can be changed with the option `verso.code.warnLineLength`. This linter can be disabled by setting this option to 0.
warning: TestFixtures/Code.lean:114:0: Line 114 is too long (61 columns exceeds 60).

Note: Example code is shown on mobile devices and other narrow contexts. Long lines are likely to be truncated in the rendered output.

Hint: The limit of this linter can be changed with the option `verso.code.warnLineLength`. This linter can be disabled by setting this option to 0.
Build completed successfully (766 jobs).
ℹ [697/700] Replayed VersoSlides.VirPrettyM
info: VersoSlides/VirPrettyM.lean:14:2: deferred validation of imported dependency `VersoSlides.Pretty.formatSegments` (via VersoSlides.VirPrettyM.formatSegments -> VersoSlides.Pretty.formatSegments) because its compiled IR is opaque in this module; `:vir` package generation loads and validates the owning module's compiled IR
ℹ [698/700] Replayed «verso-slides»/VersoSlides.VirPrettyM:virProgram
info: stdout:
wrote /tmp/tmp.XXg11tkw/program.irpkg-set.json
wrote /tmp/tmp.XXg11tkw/program.irpkg
wrote /tmp/tmp.XXg11tkw/report.md
package set members: 8
package format: 11
declarations: 135 (110 Lean IR, 25 native externs)
interface exports: 1
ℹ [699/713] Replayed «verso-slides»/VersoSlidesVirPrettyMResources:virResourcePack
info: stdout:
97b280b7c42cbed3783f31c98f7753d6eab5b9707f49f6cfbacdde2c0350ef58
✔ [740/766] Built VersoSlides.Render (3.2s)
⚠ [753/766] Replayed TestFixtures.Code
warning: TestFixtures/Code.lean:73:0: Line 73 is too long (65 columns exceeds 60).

Note: Example code is shown on mobile devices and other narrow contexts. Long lines are likely to be truncated in the rendered output.

Hint: The limit of this linter can be changed with the option `verso.code.warnLineLength`. This linter can be disabled by setting this option to 0.
warning: TestFixtures/Code.lean:74:0: Line 74 is too long (61 columns exceeds 60).

Note: Example code is shown on mobile devices and other narrow contexts. Long lines are likely to be truncated in the rendered output.

Hint: The limit of this linter can be changed with the option `verso.code.warnLineLength`. This linter can be disabled by setting this option to 0.
warning: TestFixtures/Code.lean:114:0: Line 114 is too long (61 columns exceeds 60).

Note: Example code is shown on mobile devices and other narrow contexts. Long lines are likely to be truncated in the rendered output.

Hint: The limit of this linter can be changed with the option `verso.code.warnLineLength`. This linter can be disabled by setting this option to 0.
Build completed successfully (766 jobs).
