Slides written to _test/markup/index.html
Slides written to _test/code/index.html
Slides written to _test/paneloption/index.html
Slides written to _test/diagramanim/index.html
Slides written to _test/theme/index.html
Slides written to _test/hl-default/index.html
Slides written to _test/hl-builtin/index.html
Slides written to _test/hl-custom/index.html
Slides written to _test/themes/black/index.html
Slides written to _test/themes/black-contrast/index.html
Slides written to _test/themes/white/index.html
Slides written to _test/themes/white-contrast/index.html
Slides written to _test/themes/beige/index.html
Slides written to _test/themes/league/index.html
Slides written to _test/themes/moon/index.html
Slides written to _test/themes/solarized/index.html
Slides written to _test/themes/blood/index.html
Slides written to _test/themes/night/index.html
Slides written to _test/themes/simple/index.html
Slides written to _test/themes/sky/index.html
Slides written to _test/themes/dracula/index.html
Slides written to _test/themes/serif/index.html
