✔ inclusive small input budgets and one over (1.661068ms)
✔ strict constructors, exact numeric scalars, Unicode and cyclic input (1.473715ms)
✔ admission rejects before ABI calls; finite v2 failures leave adapter usable (0.44092ms)
✔ plain text and hard lines survive HTML escaping exactly (2.431469ms)
✔ full exact tag stacks survive; nearest registered annotation owns presentation (1.564887ms)
✔ annotation classes and binding attributes cannot introduce HTML attributes (0.726959ms)
✔ goal structure shares indexed formats and escapes names/prefixes (1.268478ms)
✔ pixel-to-column conversion calls only the typed VIR facade without changing text (2.215101ms)
✔ one DOM measurer accounts for Reveal scaling and releases its probe (1.458156ms)
✔ shared signature rendering always releases measurement (success) (2.712428ms)
✔ shared signature rendering always releases measurement (failure) (1.278487ms)
✔ shared goal rendering always releases measurement (success) (1.353689ms)
✔ shared goal rendering always releases measurement (failure) (1.419703ms)
✔ formatting failure reports raw evidence and deliberate presentation (1.390879ms)
✔ pending creation receives independent expectedExports/signal; pagehide aborts without a facade (3.005409ms)
✔ cancellation before import finishes skips creation and cannot publish a facade (0.905345ms)
✔ retry before module acquisition completes only starts the latest creation (0.860431ms)
✔ late success during creation is disposed once and never handed off (4.893856ms)
✔ slow initialization shows loading without publishing a facade (0.876761ms)
✔ failure keeps raw diagnostics and explicit button retry owns a fresh program (1.569465ms)
✔ overlapping attempts (old first) never install an obsolete success (0.906367ms)
✔ overlapping attempts (new first) never install an obsolete success (0.669951ms)
✔ obsolete rejection cannot replace a newer ready view with a failure (0.745224ms)
✔ ready retry and terminal pagehide contain raw disposal failure (object) (0.843618ms)
✔ ready retry and terminal pagehide contain raw disposal failure (object) (0.68015ms)
✔ ready retry and terminal pagehide contain raw disposal failure (undefined) (0.55709ms)
✔ late obsolete retry success reports raw cleanup failure (object) (0.804735ms)
✔ late obsolete retry success reports raw cleanup failure (object) (0.616801ms)
✔ late obsolete retry success reports raw cleanup failure (undefined) (0.628203ms)
✔ ignored retry rejection/ready cleanup (Error) and throwing diagnostics produce no unhandled errors (48.949861ms)
✔ ignored retry rejection/ready cleanup (null) and throwing diagnostics produce no unhandled errors (36.992413ms)
✔ ignored retry rejection/ready cleanup (undefined) and throwing diagnostics produce no unhandled errors (36.51818ms)
✔ obsolete cancellation reports own raw cleanup evidence (undefined) (1.08876ms)
✔ obsolete cancellation reports own raw cleanup evidence (object) (1.286292ms)
✔ obsolete cancellation reports own raw cleanup evidence (object) (0.745253ms)
✔ resolved lifetime preserves bfcache and disposes on terminal pagehide (0.68514ms)
✔ late disposal throwing Error retains/reports evidence without an unhandled rejection (36.217824ms)
✔ late disposal throwing null retains/reports evidence without an unhandled rejection (34.986986ms)
✔ late disposal throwing undefined retains/reports evidence without an unhandled rejection (37.189564ms)
✔ late disposal diagnostics tolerate a throwing reporting sink (48.029809ms)
✔ arbitrary creation rejection (null) reports without coercion or a secondary unhandled rejection (45.876813ms)
✔ arbitrary creation rejection (undefined) reports without coercion or a secondary unhandled rejection (40.304541ms)
✔ arbitrary creation rejection (primitive) reports without coercion or a secondary unhandled rejection (49.800903ms)
✔ arbitrary creation rejection (proxy) reports without coercion or a secondary unhandled rejection (53.856441ms)
✔ arbitrary creation rejection (sink) reports without coercion or a secondary unhandled rejection (34.314441ms)
✔ primary creation wrapper/context and untouched raw cause are logged (1.113748ms)
ℹ tests 46
ℹ suites 0
ℹ pass 46
ℹ fail 0
ℹ cancelled 0
ℹ skipped 0
ℹ todo 0
ℹ duration_ms 599.475216
