info: my-talk: no previous manifest, creating one from scratch
info: toolchain not updated; already up-to-date
info: lean_vir: materializing new dependency
info: lean_vir: fetching revision '3e7dbcf0615305c83bdcb9aa1892ac8b22087d8e' from https://github.com/ejgallego/lean-vir.git
info: lean_vir: checking out revision '3e7dbcf0615305c83bdcb9aa1892ac8b22087d8e'
info: verso: materializing new dependency
info: verso: fetching revision '01a09f320122475119588526857a07d218aef600' from https://github.com/leanprover/verso.git
info: verso: checking out revision '01a09f320122475119588526857a07d218aef600'
info: Cli: materializing new dependency
info: Cli: fetching revision '82c11b9717083154aefc5fe8d4cba4bbf046298f' from https://github.com/leanprover/lean4-cli
info: Cli: checking out revision '82c11b9717083154aefc5fe8d4cba4bbf046298f'
info: illuminate: materializing new dependency
info: illuminate: fetching revision '86aa7e62f42b2a82daf9692b191febde1f3d65f9' from https://github.com/leanprover/illuminate
info: illuminate: checking out revision '86aa7e62f42b2a82daf9692b191febde1f3d65f9'
info: plausible: materializing new dependency
info: plausible: fetching revision 'aef59637faa9e85fa2486acaaf906ce3f572af7c' from https://github.com/leanprover-community/plausible
info: plausible: checking out revision 'aef59637faa9e85fa2486acaaf906ce3f572af7c'
info: MD4Lean: materializing new dependency
info: MD4Lean: fetching revision '31907cc18f48a95384f99cee5582c00fb39e0f67' from https://github.com/acmepjz/md4lean
info: MD4Lean: checking out revision '31907cc18f48a95384f99cee5582c00fb39e0f67'
info: subverso: materializing new dependency
info: subverso: fetching revision '892d6dc520270b5fb8c1291dd1b131e8c16255ed' from https://github.com/leanprover/subverso
info: subverso: checking out revision '892d6dc520270b5fb8c1291dd1b131e8c16255ed'
warning: subverso: ignoring missing manifest:
  /home/egallego/lean/verso-slides/.worktrees/vir-prettym-main435-integration/examples/default-deck/.lake/packages/subverso/lake-manifest.json
✔ [4/31] Built SubVerso.Compat (2.8s)
✔ [5/31] Built SubVerso.Highlighting.Messages (536ms)
✔ [6/31] Built SubVerso.Highlighting.Messages:c.o (84ms)
✔ [7/31] Built SubVerso.Compat:c.o (2.0s)
✔ [8/31] Built SubVerso.Highlighting.Highlighted (3.6s)
✔ [9/31] Built SubVerso.Highlighting.String (791ms)
✔ [10/31] Built SubVerso.Highlighting.Split (1.0s)
✔ [11/31] Built SubVerso.Highlighting.String:c.o (264ms)
✔ [12/31] Built SubVerso.Highlighting.Anchors.Basic (1.6s)
✔ [13/31] Built SubVerso.Highlighting.Export (1.8s)
✔ [14/31] Built SubVerso.Highlighting.Split:c.o (960ms)
✔ [15/31] Built SubVerso.Highlighting.Anchors.Check (733ms)
✔ [16/31] Built SubVerso.Highlighting.Anchors.Check:c.o (350ms)
✔ [17/31] Built SubVerso.Highlighting.Anchors (482ms)
✔ [18/31] Built SubVerso.Highlighting.Anchors:c.o (64ms)
✔ [19/31] Built SubVerso.Highlighting.Anchors.Basic:c.o (1.7s)
✔ [20/31] Built SubVerso.Highlighting.Export:c.o (2.4s)
✔ [21/31] Built SubVerso.Highlighting.Highlighted:c.o (6.2s)
✔ [22/31] Built SubVerso.Highlighting.Code (9.1s)
✔ [23/31] Built SubVerso.Highlighting (505ms)
✔ [24/31] Built SubVerso.Highlighting:c.o (72ms)
✔ [25/31] Built SubVerso.Module (666ms)
✔ [26/31] Built SubVerso.Module:c.o (295ms)
✔ [27/31] Built ExtractModule (905ms)
✔ [28/31] Built ExtractModule:c.o (360ms)
✔ [29/31] Built SubVerso.Highlighting.Code:c.o (15s)
✔ [30/48] Built «subverso-extract-mod»:exe (724ms)
✔ [39/134] Built Verso.Doc.DocName (636ms)
✔ [40/134] Built Verso.Output.Html.Tags (715ms)
✔ [41/134] Built Vir.Package.Json (636ms)
✔ [42/134] Built Vir.Package.Name (683ms)
✔ [43/134] Built Vir.Package.Format (618ms)
✔ [44/134] Built Verso.Output.Html.AttributeName (838ms)
✔ [45/134] Built Verso.Output.Html.Comments (776ms)
✔ [46/134] Built Vir.Compiler.HostMetadata (743ms)
✔ [47/134] Built Vir.Package.IRTags (715ms)
✔ [48/134] Built Vir.Package.Json:c.o (156ms)
✔ [49/134] Built Vir.Package.Format:c.o (121ms)
✔ [50/134] Built Vir.Package.Name:c.o (211ms)
✔ [51/134] Built Vir.Hash (923ms)
✔ [52/134] Built Vir.Package.IRTags:c.o (156ms)
✔ [53/134] Built Verso.Output.Html.Entities (1.1s)
✔ [54/134] Built Vir.Package.Set (399ms)
✔ [55/134] Built Vir.Compiler.CachedImports (1.1s)
✔ [56/134] Built Vir.Compiler.HostMetadata:c.o (307ms)
✔ [57/134] Built Vir.Resources.Types (1.1s)
✔ [58/134] Built Vir.Package.Set:c.o (242ms)
✔ [59/134] Built Verso.Doc.Name (842ms)
✔ [60/134] Built Vir.Compiler.IRDependencies (671ms)
✔ [61/134] Built Vir.Compiler.InterfaceValidation (1.5s)
✔ [62/134] Built Vir.Hash:c.o (572ms)
✔ [63/134] Built Vir.Compiler.CachedImports:c.o (572ms)
✔ [64/134] Built Vir.Compiler.NativeExterns (1.1s)
✔ [65/134] Built Vir.Compiler.IRDependencies:c.o (340ms)
✔ [66/134] Built Vir.Resources.Types:c.o (653ms)
✔ [67/134] Built Vir.NativePayload (1.0s)
✔ [68/134] Built Vir.Resources.Validate (781ms)
✔ [69/134] Built Vir.Compiler.Interface.Classify.Error (2.1s)
✔ [70/134] Built Vir.GeneratePackage.ClientNativeExternManifest (504ms)
✔ [71/134] Built Vir.Compiler.ExportValidation (696ms)
✔ [72/134] Built Vir.Resources.Pack (517ms)
✔ [73/134] Built Vir.Compiler.NativeExterns:c.o (790ms)
✔ [74/134] Built Vir.Compiler.InterfaceValidation:c.o (1.0s)
✔ [75/134] Built Vir.NativePayload:c.o (908ms)
✔ [76/134] Built Vir.GeneratePackage.ClientNativeExternManifest:c.o (731ms)
✔ [77/134] Built Verso.Output.Html (2.1s)
✔ [78/134] Built Vir.Compiler.ExportValidation:c.o (631ms)
✔ [79/134] Built Vir.Resources.Pack:c.o (707ms)
✔ [80/134] Built Vir.Compiler.Interface.Classify.Error:c.o (1.2s)
✔ [81/134] Built Vir.Compiler.Interface.Model (3.4s)
✔ [82/134] Built Vir.Resources.Build (1.1s)
✔ [83/134] Built Vir.Resources.Validate:c.o (1.8s)
✔ [84/134] Built Vir.Compiler.Interface.Encode (661ms)
✔ [85/134] Built Vir.GeneratePackage.Basic (692ms)
✔ [86/134] Built Vir.GeneratePackage.Basic:c.o (253ms)
✔ [87/134] Built Vir.Resources.Build:c.o (683ms)
✔ [88/134] Built Verso.Doc (3.1s)
✔ [89/134] Built Vir.Resources.Program (889ms)
✔ [90/134] Built Vir.Compiler.Interface.Model:c.o (1.2s)
✔ [91/134] Built Vir.Compiler.Interface.Encode:c.o (590ms)
✔ [92/134] Built Vir.Compiler.Interface.Classify.Basic (1.4s)
✔ [93/134] Built tools.VirResourcePack (1.2s)
✔ [94/134] Built Vir.GeneratePackage.Inputs (979ms)
✔ [95/134] Built tools.VirResourcePack:c.o (410ms)
✔ [96/134] Built Vir.GeneratePackage.Closure (485ms)
✔ [97/134] Built tools.VirResourceProgram (1.1s)
✔ [98/134] Built Vir.Resources.Program:c.o (1.2s)
✔ [99/134] Built tools.VirResourceProgram:c.o (267ms)
✔ [100/134] Built vir_resource_pack:exe (644ms)
✔ [101/134] Built Vir.Compiler.Interface.Classify.Basic:c.o (1.1s)
✔ [102/134] Built Vir.GeneratePackage.Closure:c.o (740ms)
✔ [103/134] Built Vir.Compiler.Interface.Classify.Core (1.5s)
✔ [104/134] Built vir_resource_program:exe (590ms)
✔ [105/134] Built Vir.GeneratePackage.Inputs:c.o (1.4s)
✔ [106/134] Built Vir.Compiler.Interface.Classify.Signature (776ms)
✔ [107/134] Built Vir.Compiler.Interface.Classify.Core:c.o (1.1s)
✔ [108/134] Built Vir.Compiler.Interface.Classify.Signature:c.o (415ms)
✔ [109/134] Built Vir.Compiler.HostValidation (731ms)
✔ [110/134] Built Vir.Attributes (889ms)
ℹ [111/134] Replayed VersoSlides.VirPrettyM
info: VersoSlides/VirPrettyM.lean:14:2: deferred validation of imported dependency `VersoSlides.Pretty.formatSegments` (via VersoSlides.VirPrettyM.formatSegments -> VersoSlides.Pretty.formatSegments) because its compiled IR is opaque in this module; `:vir` package generation loads and validates the owning module's compiled IR
✔ [112/134] Built Vir.Compiler.HostValidation:c.o (339ms)
✔ [113/134] Built Vir.Host (743ms)
✔ [114/134] Built Vir.Host:c.o (317ms)
✔ [115/134] Built Vir.GeneratePackage.Interface.Collect (1.0s)
✔ [116/134] Built Vir.GeneratePackage.Interface.Collect:c.o (622ms)
✔ [117/134] Built Vir.GeneratePackage.Manifest (738ms)
✔ [118/134] Built Vir.GeneratePackage.Manifest:c.o (244ms)
✔ [119/134] Built Vir.GeneratePackage.Manifest.Encode (679ms)
✔ [120/134] Built Vir.GeneratePackage.Report (816ms)
✔ [121/134] Built Vir.GeneratePackage.Manifest.Encode:c.o (230ms)
✔ [122/134] Built Vir.GeneratePackage.Report:c.o (331ms)
✔ [123/134] Built Vir.GeneratePackage.Emit (991ms)
✔ [124/134] Built Vir.GeneratePackage.Run (995ms)
✔ [125/134] Built Vir.GeneratePackage.Emit:c.o (1.1s)
✔ [126/134] Built Vir.GeneratePackage (546ms)
✔ [127/134] Built Vir.GeneratePackage:c.o (73ms)
✔ [128/134] Built Vir.GeneratePackage.Run:c.o (734ms)
✔ [129/134] Built tools.VirProgram (1.2s)
✔ [130/134] Built tools.VirProgram:c.o (533ms)
✔ [131/134] Built vir_program:exe (976ms)
ℹ [132/134] Built «verso-slides»/VersoSlides.VirPrettyM:virProgram (1.4s)
info: stdout:
wrote /tmp/tmp.XXXHsPiH/program.irpkg-set.json
wrote /tmp/tmp.XXXHsPiH/program.irpkg
wrote /tmp/tmp.XXXHsPiH/report.md
package set members: 7
package format: 11
declarations: 93 (72 Lean IR, 21 native externs)
interface exports: 1
ℹ [133/136] Built «verso-slides»/VersoSlides.VirPrettyM:virResourcePack (68ms)
info: stdout:
00c4cc5794f68178e57d5e37d7b36889abf708abc0ac300337068930db4dd48b
✔ [135/154] Built VersoUtil.WfRec (394ms)
✔ [136/174] Built VersoUtil.InfoTree (458ms)
✔ [138/186] Built VersoUtil.WfRec:c.o (183ms)
✔ [139/225] Built VersoManual.Html.Basic (657ms)
✔ [140/225] Built Verso.Doc.DocName:c.o (169ms)
✔ [141/228] Built Verso.Doc.Name:c.o (345ms)
✔ [142/245] Built VersoUtil.InfoTree:c.o (598ms)
✔ [144/246] Built VersoUtil.LzCompress (1.2s)
✔ [145/246] Built Verso.BEq (680ms)
✔ [146/246] Built Verso.CLI (796ms)
✔ [147/246] Built Verso.Hover (944ms)
✔ [148/246] Built MD4Lean/md4cEntityObj (239ms)
✔ [149/259] Built Vir.BinaryLiteral (1.0s)
✔ [150/259] Built Verso.BEq:c.o (363ms)
✔ [151/259] Built Verso.Parser.Lean (1.0s)
✔ [152/273] Built Verso.EnvExtension (972ms)
✔ [153/273] Built MD4Lean/md4cHtmlObj (233ms)
✔ [154/308] Built VersoManual.Html.CssFile (1000ms)
✔ [155/308] Built MultiVerso.InternalId (1.1s)
✔ [156/308] Built MultiVerso.Path (1.2s)
✔ [157/308] Built MD4Lean/wrapperObj (318ms)
✔ [158/308] Built Verso.CLI:c.o (385ms)
✔ [159/308] Built Verso.Doc.Elab.ExpanderAttribute (1.2s)
✔ [160/308] Built Verso.Doc.SourceRange (1.1s)
✔ [161/308] Built Verso.Hover:c.o (421ms)
✔ [162/308] Built Verso.Parser.Lean:c.o (327ms)
✔ [163/308] Built Verso.Instances.Deriving (1.6s)
✔ [164/308] Built Verso.Doc.Helpers (1.4s)
✔ [165/308] Built MD4Lean/md4cCoreObj (867ms)
✔ [166/308] Built Verso.EnvExtension:c.o (517ms)
✔ [167/308] Built Verso.Output.Html.Comments:c.o (229ms)
✔ [168/308] Built Verso.Output.Html.AttributeName:c.o (471ms)
✔ [169/308] Built Verso.Output.Html.Tags:c.o (251ms)
✔ [170/308] Built Vir.BinaryLiteral.ToExpr (810ms)
✔ [171/308] Built Verso.Code.External.Env (1.8s)
✔ [172/308] Built MultiVerso.Path:c.o (303ms)
✔ [173/308] Built Verso.Doc.Elab.ExpanderAttribute:c.o (367ms)
✔ [174/308] Built SubVerso.Helper.Netstring (1.9s)
✔ [175/308] Built VersoUtil.LzCompress:c.o (1.4s)
✔ [176/308] Built MultiVerso.Manifest (2.2s)
✔ [177/308] Built Verso.Doc.SourceRange:c.o (443ms)
✔ [178/308] Built Verso.Doc.Helpers:c.o (323ms)
✔ [179/308] Built Verso.Doc.Suggestion.Basic (1.0s)
✔ [180/308] Built Verso.Log (989ms)
✔ [181/308] Built Verso.Hint (1.1s)
✔ [182/308] Built Verso.SmartSuggestions (1.1s)
✔ [183/308] Built Verso.Output.Html.Entities:c.o (1.1s)
✔ [184/308] Built VersoUtil.Zip (3.1s)
✔ [185/308] Built MultiVerso.Method (2.5s)
✔ [186/308] Built Verso.Code.External.Env:c.o (190ms)
✔ [187/308] Built Verso.Doc.Suggestion.Basic:c.o (221ms)
✔ [188/308] Built Verso.Log:c.o (259ms)
✔ [189/323] Built MultiVerso.InternalId:c.o (1.1s)
✔ [190/323] Built Verso.Hint:c.o (203ms)
✔ [191/323] Built Verso.Output.Html.CssVars (631ms)
✔ [192/323] Built Verso.Instances.Deriving:c.o (890ms)
✔ [193/323] Built MultiVerso.NameMap (2.8s)
✔ [194/323] Built Verso.Code.Highlighted.WebAssets (773ms)
✔ [195/323] Built Verso.Output.Html.ElasticLunr (729ms)
✔ [196/323] Built Verso.Output.Html.CssVars:c.o (222ms)
✔ [197/323] Built SubVerso.Examples.Messages.NormalizeMetavars (1.0s)
✔ [198/323] Built Verso.SmartSuggestions:c.o (504ms)
✔ [199/339] Built Verso.Code.Highlighted.WebAssets:c.o (183ms)
✔ [200/339] Built SubVerso.Helper.Netstring:c.o (391ms)
✔ [201/339] Built Verso.Doc.Elab.InlineString (1.1s)
✔ [202/339] Built MD4Lean.Basic (2.9s)
✔ [203/339] Built Verso.Doc.PointOfInterest (1.1s)
✔ [204/339] Built SubVerso.Examples.Messages.NormalizeLineNum (2.3s)
✔ [205/339] Built Verso.Output.Html.ElasticLunr:c.o (278ms)
✔ [206/340] Built MultiVerso.Method:c.o (932ms)
✔ [207/340] Built VersoManual.Html.CssFile:c.o (317ms)
✔ [208/340] Built Verso.Doc.Elab.InlineString:c.o (332ms)
✔ [209/420] Built Verso.BuildLog (1.9s)
✔ [210/420] Built Verso.Doc.PointOfInterest:c.o (208ms)
✔ [211/420] Built VersoManual.Html.Basic:c.o (560ms)
✔ [212/420] Built Verso.WithoutAsync (1.8s)
✔ [213/420] Built SubVerso.Examples.Messages.NormalizeMetavars:c.o (813ms)
✔ [214/420] Built Verso.Doc.Suggestion (1.5s)
✔ [215/420] Built Verso.Instances (2.0s)
✔ [216/420] Built MultiVerso.NameMap:c.o (1.4s)
✔ [217/420] Built Verso.WithoutAsync:c.o (286ms)
✔ [218/420] Built Verso.Code.External.Code (4.3s)
✔ [219/420] Built Vir.Resources.Embed (1.0s)
✔ [220/420] Built SubVerso.Examples.Options (1.5s)
✔ [221/420] Built VersoManual.Ext (828ms)
✔ [222/420] Built MultiVerso.Manifest:c.o (2.1s)
✔ [223/420] Built SubVerso.Examples.Messages.NormalizeLineNum:c.o (829ms)
✔ [224/420] Built VersoUtil.BinFiles.Z85 (5.3s)
✔ [225/420] Built VersoManual.LicenseInfo (1.3s)
✔ [226/421] Built Verso.ExpectString (1.1s)
✔ [227/421] Built VersoManual.TeX (837ms)
✔ [228/421] Built Verso.BuildLog:c.o (1.2s)
✔ [229/421] Built Verso.Doc.Suggestion:c.o (509ms)
✔ [230/421] Built Verso.FS (1.0s)
✔ [231/421] Built VersoManual.Html.JsFile (1.9s)
✔ [232/422] Built Verso.Doc:c.o (5.5s)
✔ [233/422] Built SubVerso.Examples.Messages (1.6s)
✔ [234/422] Built Verso.Output.Html:c.o (3.8s)
✔ [235/422] Built VersoManual.Html.Style (1.0s)
✔ [236/422] Built VersoManual.Docstring.Config (923ms)
✔ [237/422] Built Verso.Doc.Elab.Basic (3.2s)
✔ [238/422] Built SubVerso.Helper (2.9s)
✔ [239/422] Built SubVerso.Examples.Options:c.o (255ms)
✔ [240/422] Built VersoManual.TeX:c.o (181ms)
✔ [241/422] Built VersoManual.Linters.Options (1000ms)
✔ [242/423] Built VersoManual.Ext:c.o (503ms)
✔ [243/423] Built VersoManual.TeX.Config (1.4s)
✔ [244/423] Built VersoManual.WebAssets (1.1s)
✔ [245/426] Built VersoUtil.Zip:c.o (2.9s)
✔ [246/426] Built MD4Lean.Basic:c.o (2.3s)
✔ [247/426] Built Verso.ExpectString:c.o (324ms)
✔ [248/426] Built VersoManual.Html.Style:c.o (208ms)
✔ [249/426] Built VersoManual.Docstring.Config:c.o (251ms)
✔ [250/426] Built VersoManual.InlineLean.Scopes (1.2s)
✔ [251/426] Built VersoManual.InlineLean.IO.Context (1.1s)
✔ [252/426] Built VersoManual.InlineLean.LongLines (1.0s)
✔ [253/444] Built VersoManual.WebAssets:c.o (134ms)
✔ [254/444] Built VersoManual.Linters.Options:c.o (206ms)
✔ [257/484] Built VersoUtil.BinFiles.Z85:c.o (582ms)
✔ [258/484] Built MD4Lean.Basic:dynlib (235ms)
✔ [259/484] Built Verso.FS:c.o (379ms)
✔ [260/580] Built SubVerso.Examples.Messages:c.o (395ms)
✔ [261/580] Built VersoManual.LicenseInfo.Licenses (584ms)
✔ [266/620] Built Verso.Instances:c.o (1.1s)
✔ [267/620] Built VersoManual.TeX.Config:c.o (471ms)
✔ [270/620] Built VersoManual.LicenseInfo:c.o (999ms)
✔ [271/620] Built VersoManual.Html.JsFile:c.o (842ms)
✔ [272/620] Built VersoManual.LicenseInfo.Licenses:c.o (198ms)
✔ [273/620] Built VersoSearch.PorterStemmer (2.3s)
✔ [274/620] Built VersoManual.InlineLean.LongLines:c.o (478ms)
✔ [280/620] Built VersoManual.InlineLean.Scopes:c.o (523ms)
✔ [281/620] Built VersoManual.InlineLean.IO.Context:c.o (607ms)
✔ [282/620] Built Vir.BinaryLiteral.ToExpr:c.o (183ms)
✔ [283/620] Built SubVerso.Examples (736ms)
✔ [284/620] Built Illuminate.Geometry.Basic (607ms)
✔ [285/620] Built SubVerso.Examples:c.o (148ms)
✔ [286/620] Built SubVerso.Helper:c.o (875ms)
✔ [287/620] Built VersoUtil.BinFiles (1.2s)
✔ [288/620] Built MD4Lean.FFI (728ms)
✔ [289/620] Built Verso.Code.External.Code:c.o (1.8s)
✔ [290/620] Built VersoManual.Docstring.PrettyPrint (2.3s)
✔ [291/620] Built Illuminate.Geometry.Basic:c.o (259ms)
✔ [292/620] Built Vir.BinaryLiteral:c.o (613ms)
✔ [293/620] Built Illuminate.Animation.Easing (470ms)
✔ [294/620] Built Illuminate.Animation.Types (987ms)
✔ [295/620] Built Vir.Resources.Site (822ms)
✔ [296/620] Built Vir.Resources.Embed:c.o (698ms)
✔ [297/620] Built MD4Lean.FFI:c.o (255ms)
✔ [298/620] Built Illuminate.Geometry.Types (1.1s)
✔ [299/620] Built MD4Lean.FFI:dynlib (135ms)
✔ [300/620] Built Illuminate.Animation.Easing:c.o (180ms)
✔ [301/620] Built VersoUtil.BinFiles:c.o (530ms)
✔ [302/620] Built VersoUtil (577ms)
✔ [303/620] Built Verso.Doc.Elab.Basic:c.o (1.6s)
✔ [304/620] Built SubVerso.Signature (1.9s)
✔ [305/620] Built Vir.Resources (395ms)
✔ [306/620] Built Vir.Resources.Site:c.o (367ms)
✔ [307/620] Built VersoUtil:c.o (144ms)
✔ [308/620] Built VersoSearch.PorterStemmer:c.o (1.1s)
✔ [309/620] Built Vir.Resources:c.o (111ms)
✔ [310/620] Built VersoLiterate.Config (1.8s)
✔ [311/620] Built Illuminate.Animation.Animate (532ms)
✔ [312/620] Built Illuminate.Animation.Types:c.o (610ms)
✔ [313/620] Built VersoUtil:shared (130ms)
✔ [314/620] Built Illuminate.Geometry.Point (538ms)
✔ [315/620] Built Illuminate.Geometry.Matrix (583ms)
✔ [316/620] Built Illuminate.Style.Arrow (583ms)
✔ [317/620] Built MD4Lean (578ms)
✔ [318/620] Built Illuminate.Geometry.Vec2 (617ms)
✔ [319/620] Built Illuminate.Animation.Render (782ms)
✔ [320/620] Built Illuminate.Geometry.Types:c.o (675ms)
✔ [321/620] Built Illuminate.Animation.Animate:c.o (251ms)
✔ [322/620] Built MD4Lean:c.o (110ms)
✔ [323/620] Built Illuminate.Geometry.Point:c.o (187ms)
✔ [324/620] Built MD4Lean:shared (83ms)
✔ [325/620] Built Illuminate.Geometry.Vec2:c.o (286ms)
✔ [326/620] Built Illuminate.Geometry.Matrix:c.o (240ms)
✔ [327/620] Built Illuminate.Style.Arrow:c.o (295ms)
✔ [328/620] Built VersoManual.Docstring.PrettyPrint:c.o (1.2s)
✔ [329/620] Built Illuminate.Geometry.PathData (919ms)
✔ [330/620] Built SubVerso (781ms)
✔ [331/620] Built SubVerso:c.o (147ms)
✔ [332/620] Built Illuminate.Geometry.Envelope (587ms)
✔ [333/620] Built Verso.Output.Html.KaTeX (858ms)
✔ [334/620] Built Illuminate.Animation.Render:c.o (638ms)
✔ [335/620] Built Illuminate.Geometry.PathData:c.o (498ms)
✔ [336/620] Built Verso.Output.Html.KaTeX:c.o (418ms)
✔ [337/620] Built Illuminate.Geometry.Envelope:c.o (503ms)
✔ [338/620] Built Illuminate.Style.Types (1.2s)
✔ [339/620] Built Illuminate.Animation.Morph.CubicSeg (1.0s)
✔ [340/620] Built SubVerso.Signature:c.o (1.9s)
✔ [341/620] Built SubVerso:shared (180ms)
✔ [342/620] Built Illuminate.Style.Stroke (568ms)
✔ [343/620] Built Illuminate.Animation.Interpolate (582ms)
✔ [344/620] Built Illuminate.Render.DrawCmd (682ms)
✔ [345/620] Built Verso.Code.External.Files (1.7s)
✔ [346/620] Built Illuminate.Style.Text (740ms)
✔ [347/620] Built Illuminate.Style.Stroke:c.o (153ms)
✔ [348/620] Built Illuminate.Animation.Interpolate:c.o (195ms)
✔ [349/620] Built Illuminate.Render.DrawCmd:c.o (287ms)
✔ [350/620] Built Illuminate.Style.Text:c.o (377ms)
✔ [351/620] Built Illuminate.Style.Color (1.3s)
✔ [352/620] Built Illuminate.Style.Types:c.o (1.5s)
✔ [353/620] Built VersoLiterate.Config:c.o (3.0s)
✔ [354/620] Built Illuminate.Animation.Morph.CubicSeg:c.o (1.5s)
✔ [355/620] Built Illuminate.Geometry.Trace (2.6s)
✔ [356/620] Built Verso.Code.External.Files:c.o (1.3s)
✔ [357/620] Built Illuminate.Geometry (349ms)
✔ [358/620] Built Illuminate.Animation.Morph.Style (842ms)
✔ [359/620] Built Illuminate.Style.ColorWidget (933ms)
✔ [360/620] Built Illuminate.Geometry:c.o (117ms)
✔ [361/620] Built Illuminate.Render.Svg (1.9s)
✔ [362/620] Built Illuminate.Style.Color:c.o (1.4s)
✔ [363/620] Built Illuminate.Animation.Morph.Style:c.o (630ms)
✔ [364/620] Built Illuminate.Style (590ms)
✔ [365/620] Built Illuminate.Diagram.Types (1.2s)
✔ [366/620] Built Illuminate.Render (356ms)
✔ [367/620] Built Illuminate.Style:c.o (170ms)
✔ [368/620] Built Illuminate.Render:c.o (127ms)
✔ [369/620] Built Illuminate.Geometry.Trace:c.o (1.6s)
✔ [370/620] Built Illuminate.Style.ColorWidget:c.o (1.1s)
✔ [371/620] Built Illuminate.Backend.SVG (528ms)
✔ [372/620] Built Illuminate.Animation.Effects (434ms)
✔ [373/620] Built Illuminate.Animation.Effects:c.o (184ms)
✔ [374/620] Built Illuminate.Backend.SVG:c.o (158ms)
✔ [375/620] Built Illuminate.Animation.Morph.Types (742ms)
✔ [376/620] Built Illuminate.Diagram.Types:c.o (883ms)
✔ [377/620] Built Illuminate.Animation.Morph.Types:c.o (227ms)
✔ [378/620] Built Illuminate.Diagram.Basic (1.0s)
✔ [379/620] Built Illuminate.Render.Svg:c.o (1.6s)
✔ [380/620] Built Illuminate.Animation.Morph.Evaluate (499ms)
✔ [381/620] Built MultiVerso.Slug (10s)
✔ [382/620] Built Illuminate.Animation.Morph.Evaluate:c.o (293ms)
✔ [383/620] Built Illuminate.Shapes.Arrows (621ms)
✔ [384/620] Built Illuminate.Diagram.Basic:c.o (634ms)
✔ [385/620] Built Illuminate.Shapes.Arrows:c.o (362ms)
✔ [386/620] Built MultiVerso.Link (553ms)
✔ [387/620] Built MultiVerso.Link:c.o (589ms)
✔ [388/620] Built MultiVerso.Slug:c.o (2.3s)
✔ [389/620] Built MultiVerso (2.4s)
✔ [390/620] Built Illuminate.Diagram.Placement (3.6s)
✔ [391/620] Built Illuminate.Diagram.CurlyBrace (814ms)
✔ [392/620] Built Illuminate.Animation.Filmstrip (808ms)
✔ [393/620] Built Illuminate.Shapes.Decorative (754ms)
✔ [394/620] Built Illuminate.Diagram.HitTest (869ms)
✔ [395/620] Built Illuminate.Shapes.Operators (928ms)
✔ [396/620] Built Illuminate.Shapes.Flowchart (984ms)
✔ [397/620] Built Illuminate.Diagram.Paper (1.1s)
✔ [398/620] Built Illuminate.Diagram.CurlyBrace:c.o (285ms)
✔ [399/620] Built Illuminate.Shapes.Bubbles (1.3s)
✔ [400/620] Built Illuminate.Diagram.Paper:c.o (209ms)
✔ [401/620] Built Illuminate.Diagram.HitTest:c.o (428ms)
✔ [402/620] Built Illuminate.Shapes.Decorative:c.o (508ms)
✔ [403/620] Built Illuminate.Diagram.Arrow (1.4s)
✔ [404/620] Built Illuminate.Shapes.Flowchart:c.o (389ms)
✔ [405/620] Built Illuminate.Shapes.Operators:c.o (447ms)
✔ [406/620] Built Illuminate.Animation.Morph.Prepare (1.5s)
✔ [407/620] Built Illuminate.Animation.Filmstrip:c.o (815ms)
✔ [408/620] Built Illuminate.Shapes (537ms)
✔ [409/620] Built Illuminate.Shapes.Bubbles:c.o (611ms)
✔ [410/620] Built Illuminate.Animation.Morph (541ms)
✔ [411/620] Built Illuminate.Shapes:c.o (122ms)
✔ [412/620] Built Illuminate.Animation.Morph:c.o (129ms)
✔ [413/620] Built Illuminate.DSL.StateDiagram (811ms)
✔ [414/620] Built Illuminate.Diagram.Arrow:c.o (847ms)
✔ [415/620] Built Vir.Resources.Runtime (13s)
✔ [416/620] Built Illuminate.Diagram.Compile (881ms)
✔ [417/620] Built Vir.Resources.Runtime:c.o (195ms)
✔ [418/620] Built Illuminate.DSL.StateDiagram:c.o (375ms)
✔ [419/620] Built Illuminate.DSL.CommDiag (1.3s)
✔ [420/620] Built Illuminate.Diagram.Placement:c.o (2.8s)
✔ [421/620] Built Illuminate.Diagram.Compile:c.o (517ms)
✔ [422/620] Built Illuminate.Diagram.Validate (610ms)
✔ [423/620] Built Vir.Resources.Assets (636ms)
✔ [424/620] Built Illuminate.DSL (437ms)
✔ [425/620] Built Illuminate.Diagram.Validate:c.o (306ms)
✔ [426/620] Built Illuminate.DSL:c.o (111ms)
✔ [427/620] Built Illuminate.Animation.Morph.Prepare:c.o (1.8s)
✔ [428/620] Built Vir.Resources.Assets:c.o (360ms)
✔ [429/620] Built Illuminate.DSL.CommDiag:c.o (820ms)
✔ [430/620] Built Illuminate.Diagram.TreeLayout (2.2s)
✔ [431/620] Built Illuminate.Diagram (390ms)
✔ [432/620] Built Illuminate.Diagram:c.o (89ms)
✔ [433/620] Built Illuminate.Animation.Compile (2.2s)
✔ [434/620] Built MultiVerso:c.o (4.8s)
✔ [435/620] Built MultiVerso:shared (65ms)
✔ [436/620] Built Illuminate.Diagram.TreeLayout:c.o (1.2s)
✔ [437/620] Built Verso.Method (367ms)
✔ [438/620] Built Illuminate.Widget (2.2s)
✔ [439/620] Built Verso.Method:c.o (90ms)
✔ [440/620] Built Illuminate.Animation.Widget (694ms)
✔ [441/620] Built Illuminate.Animation.Widget:c.o (208ms)
✔ [442/620] Built Illuminate.Animation (421ms)
✔ [443/620] Built Verso.Output.TeX (1.6s)
✔ [444/620] Built Illuminate.Animation:c.o (97ms)
✔ [445/620] Built Illuminate (452ms)
✔ [446/620] Built Verso.Output (422ms)
✔ [447/620] Built Illuminate:c.o (105ms)
✔ [448/620] Built Verso.SyntaxUtils (1.7s)
✔ [449/620] Built Verso.Output:c.o (91ms)
✔ [450/620] Built Illuminate.Animation.Compile:c.o (2.7s)
✔ [451/620] Built Verso.Output.TeX:c.o (1.2s)
✔ [452/620] Built Verso.Doc.TeX (1.6s)
✔ [453/620] Built Verso.SyntaxUtils:c.o (1.7s)
✔ [454/620] Built Verso.Doc.TeX:c.o (996ms)
✔ [455/620] Built Illuminate.Widget:c.o (3.9s)
✔ [456/620] Built Illuminate:shared (95ms)
✔ [457/620] Built Verso.Parser (2.4s)
✔ [458/620] Built Verso.Code.Highlighted (3.3s)
✔ [459/620] Built Verso.Linters (1.0s)
✔ [460/620] Built Verso.Code.HighlightedToTex (1.4s)
✔ [461/620] Built Verso.Doc.Html (1.4s)
✔ [462/620] Built Verso.Code.HighlightedToTex:c.o (492ms)
✔ [463/620] Built Verso.Linters:c.o (1.3s)
✔ [464/620] Built Verso.Doc.Html:c.o (665ms)
✔ [465/620] Built Verso.Parser:c.o (3.1s)
✔ [466/620] Built Verso.Code.Highlighted:c.o (3.1s)
✔ [467/620] Built Verso.Doc.ArgParse (3.7s)
✔ [468/620] Built Verso.Code.External.Config (873ms)
✔ [469/620] Built Verso.Code.External.Config:c.o (430ms)
✔ [470/620] Built Verso.Doc.ArgParse:c.o (3.3s)
✔ [471/620] Built Verso.Doc.Elab.Monad (5.0s)
✔ [472/620] Built Verso.Doc.Concrete.Environment (712ms)
✔ [473/620] Built Verso.Doc.Concrete.Environment:c.o (104ms)
✔ [474/620] Built Verso.Doc.Elab.Inline (1.2s)
✔ [475/620] Built Verso.Doc.Elab.ExtensionResolution (1.3s)
✔ [476/620] Built Verso.Doc.Elab.Block (1.0s)
✔ [477/620] Built Verso.Doc.Elab.Inline:c.o (1.7s)
✔ [478/620] Built Verso.Doc.Elab.ExtensionResolution:c.o (2.1s)
✔ [479/620] Built Verso.Doc.Elab.Block:c.o (1.8s)
✔ [480/620] Built Verso.Doc.Lsp (3.9s)
✔ [481/620] Built Verso.Doc.Elab (3.6s)
✔ [482/620] Built Verso.Doc.Concrete.InlineString (1.1s)
✔ [483/620] Built Verso.Doc.Concrete.InlineString:c.o (570ms)
✔ [484/620] Built Verso.Doc.Elab.Monad:c.o (9.4s)
✔ [485/620] Built Verso.Doc.Concrete (2.7s)
✔ [486/620] Built Verso.Doc.Lsp:c.o (5.5s)
✔ [487/620] Built Verso.Doc.Elab:c.o (4.6s)
✔ [488/620] Built Verso.Doc.Concrete:c.o (2.1s)
✔ [489/620] Built Verso.Code.External (7.1s)
✔ [490/620] Built Verso.Code (589ms)
✔ [491/620] Built Verso.Code:c.o (86ms)
✔ [492/620] Built Verso (691ms)
✔ [493/620] Built Verso:c.o (105ms)
✔ [494/620] Built Verso.Code.External:c.o (11s)
✔ [495/620] Built Verso:shared (107ms)
✔ [498/620] Built VersoManual.Html.DataFile (521ms)
✔ [499/620] Built VersoManual.Docstring.Basic (596ms)
✔ [500/620] Built VersoManual.Html.SoftHyphenate (799ms)
✔ [501/620] Built VersoManual.Html.DataFile:c.o (291ms)
✔ [502/620] Built VersoManual.Docstring.Basic:c.o (296ms)
✔ [503/620] Built VersoManual.Html.Hoist (1.1s)
✔ [504/620] Built VersoManual.Html.SoftHyphenate:c.o (368ms)
✔ [505/620] Built VersoManual.InlineLean.Outputs (1.2s)
✔ [506/620] Built VersoSearch.DomainSearch (1.2s)
✔ [507/620] Built VersoManual.InlineLean.Outputs:c.o (238ms)
✔ [508/620] Built VersoManual.Linters (1.9s)
✔ [509/620] Built VersoIlluminate (1.9s)
✔ [510/620] Built VersoManual.Html.Hoist:c.o (1.2s)
✔ [511/620] Built VersoManual.Html.Features (1.8s)
✔ [512/620] Built VersoManual.Docstring.DocName (2.1s)
✔ [513/620] Built VersoLiterate.Basic (2.7s)
✔ [514/620] Built VersoSearch.DomainSearch:c.o (1.6s)
✔ [515/620] Built VersoManual.Html.Config (648ms)
✔ [516/620] Built VersoManual.Linters:c.o (1.1s)
✔ [517/620] Built VersoManual.Html.Config:c.o (396ms)
✔ [518/620] Built VersoSearch (2.9s)
✔ [519/620] Built VersoIlluminate:c.o (2.7s)
✔ [520/620] Built VersoIlluminate:shared (62ms)
✔ [521/620] Built VersoManual.Html.Features:c.o (2.4s)
✔ [522/620] Built VersoManual.Docstring.DocName:c.o (2.8s)
✔ [523/620] Built VersoLiterate.Basic:c.o (2.9s)
✔ [524/620] Built VersoLiterate.Exported (3.2s)
✔ [525/620] Built VersoLiterate.Module (951ms)
✔ [526/620] Built VersoLiterate.Module:c.o (420ms)
✔ [527/620] Built VersoSearch:c.o (4.1s)
✔ [528/620] Built VersoSearch:shared (60ms)
✔ [529/620] Built VersoLiterate.Search (754ms)
✔ [530/620] Built VersoLiterate.Search:c.o (93ms)
✔ [531/620] Built VersoLiterate (611ms)
✔ [532/620] Built VersoLiterate:c.o (100ms)
✔ [533/620] Built VersoLiterate.Exported:c.o (4.0s)
✔ [534/620] Built VersoLiterate:shared (64ms)
✔ [535/620] Built VersoManual.Basic (6.7s)
✔ [536/620] Built VersoManual.Glossary.Norm (1.4s)
✔ [537/620] Built VersoManual.WordCount (1.4s)
✔ [538/620] Built VersoManual.License (1.8s)
✔ [539/620] Built VersoManual.Glossary.Norm:c.o (466ms)
✔ [540/620] Built VersoManual.WordCount:c.o (687ms)
✔ [541/620] Built VersoManual.Row (2.1s)
✔ [542/620] Built VersoManual.Diagrams (2.5s)
✔ [543/620] Built VersoManual.Draft (2.6s)
✔ [544/620] Built VersoManual.Html (2.7s)
✔ [545/620] Built VersoManual.HighlightedCode (938ms)
✔ [546/620] Built VersoManual.Marginalia (2.7s)
✔ [547/620] Built VersoManual.LocalContents (2.8s)
✔ [548/620] Built VersoManual.HighlightedCode:c.o (789ms)
✔ [549/620] Built VersoManual.Table (3.5s)
✔ [550/620] Built VersoManual.Markdown (3.7s)
✔ [551/620] Built VersoManual.Glossary (3.3s)
✔ [552/620] Built VersoManual.InlineLean.Block (2.1s)
✔ [553/620] Built VersoManual.LocalContents:c.o (2.3s)
✔ [554/620] Built VersoManual.InlineLean.Option (2.3s)
✔ [555/620] Built VersoManual.Html:c.o (2.5s)
✔ [556/620] Built VersoManual.Index (5.2s)
✔ [557/620] Built VersoManual.License:c.o (3.8s)
✔ [558/620] Built VersoManual.Draft:c.o (3.2s)
✔ [559/620] Built VersoManual.ExternalLean (3.2s)
✔ [560/620] Built VersoManual.InlineLean.SyntaxError (3.2s)
✔ [561/620] Built VersoManual.Row:c.o (3.9s)
✔ [562/620] Built VersoManual.InlineLean.Signature (3.4s)
✔ [563/620] Built VersoManual.InlineLean.Block:c.o (1.4s)
✔ [564/620] Built VersoManual.Diagrams:c.o (4.2s)
✔ [565/620] Built VersoManual.Marginalia:c.o (4.3s)
✔ [566/620] Built VersoManual.Markdown:c.o (3.6s)
✔ [567/620] Built VersoManual.Imports (1.8s)
✔ [568/620] Built VersoManual.Docstring.Progress (8.2s)
✔ [569/620] Built VersoManual.ExternalLean:c.o (2.5s)
✔ [570/620] Built VersoManual.InlineLean.Option:c.o (3.6s)
✔ [571/620] Built VersoManual.Table:c.o (5.7s)
✔ [572/620] Built VersoManual.Literate (3.6s)
✔ [573/620] Built VersoManual.InlineLean.IO (4.8s)
✔ [574/620] Built VersoManual.InlineLean.SyntaxError:c.o (4.3s)
✔ [575/620] Built VersoManual.Glossary:c.o (5.8s)
✔ [576/620] Built VersoManual.InlineLean.Signature:c.o (4.3s)
✔ [577/620] Built VersoManual.Bibliography (7.0s)
✔ [578/620] Built VersoManual.Imports:c.o (3.2s)
✔ [579/620] Built VersoManual.Docstring.Progress:c.o (4.9s)
✔ [580/620] Built VersoManual.Index:c.o (7.9s)
✔ [581/620] Built VersoManual.Basic:c.o (13s)
✔ [582/620] Built VersoManual.Literate:c.o (5.5s)
✔ [583/620] Built VersoManual.InlineLean.IO:c.o (5.0s)
✔ [584/620] Built VersoManual.Docstring (8.9s)
✔ [585/620] Built VersoManual.InlineLean (7.6s)
✔ [586/620] Built VersoManual.Bibliography:c.o (7.0s)
✔ [587/620] Built VersoManual (8.2s)
✔ [588/620] Built VersoManual.InlineLean:c.o (10s)
✔ [589/620] Built VersoManual.Docstring:c.o (17s)
✔ [590/620] Built VersoManual:c.o (16s)
✔ [591/620] Built VersoManual:shared (118ms)
✔ [592/620] Built VersoSlidesVendored (1.3s)
✔ [608/620] Built VersoSlides.InlineLean (2.8s)
✔ [610/620] Built VersoSlides.ModuleExample (3.2s)
✔ [612/620] Built VersoSlides.LibModule (2.9s)
✔ [614/620] Built VersoSlides (570ms)
✔ [616/620] Built MyTalk.Slides (638ms)
✔ [617/620] Built MyTalk.Slides:c.o (84ms)
✔ [618/620] Built Main (572ms)
✔ [619/620] Built Main:c.o (73ms)
✔ [620/620] Built «my-talk»:exe (468ms)
Build completed successfully (620 jobs).
