✔ [3/30] Built SubVerso.Compat (2.3s)
✔ [4/30] Built SubVerso.Highlighting.Messages (443ms)
✔ [5/30] Built SubVerso.Highlighting.Messages:c.o (89ms)
✔ [6/30] Built SubVerso.Compat:c.o (1.9s)
✔ [7/30] Built SubVerso.Highlighting.Highlighted (3.4s)
✔ [8/30] Built SubVerso.Highlighting.String (646ms)
✔ [9/30] Built SubVerso.Highlighting.Split (865ms)
✔ [10/30] Built SubVerso.Highlighting.String:c.o (251ms)
✔ [11/30] Built SubVerso.Highlighting.Anchors.Basic (1.4s)
✔ [12/30] Built SubVerso.Highlighting.Export (1.6s)
✔ [13/30] Built SubVerso.Highlighting.Split:c.o (910ms)
✔ [14/30] Built SubVerso.Highlighting.Anchors.Check (707ms)
✔ [15/30] Built SubVerso.Highlighting.Anchors.Check:c.o (291ms)
✔ [16/30] Built SubVerso.Highlighting.Anchors (528ms)
✔ [17/30] Built SubVerso.Highlighting.Anchors:c.o (60ms)
✔ [18/30] Built SubVerso.Highlighting.Anchors.Basic:c.o (1.8s)
✔ [19/30] Built SubVerso.Highlighting.Export:c.o (2.2s)
✔ [20/30] Built SubVerso.Highlighting.Highlighted:c.o (5.6s)
✔ [21/30] Built SubVerso.Highlighting.Code (6.0s)
✔ [22/30] Built SubVerso.Highlighting (485ms)
✔ [23/30] Built SubVerso.Highlighting:c.o (60ms)
✔ [24/30] Built SubVerso.Module (661ms)
✔ [25/30] Built SubVerso.Module:c.o (322ms)
✔ [26/30] Built ExtractModule (949ms)
✔ [27/30] Built ExtractModule:c.o (337ms)
✔ [28/30] Built SubVerso.Highlighting.Code:c.o (11s)
✔ [29/41] Built «subverso-extract-mod»:exe (591ms)
✔ [36/133] Built Verso.Doc.DocName (391ms)
✔ [37/133] Built Verso.Output.Html.Comments (492ms)
✔ [38/133] Built Verso.Output.Html.Tags (479ms)
✔ [39/133] Built Vir.Package.Json (452ms)
✔ [40/133] Built Vir.Package.Name (400ms)
✔ [41/133] Built Vir.Package.Format (402ms)
✔ [42/133] Built Verso.Output.Html.Entities (592ms)
✔ [43/133] Built Verso.Output.Html.AttributeName (571ms)
✔ [44/133] Built VersoSlides.ImgSrc (524ms)
✔ [45/133] Built Vir.Compiler.HostMetadata (489ms)
✔ [46/133] Built Vir.Package.IRTags (498ms)
✔ [47/133] Built Vir.Hash (462ms)
✔ [48/133] Built Vir.Package.Name:c.o (161ms)
✔ [49/133] Built Vir.Package.Format:c.o (117ms)
✔ [50/133] Built Vir.Package.Json:c.o (171ms)
✔ [51/133] Built Vir.Package.IRTags:c.o (118ms)
✔ [52/133] Built Vir.Compiler.CachedImports (696ms)
✔ [53/133] Built Vir.Resources.Types (688ms)
✔ [54/133] Built Vir.Compiler.HostMetadata:c.o (229ms)
✔ [55/133] Built Vir.Package.Set (414ms)
✔ [56/133] Built Vir.Hash:c.o (444ms)
✔ [57/133] Built Vir.Compiler.IRDependencies (525ms)
✔ [58/133] Built Vir.Package.Set:c.o (181ms)
✔ [59/133] Built Verso.Doc.Name (806ms)
✔ [60/133] Built VersoSlides.Pretty (1.0s)
✔ [61/133] Built Vir.NativePayload (743ms)
✔ [62/133] Built Vir.Compiler.IRDependencies:c.o (266ms)
✔ [63/133] Built Vir.Compiler.CachedImports:c.o (490ms)
✔ [64/133] Built Vir.Compiler.NativeExterns (957ms)
✔ [65/133] Built Vir.Compiler.InterfaceValidation (1.3s)
✔ [66/133] Built Vir.Resources.Types:c.o (567ms)
✔ [67/133] Built Vir.Compiler.Interface.Classify.Error (1.4s)
✔ [68/133] Built Vir.Resources.Validate (836ms)
✔ [69/133] Built Vir.Compiler.ExportValidation (401ms)
✔ [70/133] Built Vir.GeneratePackage.ClientNativeExternManifest (518ms)
✔ [71/133] Built Vir.Compiler.NativeExterns:c.o (566ms)
✔ [72/133] Built Vir.NativePayload:c.o (641ms)
✔ [73/133] Built Vir.Compiler.InterfaceValidation:c.o (671ms)
✔ [74/133] Built Vir.Resources.Pack (515ms)
✔ [75/133] Built Vir.Compiler.ExportValidation:c.o (455ms)
✔ [76/133] Built Vir.Compiler.Interface.Classify.Error:c.o (901ms)
✔ [77/133] Built Vir.Compiler.Interface.Model (2.5s)
✔ [78/133] Built Vir.GeneratePackage.ClientNativeExternManifest:c.o (514ms)
✔ [79/133] Built Vir.Resources.Pack:c.o (444ms)
✔ [80/133] Built Verso.Output.Html (2.0s)
✔ [81/133] Built Vir.Compiler.Interface.Encode (376ms)
✔ [82/133] Built Vir.Resources.Build (773ms)
✔ [83/133] Built Vir.GeneratePackage.Basic (503ms)
✔ [84/133] Built Vir.Resources.Validate:c.o (1.3s)
✔ [85/133] Built Vir.GeneratePackage.Basic:c.o (222ms)
✔ [86/133] Built Vir.Compiler.Interface.Encode:c.o (465ms)
✔ [87/133] Built Vir.Compiler.Interface.Model:c.o (936ms)
✔ [88/133] Built Vir.Resources.Build:c.o (518ms)
✔ [89/133] Built Vir.GeneratePackage.Inputs (587ms)
✔ [90/133] Built Vir.Compiler.Interface.Classify.Basic (1.1s)
✔ [91/133] Built Vir.Resources.Program (625ms)
✔ [92/133] Built Vir.GeneratePackage.Closure (347ms)
✔ [93/133] Built Verso.Doc (2.9s)
✔ [94/133] Built tools.VirResourcePack (1.2s)
✔ [95/133] Built Vir.GeneratePackage.Closure:c.o (454ms)
✔ [96/133] Built Vir.Compiler.Interface.Classify.Basic:c.o (799ms)
✔ [97/133] Built Vir.Resources.Program:c.o (876ms)
✔ [98/133] Built tools.VirResourceProgram (980ms)
✔ [99/133] Built tools.VirResourcePack:c.o (316ms)
✔ [100/133] Built Vir.GeneratePackage.Inputs:c.o (1.0s)
✔ [101/133] Built tools.VirResourceProgram:c.o (210ms)
✔ [102/133] Built Vir.Compiler.Interface.Classify.Core (1.1s)
✔ [103/133] Built vir_resource_pack:exe (463ms)
✔ [104/133] Built vir_resource_program:exe (467ms)
✔ [105/133] Built Vir.Compiler.Interface.Classify.Signature (661ms)
✔ [106/133] Built Vir.Compiler.Interface.Classify.Core:c.o (870ms)
✔ [107/133] Built Vir.Compiler.Interface.Classify.Signature:c.o (334ms)
✔ [108/133] Built Vir.Compiler.HostValidation (594ms)
✔ [109/133] Built Vir.Attributes (680ms)
✔ [110/133] Built Vir.Compiler.HostValidation:c.o (263ms)
✔ [111/133] Built Vir.Host (545ms)
ℹ [112/133] Built VersoSlides.VirPrettyM (533ms)
info: VersoSlides/VirPrettyM.lean:14:2: deferred validation of imported dependency `VersoSlides.Pretty.formatSegments` (via VersoSlides.VirPrettyM.formatSegments -> VersoSlides.Pretty.formatSegments) because its compiled IR is opaque in this module; `:vir` package generation loads and validates the owning module's compiled IR
✔ [113/133] Built Vir.Host:c.o (189ms)
✔ [114/133] Built Vir.GeneratePackage.Interface.Collect (695ms)
✔ [115/133] Built Vir.GeneratePackage.Interface.Collect:c.o (426ms)
✔ [116/133] Built Vir.GeneratePackage.Manifest (536ms)
✔ [117/133] Built Vir.GeneratePackage.Manifest:c.o (185ms)
✔ [118/133] Built Vir.GeneratePackage.Manifest.Encode (475ms)
✔ [119/133] Built Vir.GeneratePackage.Report (553ms)
✔ [120/133] Built Vir.GeneratePackage.Manifest.Encode:c.o (183ms)
✔ [121/133] Built Vir.GeneratePackage.Report:c.o (238ms)
✔ [122/133] Built Vir.GeneratePackage.Emit (743ms)
✔ [123/133] Built Vir.GeneratePackage.Run (715ms)
✔ [124/133] Built Vir.GeneratePackage.Emit:c.o (851ms)
✔ [125/133] Built Vir.GeneratePackage (442ms)
✔ [126/133] Built Vir.GeneratePackage:c.o (64ms)
✔ [127/133] Built Vir.GeneratePackage.Run:c.o (649ms)
✔ [128/133] Built tools.VirProgram (865ms)
✔ [129/133] Built tools.VirProgram:c.o (345ms)
✔ [130/133] Built vir_program:exe (615ms)
ℹ [131/133] Built «verso-slides»/VersoSlides.VirPrettyM:virProgram (999ms)
info: stdout:
wrote /tmp/tmp.XXOwNxf7/program.irpkg-set.json
wrote /tmp/tmp.XXOwNxf7/program.irpkg
wrote /tmp/tmp.XXOwNxf7/report.md
package set members: 7
package format: 11
declarations: 93 (72 Lean IR, 21 native externs)
interface exports: 1
ℹ [132/153] Built «verso-slides»/VersoSlides.VirPrettyM:virResourcePack (52ms)
info: stdout:
00c4cc5794f68178e57d5e37d7b36889abf708abc0ac300337068930db4dd48b
✔ [134/153] Built VersoUtil.WfRec (225ms)
✔ [135/153] Built VersoUtil.InfoTree (326ms)
✔ [136/153] Built VersoUtil.WfRec:c.o (71ms)
✔ [137/153] Built VersoManual.Html.Basic (362ms)
✔ [139/224] Built VersoUtil.LzCompress (602ms)
✔ [140/227] Built VersoUtil.InfoTree:c.o (356ms)
✔ [141/227] Built Verso.Doc.DocName:c.o (155ms)
✔ [142/245] Built VersoManual.Html.CssFile (407ms)
✔ [143/245] Built Verso.Doc.Name:c.o (278ms)
✔ [145/245] Built Verso.BEq (458ms)
✔ [146/245] Built Verso.CLI (473ms)
✔ [147/245] Built MD4Lean/md4cEntityObj (159ms)
✔ [148/258] Built Vir.BinaryLiteral (564ms)
✔ [149/258] Built Verso.Doc.Elab.ExpanderAttribute (523ms)
✔ [150/258] Built Verso.Doc.SourceRange (470ms)
✔ [151/258] Built MD4Lean/md4cHtmlObj (115ms)
✔ [152/307] Built Verso.Hover (647ms)
✔ [153/307] Built Verso.Parser.Lean (702ms)
✔ [154/307] Built MultiVerso.Path (648ms)
✔ [155/307] Built MD4Lean/wrapperObj (207ms)
✔ [156/307] Built Verso.BEq:c.o (234ms)
✔ [157/307] Built Verso.CLI:c.o (192ms)
✔ [158/307] Built MultiVerso.InternalId (669ms)
✔ [159/307] Built Verso.EnvExtension (700ms)
✔ [160/307] Built Verso.Doc.SourceRange:c.o (212ms)
✔ [161/307] Built Verso.Instances.Deriving (924ms)
✔ [162/307] Built Verso.Doc.Elab.ExpanderAttribute:c.o (200ms)
✔ [163/307] Built Verso.Doc.Helpers (789ms)
✔ [164/307] Built MD4Lean/md4cCoreObj (507ms)
✔ [165/307] Built VersoUtil.Zip (1.7s)
✔ [166/307] Built Vir.BinaryLiteral.ToExpr (427ms)
✔ [167/307] Built Verso.Output.Html.Comments:c.o (153ms)
✔ [168/307] Built VersoUtil.LzCompress:c.o (1.2s)
✔ [169/307] Built Verso.Output.Html.Tags:c.o (240ms)
✔ [170/307] Built Verso.Hover:c.o (250ms)
✔ [171/307] Built Verso.Code.External.Env (1.1s)
✔ [172/307] Built Verso.Doc.Suggestion.Basic (603ms)
✔ [173/307] Built Verso.Log (577ms)
✔ [174/307] Built Verso.SmartSuggestions (549ms)
✔ [175/307] Built Verso.Output.Html.AttributeName:c.o (395ms)
✔ [176/307] Built Verso.Parser.Lean:c.o (292ms)
✔ [177/307] Built MultiVerso.Path:c.o (259ms)
✔ [178/307] Built Verso.Hint (646ms)
✔ [179/307] Built MultiVerso.NameMap (1.5s)
✔ [180/307] Built MultiVerso.Manifest (1.4s)
✔ [181/307] Built Verso.EnvExtension:c.o (284ms)
✔ [182/307] Built Verso.Doc.Helpers:c.o (222ms)
✔ [183/307] Built SubVerso.Helper.Netstring (1.3s)
✔ [184/307] Built MultiVerso.Method (1.5s)
✔ [185/307] Built Verso.Code.External.Env:c.o (143ms)
✔ [186/307] Built Verso.Doc.Elab.InlineString (604ms)
✔ [187/307] Built Verso.Doc.Suggestion.Basic:c.o (151ms)
✔ [188/307] Built Verso.Log:c.o (140ms)
✔ [189/307] Built Verso.Output.Html.Entities:c.o (914ms)
✔ [190/307] Built Verso.Hint:c.o (149ms)
✔ [191/307] Built Verso.Output.Html.CssVars (430ms)
✔ [192/322] Built Verso.SmartSuggestions:c.o (373ms)
✔ [193/322] Built Verso.Code.Highlighted.WebAssets (619ms)
✔ [194/322] Built Verso.Output.Html.ElasticLunr (520ms)
✔ [195/322] Built Verso.Instances.Deriving:c.o (713ms)
✔ [196/322] Built MultiVerso.InternalId:c.o (745ms)
✔ [197/322] Built Verso.Doc.Elab.InlineString:c.o (249ms)
✔ [198/322] Built SubVerso.Examples.Messages.NormalizeLineNum (1.5s)
✔ [199/322] Built SubVerso.Examples.Messages.NormalizeMetavars (1.4s)
✔ [200/322] Built Verso.Code.Highlighted.WebAssets:c.o (134ms)
✔ [201/322] Built Verso.Doc.PointOfInterest (819ms)
✔ [202/322] Built Verso.Output.Html.CssVars:c.o (187ms)
✔ [203/322] Built MD4Lean.Basic (1.9s)
✔ [204/322] Built Verso.Output.Html.ElasticLunr:c.o (182ms)
✔ [205/338] Built Verso.Doc.PointOfInterest:c.o (168ms)
✔ [206/338] Built SubVerso.Helper.Netstring:c.o (364ms)
✔ [207/338] Built Verso.BuildLog (1.1s)
✔ [208/338] Built Verso.Doc.Suggestion (774ms)
✔ [209/339] Built Verso.WithoutAsync (1.2s)
✔ [210/339] Built SubVerso.Examples.Messages.NormalizeMetavars:c.o (521ms)
✔ [211/339] Built VersoManual.Html.Basic:c.o (314ms)
✔ [212/339] Built MultiVerso.Method:c.o (987ms)
✔ [213/339] Built VersoManual.Html.CssFile:c.o (350ms)
✔ [214/419] Built VersoUtil.BinFiles.Z85 (3.3s)
✔ [215/419] Built Vir.Resources.Embed (1.1s)
✔ [216/419] Built MultiVerso.NameMap:c.o (1.2s)
✔ [217/419] Built Verso.WithoutAsync:c.o (156ms)
✔ [218/419] Built SubVerso.Examples.Messages.NormalizeLineNum:c.o (723ms)
✔ [219/419] Built Verso.Doc.Suggestion:c.o (252ms)
✔ [220/419] Built Verso.ExpectString (872ms)
✔ [221/419] Built VersoManual.LicenseInfo (681ms)
✔ [222/419] Built Verso.Instances (1.6s)
✔ [223/419] Built Verso.Code.External.Code (3.0s)
✔ [224/419] Built VersoUtil.BinFiles.Z85:c.o (423ms)
✔ [225/419] Built SubVerso.Examples.Messages (1.1s)
✔ [226/419] Built VersoManual.Ext (625ms)
✔ [227/419] Built Verso.ExpectString:c.o (232ms)
✔ [228/419] Built MultiVerso.Manifest:c.o (1.8s)
✔ [229/419] Built Verso.Doc.Elab.Basic (2.7s)
✔ [230/419] Built Verso.BuildLog:c.o (883ms)
✔ [231/419] Built SubVerso.Examples.Options (1.4s)
✔ [232/420] Built VersoUtil.Zip:c.o (2.1s)
✔ [233/420] Built SubVerso.Helper (1.7s)
✔ [234/420] Built Verso.FS (804ms)
✔ [235/420] Built VersoManual.TeX (685ms)
✔ [236/420] Built VersoManual.TeX.Config (693ms)
✔ [237/420] Built VersoManual.Html.Style (642ms)
✔ [238/421] Built Verso.Output.Html:c.o (2.7s)
✔ [239/421] Built VersoManual.Html.JsFile (1.2s)
✔ [240/421] Built VersoManual.Docstring.Config (610ms)
✔ [241/422] Built SubVerso.Examples.Options:c.o (207ms)
✔ [242/422] Built VersoManual.TeX:c.o (191ms)
✔ [243/422] Built VersoManual.Html.Style:c.o (135ms)
✔ [244/422] Built VersoManual.WebAssets (551ms)
✔ [245/422] Built VersoManual.Linters.Options (486ms)
✔ [246/423] Built MD4Lean.Basic:c.o (1.7s)
✔ [247/423] Built SubVerso.Examples.Messages:c.o (270ms)
✔ [248/423] Built VersoManual.Ext:c.o (327ms)
✔ [249/451] Built Verso.FS:c.o (309ms)
✔ [250/451] Built VersoManual.LicenseInfo:c.o (817ms)
✔ [251/451] Built VersoManual.Docstring.Config:c.o (193ms)
✔ [252/451] Built VersoManual.WebAssets:c.o (121ms)
✔ [253/451] Built VersoManual.Linters.Options:c.o (199ms)
✔ [256/486] Built VersoUtil.BinFiles (1.2s)
✔ [257/486] Built MD4Lean.Basic:dynlib (132ms)
✔ [258/486] Built VersoManual.LicenseInfo.Licenses (508ms)
✔ [259/486] Built VersoManual.TeX.Config:c.o (382ms)
✔ [260/486] Built VersoManual.InlineLean.IO.Context (704ms)
✔ [261/486] Built VersoManual.InlineLean.LongLines (646ms)
✔ [262/579] Built SubVerso.Examples (454ms)
✔ [263/579] Built VersoManual.LicenseInfo.Licenses:c.o (130ms)
✔ [264/579] Built VersoSearch.PorterStemmer (1.3s)
✔ [265/579] Built VersoManual.InlineLean.Scopes (790ms)
✔ [266/589] Built Verso.Instances:c.o (859ms)
✔ [267/589] Built SubVerso.Examples:c.o (172ms)
✔ [268/589] Built VersoManual.InlineLean.LongLines:c.o (327ms)
✔ [269/589] Built Illuminate.Geometry.Basic (391ms)
✔ [270/589] Built SubVerso.Helper:c.o (673ms)
✔ [271/589] Built VersoManual.InlineLean.IO.Context:c.o (321ms)
✔ [272/589] Built Illuminate.Geometry.Basic:c.o (127ms)
✔ [273/589] Built VersoUtil.BinFiles:c.o (520ms)
✔ [274/589] Built VersoUtil (476ms)
✔ [275/589] Built Verso.Doc:c.o (4.7s)
✔ [276/589] Built VersoManual.Html.JsFile:c.o (836ms)
✔ [277/589] Built VersoUtil:c.o (131ms)
✔ [278/589] Built Verso.Code.External.Code:c.o (1.1s)
✔ [279/589] Built MD4Lean.FFI (578ms)
✔ [280/589] Built VersoUtil:shared (104ms)
✔ [281/589] Built VersoManual.Docstring.PrettyPrint (1.7s)
✔ [282/589] Built Illuminate.Animation.Types (763ms)
✔ [283/589] Built Vir.Resources.Site (584ms)
✔ [284/589] Built MD4Lean.FFI:c.o (193ms)
✔ [285/589] Built MD4Lean.FFI:dynlib (89ms)
✔ [286/589] Built VersoSearch.PorterStemmer:c.o (786ms)
✔ [287/589] Built VersoManual.InlineLean.Scopes:c.o (681ms)
✔ [288/589] Built Illuminate.Geometry.Types (856ms)
✔ [289/589] Built Illuminate.Animation.Easing (454ms)
✔ [290/589] Built Verso.Doc.Elab.Basic:c.o (1.4s)
✔ [291/589] Built Illuminate.Animation.Easing:c.o (150ms)
✔ [292/589] Built Illuminate.Animation.Animate (437ms)
✔ [293/589] Built Vir.Resources (365ms)
✔ [294/589] Built Illuminate.Geometry.Point (443ms)
✔ [295/589] Built Illuminate.Animation.Types:c.o (510ms)
✔ [296/589] Built MD4Lean (491ms)
✔ [297/589] Built VersoLiterate.Config (1.5s)
✔ [298/589] Built Illuminate.Geometry.Vec2 (494ms)
✔ [299/589] Built Illuminate.Geometry.Matrix (539ms)
✔ [300/589] Built Illuminate.Animation.Render (604ms)
✔ [301/589] Built Illuminate.Geometry.Types:c.o (571ms)
✔ [302/589] Built Verso.Output.Html.KaTeX (723ms)
✔ [303/589] Built MD4Lean:c.o (108ms)
✔ [304/589] Built Illuminate.Style.Arrow (579ms)
✔ [305/589] Built Illuminate.Geometry.Point:c.o (149ms)
✔ [306/589] Built Illuminate.Animation.Animate:c.o (226ms)
✔ [307/589] Built VersoSlides.ImageWidget (1.1s)
✔ [308/589] Built MD4Lean:shared (74ms)
✔ [309/589] Built Illuminate.Geometry.PathData (737ms)
✔ [310/589] Built Illuminate.Geometry.Vec2:c.o (243ms)
✔ [311/589] Built VersoSlides.SlideCode.CommentParsers (1.4s)
✔ [312/589] Built SubVerso.Signature (1.9s)
✔ [313/589] Built VersoManual.Docstring.PrettyPrint:c.o (955ms)
✔ [314/589] Built Illuminate.Geometry.Matrix:c.o (241ms)
✔ [315/589] Built Illuminate.Style.Arrow:c.o (260ms)
✔ [316/589] Built Verso.Output.Html.KaTeX:c.o (381ms)
✔ [317/589] Built Illuminate.Animation.Render:c.o (480ms)
✔ [318/589] Built Illuminate.Geometry.Envelope (640ms)
✔ [319/589] Built Illuminate.Geometry.PathData:c.o (385ms)
✔ [320/589] Built Illuminate.Geometry.Envelope:c.o (318ms)
✔ [321/589] Built SubVerso (694ms)
✔ [322/589] Built SubVerso:c.o (96ms)
✔ [323/589] Built Illuminate.Style.Types (1.3s)
✔ [324/589] Built Verso.Code.External.Files (1.3s)
✔ [325/589] Built Illuminate.Animation.Morph.CubicSeg (1.3s)
✔ [326/589] Built Illuminate.Render.DrawCmd (442ms)
✔ [327/589] Built Illuminate.Animation.Interpolate (460ms)
✔ [328/589] Built SubVerso.Signature:c.o (1.5s)
✔ [329/589] Built Illuminate.Style.Stroke (494ms)
✔ [330/589] Built SubVerso:shared (141ms)
✔ [331/589] Built Illuminate.Style.Text (610ms)
✔ [332/589] Built Illuminate.Style.Stroke:c.o (150ms)
✔ [333/589] Built Illuminate.Render.DrawCmd:c.o (198ms)
✔ [334/589] Built Illuminate.Animation.Interpolate:c.o (185ms)
✔ [335/589] Built VersoSlides.SlideCode (1.7s)
✔ [336/589] Built Illuminate.Geometry.Trace (1.8s)
✔ [337/589] Built Illuminate.Style.Text:c.o (299ms)
✔ [338/589] Built Illuminate.Geometry (330ms)
✔ [339/589] Built Illuminate.Style.Color (1.2s)
✔ [340/589] Built Illuminate.Style.Types:c.o (1.1s)
✔ [341/589] Built Verso.Code.External.Files:c.o (1.1s)
✔ [342/589] Built VersoLiterate.Config:c.o (2.5s)
✔ [343/589] Built Illuminate.Geometry:c.o (111ms)
✔ [344/589] Built Illuminate.Animation.Morph.CubicSeg:c.o (1.1s)
✔ [345/589] Built VersoSlides.SlideCode.Export (919ms)
✔ [346/589] Built Illuminate.Diagram.Types (983ms)
✔ [347/589] Built Illuminate.Animation.Morph.Style (628ms)
✔ [348/589] Built Illuminate.Style.ColorWidget (762ms)
✔ [349/589] Built Illuminate.Geometry.Trace:c.o (1.3s)
✔ [350/589] Built Illuminate.Render.Svg (1.7s)
✔ [351/589] Built Illuminate.Animation.Effects (412ms)
✔ [352/589] Built Illuminate.Style.Color:c.o (1.1s)
✔ [353/589] Built Illuminate.Style (456ms)
✔ [354/589] Built Illuminate.Animation.Morph.Types (604ms)
✔ [355/589] Built Illuminate.Animation.Effects:c.o (155ms)
✔ [356/589] Built Illuminate.Render (307ms)
✔ [357/589] Built Illuminate.Backend.SVG (391ms)
✔ [358/589] Built Illuminate.Diagram.Types:c.o (718ms)
✔ [359/589] Built Illuminate.Animation.Morph.Style:c.o (600ms)
✔ [360/589] Built Illuminate.Diagram.Basic (847ms)
✔ [361/589] Built Illuminate.Style:c.o (108ms)
✔ [362/589] Built Illuminate.Render:c.o (94ms)
✔ [363/589] Built Illuminate.Animation.Morph.Types:c.o (195ms)
✔ [364/589] Built Illuminate.Backend.SVG:c.o (123ms)
✔ [365/589] Built Illuminate.Animation.Morph.Evaluate (471ms)
✔ [366/589] Built Illuminate.Style.ColorWidget:c.o (919ms)
✔ [367/589] Built Illuminate.Diagram.Basic:c.o (502ms)
✔ [368/589] Built Illuminate.Animation.Morph.Evaluate:c.o (242ms)
✔ [369/589] Built Illuminate.Shapes.Arrows (626ms)
✔ [370/589] Built Illuminate.Render.Svg:c.o (1.2s)
✔ [371/589] Built MultiVerso.Slug (8.1s)
✔ [372/589] Built Illuminate.Shapes.Arrows:c.o (227ms)
✔ [373/589] Built MultiVerso.Link (400ms)
✔ [374/589] Built MultiVerso.Link:c.o (386ms)
✔ [375/589] Built Illuminate.Diagram.Placement (2.3s)
✔ [376/589] Built MultiVerso.Slug:c.o (1.7s)
✔ [377/589] Built Illuminate.Diagram.Paper (674ms)
✔ [378/589] Built Illuminate.Diagram.CurlyBrace (717ms)
✔ [379/589] Built Illuminate.Diagram.HitTest (693ms)
✔ [380/589] Built Illuminate.Animation.Filmstrip (702ms)
✔ [381/589] Built Illuminate.Shapes.Decorative (709ms)
✔ [382/589] Built Illuminate.Shapes.Flowchart (817ms)
✔ [383/589] Built Illuminate.Shapes.Operators (796ms)
✔ [384/589] Built Illuminate.Diagram.Paper:c.o (181ms)
✔ [385/589] Built Illuminate.Diagram.CurlyBrace:c.o (199ms)
✔ [386/589] Built Illuminate.Shapes.Bubbles (1.0s)
✔ [387/589] Built Illuminate.Diagram.HitTest:c.o (308ms)
✔ [388/589] Built MultiVerso (2.3s)
✔ [389/589] Built Illuminate.Shapes.Flowchart:c.o (291ms)
✔ [390/589] Built Illuminate.Shapes.Decorative:c.o (385ms)
✔ [391/589] Built Illuminate.Shapes.Operators:c.o (347ms)
✔ [392/589] Built Illuminate.Diagram.Arrow (1.3s)
✔ [393/589] Built Illuminate.Animation.Morph.Prepare (1.4s)
✔ [394/589] Built Illuminate.Shapes (310ms)
✔ [395/589] Built Illuminate.Animation.Filmstrip:c.o (647ms)
✔ [396/589] Built Illuminate.Shapes:c.o (98ms)
✔ [397/589] Built Illuminate.Shapes.Bubbles:c.o (502ms)
✔ [398/589] Built Illuminate.Animation.Morph (397ms)
✔ [399/589] Built Illuminate.DSL.StateDiagram (584ms)
✔ [400/589] Built Illuminate.Animation.Morph:c.o (103ms)
✔ [401/589] Built Vir.Resources.Runtime (10s)
✔ [402/589] Built Illuminate.Diagram.Compile (789ms)
✔ [403/589] Built Illuminate.Diagram.Arrow:c.o (704ms)
✔ [404/589] Built Illuminate.DSL.StateDiagram:c.o (301ms)
✔ [405/589] Built Illuminate.Diagram.Placement:c.o (2.4s)
✔ [406/589] Built Illuminate.DSL.CommDiag (1.1s)
✔ [407/589] Built Illuminate.Diagram.Validate (435ms)
✔ [408/589] Built Illuminate.Diagram.Compile:c.o (459ms)
✔ [409/589] Built Vir.Resources.Assets (811ms)
✔ [410/589] Built Illuminate.DSL (399ms)
✔ [411/589] Built Illuminate.Diagram.Validate:c.o (293ms)
✔ [412/589] Built Illuminate.Animation.Morph.Prepare:c.o (1.5s)
✔ [413/589] Built Illuminate.DSL:c.o (92ms)
✔ [414/589] Built Illuminate.Diagram.TreeLayout (1.9s)
✔ [415/589] Built Illuminate.DSL.CommDiag:c.o (809ms)
✔ [416/589] Built Illuminate.Diagram (307ms)
✔ [417/589] Built Illuminate.Diagram:c.o (92ms)
✔ [418/589] Built Illuminate.Animation.Compile (2.1s)
✔ [419/589] Built Illuminate.Diagram.TreeLayout:c.o (1.1s)
✔ [420/589] Built Illuminate.Widget (2.1s)
✔ [421/589] Built MultiVerso:c.o (4.1s)
✔ [422/589] Built Illuminate.Animation.Widget (561ms)
✔ [423/589] Built MultiVerso:shared (61ms)
✔ [424/589] Built Illuminate.Animation.Widget:c.o (213ms)
✔ [425/589] Built Illuminate.Animation (355ms)
✔ [426/589] Built Illuminate.Animation:c.o (102ms)
✔ [427/589] Built Verso.Method (391ms)
✔ [428/589] Built Verso.Method:c.o (101ms)
✔ [429/589] Built Illuminate (436ms)
✔ [430/589] Built Illuminate:c.o (87ms)
✔ [431/589] Built Illuminate.Animation.Compile:c.o (2.5s)
✔ [432/589] Built Verso.Output.TeX (1.6s)
✔ [433/589] Built Verso.Output (362ms)
✔ [434/589] Built Verso.SyntaxUtils (1.6s)
✔ [435/589] Built Verso.Output:c.o (93ms)
✔ [436/589] Built Verso.Output.TeX:c.o (1.2s)
✔ [437/589] Built Verso.Doc.TeX (1.1s)
✔ [438/589] Built Illuminate.Widget:c.o (3.6s)
✔ [439/589] Built Illuminate:shared (84ms)
✔ [440/589] Built Verso.Doc.TeX:c.o (894ms)
✔ [441/589] Built Verso.SyntaxUtils:c.o (1.8s)
✔ [442/589] Built Verso.Parser (2.4s)
✔ [443/589] Built Verso.Code.Highlighted (3.1s)
✔ [444/589] Built Verso.Linters (742ms)
✔ [445/589] Built Verso.Doc.Html (1.0s)
✔ [446/589] Built Verso.Code.HighlightedToTex (1.2s)
✔ [447/589] Built Verso.Code.HighlightedToTex:c.o (464ms)
✔ [448/589] Built Verso.Linters:c.o (1.1s)
✔ [449/589] Built Verso.Doc.Html:c.o (678ms)
✔ [450/589] Built Verso.Parser:c.o (2.7s)
✔ [451/589] Built Verso.Code.Highlighted:c.o (2.8s)
✔ [452/589] Built Verso.Doc.ArgParse (3.3s)
✔ [453/589] Built Verso.Code.External.Config (798ms)
✔ [454/589] Built Verso.Code.External.Config:c.o (354ms)
✔ [455/589] Built Verso.Doc.ArgParse:c.o (3.2s)
✔ [456/589] Built Verso.Doc.Elab.Monad (4.8s)
✔ [457/589] Built Verso.Doc.Concrete.Environment (812ms)
✔ [458/589] Built Verso.Doc.Elab.Inline (963ms)
✔ [459/589] Built Verso.Doc.Concrete.Environment:c.o (112ms)
✔ [460/589] Built Verso.Doc.Elab.ExtensionResolution (1.2s)
✔ [461/589] Built Verso.Doc.Elab.Block (1.1s)
✔ [462/589] Built Verso.Doc.Elab.Inline:c.o (1.4s)
✔ [463/589] Built Verso.Doc.Elab.ExtensionResolution:c.o (1.8s)
✔ [464/589] Built Verso.Doc.Elab.Block:c.o (1.4s)
✔ [465/589] Built Verso.Doc.Lsp (2.8s)
✔ [466/589] Built Verso.Doc.Elab (2.6s)
✔ [467/589] Built Verso.Doc.Concrete.InlineString (1.1s)
✔ [468/589] Built Verso.Doc.Concrete.InlineString:c.o (461ms)
✔ [469/589] Built Verso.Doc.Elab.Monad:c.o (8.3s)
✔ [470/589] Built Verso.Doc.Lsp:c.o (4.7s)
✔ [471/589] Built Verso.Doc.Concrete (2.4s)
✔ [472/589] Built Verso.Doc.Elab:c.o (4.1s)
✔ [473/589] Built Verso.Code.External (5.2s)
✔ [474/589] Built Verso.Doc.Concrete:c.o (1.9s)
✔ [475/589] Built Verso.Code (544ms)
✔ [476/589] Built Verso.Code:c.o (77ms)
✔ [477/589] Built Verso (645ms)
✔ [478/589] Built Verso:c.o (97ms)
✔ [479/619] Built verso/Verso.Code.External:highlighted (6.1s)
✔ [481/620] Built Vir.BinaryLiteral.ToExpr:c.o (122ms)
✔ [482/620] Built Vir.Resources:c.o (163ms)
✔ [483/620] Built VersoSlides.ImgSrc:c.o (249ms)
✔ [484/620] Built Vir.Resources.Runtime:c.o (207ms)
✔ [485/620] Built Vir.BinaryLiteral:c.o (355ms)
✔ [486/620] Built Vir.Resources.Site:c.o (341ms)
✔ [487/620] Built VersoSlides.ImageWidget:c.o (370ms)
✔ [488/620] Built Vir.Resources.Embed:c.o (440ms)
✔ [489/620] Built Vir.Resources.Assets:c.o (424ms)
✔ [490/620] Built VersoSlides.Pretty:c.o (582ms)
✔ [491/620] Built VersoSlides.SlideCode.CommentParsers:c.o (863ms)
✔ [492/620] Built VersoSlides.SlideCode.Export:c.o (1.1s)
✔ [493/620] Built VersoSlides.SlideCode:c.o (2.7s)
✔ [494/620] Built Verso.Code.External:c.o (10s)
✔ [495/620] Built Verso:shared (88ms)
✔ [496/620] Built VersoManual.Html.DataFile (472ms)
✔ [497/620] Built VersoManual.Html.SoftHyphenate (502ms)
✔ [498/620] Built VersoManual.Docstring.Basic (534ms)
✔ [499/620] Built VersoManual.Html.DataFile:c.o (256ms)
✔ [500/620] Built VersoManual.Docstring.Basic:c.o (234ms)
✔ [501/620] Built VersoManual.Html.SoftHyphenate:c.o (343ms)
✔ [502/620] Built VersoManual.Html.Hoist (989ms)
✔ [503/620] Built VersoManual.InlineLean.Outputs (1.0s)
✔ [504/620] Built VersoSearch.DomainSearch (1.1s)
✔ [505/620] Built VersoManual.Linters (1.2s)
✔ [506/620] Built VersoManual.InlineLean.Outputs:c.o (200ms)
✔ [507/620] Built VersoIlluminate (1.5s)
✔ [508/620] Built VersoSlides.SlideCode.Render (1.6s)
✔ [509/620] Built VersoManual.Docstring.DocName (1.2s)
✔ [510/620] Built VersoManual.Html.Hoist:c.o (1.0s)
✔ [511/620] Built VersoManual.Html.Features (1.6s)
✔ [512/620] Built VersoManual.Linters:c.o (945ms)
✔ [513/620] Built VersoSlides.SlideCode.Render:c.o (573ms)
✔ [514/620] Built VersoLiterate.Basic (2.3s)
✔ [515/620] Built VersoSearch.DomainSearch:c.o (1.4s)
✔ [516/620] Built VersoManual.Html.Config (571ms)
✔ [517/620] Built VersoManual.Html.Config:c.o (324ms)
✔ [518/620] Built VersoSearch (2.5s)
✔ [519/620] Built VersoIlluminate:c.o (2.4s)
✔ [520/620] Built VersoIlluminate:shared (58ms)
✔ [521/620] Built VersoManual.Html.Features:c.o (2.1s)
✔ [522/620] Built VersoManual.Docstring.DocName:c.o (2.6s)
✔ [523/620] Built VersoLiterate.Basic:c.o (2.6s)
✔ [524/620] Built VersoLiterate.Exported (2.9s)
✔ [525/620] Built VersoLiterate.Module (879ms)
✔ [526/620] Built VersoLiterate.Module:c.o (360ms)
✔ [527/620] Built VersoSearch:c.o (3.6s)
✔ [528/620] Built VersoSearch:shared (53ms)
✔ [529/620] Built VersoLiterate.Search (584ms)
✔ [530/620] Built VersoLiterate.Search:c.o (80ms)
✔ [531/620] Built VersoLiterate (630ms)
✔ [532/620] Built VersoLiterate:c.o (78ms)
✔ [533/620] Built VersoLiterate.Exported:c.o (4.2s)
✔ [534/620] Built VersoLiterate:shared (57ms)
✔ [535/620] Built VersoManual.Basic (5.0s)
✔ [536/620] Built VersoManual.Glossary.Norm (1.3s)
✔ [537/620] Built VersoManual.WordCount (1.2s)
✔ [538/620] Built VersoManual.License (1.5s)
✔ [539/620] Built VersoManual.Glossary.Norm:c.o (444ms)
✔ [540/620] Built VersoManual.WordCount:c.o (609ms)
✔ [541/620] Built VersoManual.Row (1.0s)
✔ [542/620] Built VersoManual.Diagrams (2.1s)
✔ [543/620] Built VersoManual.Draft (2.2s)
✔ [544/620] Built VersoManual.LocalContents (2.2s)
✔ [545/620] Built VersoManual.Marginalia (2.4s)
✔ [546/620] Built VersoManual.Html (2.6s)
✔ [547/620] Built VersoManual.Markdown (2.8s)
✔ [548/620] Built VersoManual.HighlightedCode (1.3s)
✔ [549/620] Built VersoManual.Table (3.4s)
✔ [550/620] Built VersoManual.HighlightedCode:c.o (633ms)
✔ [551/620] Built VersoManual.InlineLean.Block (1.7s)
✔ [552/620] Built VersoManual.LocalContents:c.o (2.8s)
✔ [553/620] Built VersoManual.InlineLean.Option (2.0s)
✔ [554/620] Built VersoManual.License:c.o (3.6s)
✔ [555/620] Built VersoManual.Html:c.o (2.6s)
✔ [556/620] Built VersoManual.Index (5.3s)
✔ [557/620] Built VersoManual.Row:c.o (3.6s)
✔ [558/620] Built VersoManual.Glossary (4.5s)
✔ [559/620] Built VersoManual.ExternalLean (3.1s)
✔ [560/620] Built VersoManual.Markdown:c.o (3.1s)
✔ [561/620] Built VersoManual.InlineLean.Block:c.o (1.6s)
✔ [562/620] Built VersoManual.InlineLean.SyntaxError (3.3s)
✔ [563/620] Built VersoManual.InlineLean.Signature (3.4s)
✔ [564/620] Built VersoManual.Diagrams:c.o (4.0s)
✔ [565/620] Built VersoManual.Draft:c.o (4.0s)
✔ [566/620] Built VersoManual.Docstring.Progress (6.8s)
✔ [567/620] Built VersoManual.Marginalia:c.o (4.4s)
✔ [568/620] Built VersoManual.Imports (1.8s)
✔ [569/620] Built VersoManual.InlineLean.IO (3.7s)
✔ [570/620] Built VersoManual.Bibliography (5.9s)
✔ [571/620] Built VersoManual.ExternalLean:c.o (2.6s)
✔ [572/620] Built VersoManual.InlineLean.Option:c.o (3.6s)
✔ [573/620] Built VersoManual.Literate (3.3s)
✔ [574/620] Built VersoManual.Table:c.o (5.9s)
✔ [575/620] Built VersoManual.InlineLean.SyntaxError:c.o (4.0s)
✔ [576/620] Built VersoManual.InlineLean.Signature:c.o (4.2s)
✔ [577/620] Built VersoManual.Imports:c.o (3.2s)
✔ [578/620] Built VersoManual.Glossary:c.o (5.2s)
✔ [579/620] Built VersoManual.Docstring.Progress:c.o (5.7s)
✔ [580/620] Built VersoManual.Index:c.o (7.8s)
✔ [581/620] Built VersoManual.Basic:c.o (13s)
✔ [582/620] Built VersoManual.InlineLean.IO:c.o (6.2s)
✔ [583/620] Built VersoManual.InlineLean (6.5s)
✔ [584/620] Built VersoManual.Literate:c.o (5.6s)
✔ [585/620] Built VersoManual.Bibliography:c.o (8.3s)
✔ [586/620] Built VersoManual.Docstring (10s)
✔ [587/620] Built VersoManual (7.3s)
✔ [588/620] Built VersoManual.InlineLean:c.o (10s)
✔ [589/620] Built VersoManual.Docstring:c.o (16s)
✔ [590/620] Built VersoManual:c.o (15s)
✔ [591/620] Built VersoManual:shared (107ms)
✔ [592/620] Built VersoSlidesVendored (1.5s)
✔ [593/620] Built VersoSlidesVendored:c.o (479ms)
✔ [594/620] Built VersoSlides.Basic (2.4s)
✔ [595/620] Built VersoSlides.Attributes (816ms)
✔ [596/620] Built VersoSlides.Attributes:c.o (196ms)
✔ [597/620] Built VersoSlides.OtherLanguages (1.1s)
✔ [598/620] Built VersoSlides.Diagram (1.3s)
✔ [599/620] Built VersoSlides.Directives (2.3s)
✔ [600/620] Built VersoSlides.Animate (1.4s)
✔ [601/620] Built VersoSlides.OtherLanguages:c.o (1.6s)
✔ [602/620] Built VersoSlides.Basic:c.o (2.8s)
✔ [603/620] Built VersoSlides.InlineLean (2.9s)
✔ [604/620] Built VersoSlides.Render (2.6s)
✔ [605/620] Built VersoSlides.Diagram:c.o (2.0s)
✔ [606/620] Built VersoSlides.Animate:c.o (1.8s)
✔ [607/620] Built VersoSlides.Directives:c.o (3.5s)
✔ [608/620] Built VersoSlides.ModuleExample (3.3s)
✔ [609/620] Built VersoSlides.Render:c.o (2.9s)
✔ [610/620] Built VersoSlides.InlineLean:c.o (4.7s)
✔ [611/620] Built VersoSlides.LibModule (2.9s)
✔ [612/620] Built VersoSlides (606ms)
✔ [613/620] Built VersoSlides:c.o (74ms)
✔ [614/620] Built VersoSlides.ModuleExample:c.o (4.8s)
✔ [615/620] Built VersoSlides.LibModule:c.o (3.1s)
⚠ [616/620] Built Demo (11s)
warning: Demo.lean: missing `module` header as required by the `requiresModuleSystem` option
warning: Demo.lean: missing `module` header as required by the `requiresModuleSystem` option
✔ [617/620] Built Demo:c.o (850ms)
⚠ [618/620] Built Main (891ms)
warning: Main.lean: missing `module` header as required by the `requiresModuleSystem` option
warning: Main.lean: missing `module` header as required by the `requiresModuleSystem` option
✔ [619/620] Built Main:c.o (64ms)
✔ [620/620] Built «demo-slides»:exe (436ms)
Build completed successfully (620 jobs).
